Archive member included because of file (symbol)

.\CortexM3\ARM_GCC_473\Debug\Design01.a(cyfitter_cfg.o)
                              .\CortexM3\ARM_GCC_473\Debug\Cm3Start.o (cyfitter_cfg)
.\CortexM3\ARM_GCC_473\Debug\Design01.a(B_LED.o)
                              .\CortexM3\ARM_GCC_473\Debug\main.o (B_LED_Write)
.\CortexM3\ARM_GCC_473\Debug\Design01.a(R_LED.o)
                              .\CortexM3\ARM_GCC_473\Debug\main.o (R_LED_Write)
.\CortexM3\ARM_GCC_473\Debug\Design01.a(CyBootAsmGnu.o)
                              .\CortexM3\ARM_GCC_473\Debug\Design01.a(cyfitter_cfg.o) (CyDelayCycles)
.\CortexM3\ARM_GCC_473\Debug\Design01.a(CyLib.o)
                              .\CortexM3\ARM_GCC_473\Debug\Cm3Start.o (CyResetStatus)
.\CortexM3\ARM_GCC_473\Debug\Design01.a(cyPm.o)
                              .\CortexM3\ARM_GCC_473\Debug\Design01.a(CyLib.o) (CyPmReadStatus)
.\CortexM3\ARM_GCC_473\Debug\Design01.a(PWM_1.o)
                              .\CortexM3\ARM_GCC_473\Debug\main.o (PWM_1_Start)
.\CortexM3\ARM_GCC_473\Debug\Design01.a(I2C_2.o)
                              .\CortexM3\ARM_GCC_473\Debug\main.o (I2C_2_Start)
.\CortexM3\ARM_GCC_473\Debug\Design01.a(I2C_2_INT.o)
                              .\CortexM3\ARM_GCC_473\Debug\Design01.a(I2C_2.o) (I2C_2_ISR)
.\CortexM3\ARM_GCC_473\Debug\Design01.a(I2C_2_MASTER.o)
                              .\CortexM3\ARM_GCC_473\Debug\Design01.a(I2C_2_INT.o) (I2C_2_mstrStatus)
.\CortexM3\ARM_GCC_473\Debug\Design01.a(Enable2.o)
                              .\CortexM3\ARM_GCC_473\Debug\main.o (Enable2_Write)
.\CortexM3\ARM_GCC_473\Debug\Design01.a(UART_1.o)
                              .\CortexM3\ARM_GCC_473\Debug\main.o (UART_1_ReadRxData)
.\CortexM3\ARM_GCC_473\Debug\Design01.a(isr_1.o)
                              .\CortexM3\ARM_GCC_473\Debug\main.o (isr_1_Enable)
.\CortexM3\ARM_GCC_473\Debug\Design01.a(UART_1_IntClock.o)
                              .\CortexM3\ARM_GCC_473\Debug\Design01.a(UART_1.o) (UART_1_IntClock_Start)
.\CortexM3\ARM_GCC_473\Debug\Design01.a(CyFlash.o)
                              .\CortexM3\ARM_GCC_473\Debug\Design01.a(cyPm.o) (CyFlash_SetWaitCycles)
.\CortexM3\ARM_GCC_473\Debug\Design01.a(CySpc.o)
                              .\CortexM3\ARM_GCC_473\Debug\Design01.a(CyFlash.o) (CySpcStart)
c:/program files (x86)/cypress/psoc creator/3.0/psoc creator/import/gnu_cs/arm/4.7.3/bin/../lib/gcc/arm-none-eabi/4.7.3/../../../../arm-none-eabi/lib/armv7-m\libc_s.a(lib_a-__atexit2.o)
                              c:/program files (x86)/cypress/psoc creator/3.0/psoc creator/import/gnu_cs/arm/4.7.3/bin/../lib/gcc/arm-none-eabi/4.7.3/../../../../arm-none-eabi/lib/armv7-m/crt0.o (__register_exitproc)
c:/program files (x86)/cypress/psoc creator/3.0/psoc creator/import/gnu_cs/arm/4.7.3/bin/../lib/gcc/arm-none-eabi/4.7.3/../../../../arm-none-eabi/lib/armv7-m\libc_s.a(lib_a-exit.o)
                              c:/program files (x86)/cypress/psoc creator/3.0/psoc creator/import/gnu_cs/arm/4.7.3/bin/../lib/gcc/arm-none-eabi/4.7.3/../../../../arm-none-eabi/lib/armv7-m/crt0.o (exit)
c:/program files (x86)/cypress/psoc creator/3.0/psoc creator/import/gnu_cs/arm/4.7.3/bin/../lib/gcc/arm-none-eabi/4.7.3/../../../../arm-none-eabi/lib/armv7-m\libc_s.a(lib_a-fini.o)
                              c:/program files (x86)/cypress/psoc creator/3.0/psoc creator/import/gnu_cs/arm/4.7.3/bin/../lib/gcc/arm-none-eabi/4.7.3/../../../../arm-none-eabi/lib/armv7-m/crt0.o (__libc_fini_array)
c:/program files (x86)/cypress/psoc creator/3.0/psoc creator/import/gnu_cs/arm/4.7.3/bin/../lib/gcc/arm-none-eabi/4.7.3/../../../../arm-none-eabi/lib/armv7-m\libc_s.a(lib_a-impure.o)
                              c:/program files (x86)/cypress/psoc creator/3.0/psoc creator/import/gnu_cs/arm/4.7.3/bin/../lib/gcc/arm-none-eabi/4.7.3/../../../../arm-none-eabi/lib/armv7-m\libc_s.a(lib_a-exit.o) (_global_impure_ptr)
c:/program files (x86)/cypress/psoc creator/3.0/psoc creator/import/gnu_cs/arm/4.7.3/bin/../lib/gcc/arm-none-eabi/4.7.3/../../../../arm-none-eabi/lib/armv7-m\libc_s.a(lib_a-init.o)
                              c:/program files (x86)/cypress/psoc creator/3.0/psoc creator/import/gnu_cs/arm/4.7.3/bin/../lib/gcc/arm-none-eabi/4.7.3/../../../../arm-none-eabi/lib/armv7-m/crt0.o (__libc_init_array)
c:/program files (x86)/cypress/psoc creator/3.0/psoc creator/import/gnu_cs/arm/4.7.3/bin/../lib/gcc/arm-none-eabi/4.7.3/../../../../arm-none-eabi/lib/armv7-m\libc_s.a(lib_a-memcpy.o)
                              .\CortexM3\ARM_GCC_473\Debug\Design01.a(cyfitter_cfg.o) (memcpy)
c:/program files (x86)/cypress/psoc creator/3.0/psoc creator/import/gnu_cs/arm/4.7.3/bin/../lib/gcc/arm-none-eabi/4.7.3/../../../../arm-none-eabi/lib/armv7-m\libc_s.a(lib_a-memset.o)
                              c:/program files (x86)/cypress/psoc creator/3.0/psoc creator/import/gnu_cs/arm/4.7.3/bin/../lib/gcc/arm-none-eabi/4.7.3/../../../../arm-none-eabi/lib/armv7-m/crt0.o (memset)

Allocating common symbols
Common symbol       size              file

astic               0x4               .\CortexM3\ARM_GCC_473\Debug\main.o
I2C_2_mstrRdBufPtr  0x4               .\CortexM3\ARM_GCC_473\Debug\Design01.a(I2C_2_MASTER.o)
I2C_2_mstrControl   0x1               .\CortexM3\ARM_GCC_473\Debug\Design01.a(I2C_2_MASTER.o)
I2C_2_mstrWrBufIndex
                    0x1               .\CortexM3\ARM_GCC_473\Debug\Design01.a(I2C_2_MASTER.o)
I2C_2_mstrRdBufSize
                    0x1               .\CortexM3\ARM_GCC_473\Debug\Design01.a(I2C_2_MASTER.o)
I2C_2_mstrStatus    0x1               .\CortexM3\ARM_GCC_473\Debug\Design01.a(I2C_2_MASTER.o)
mode                0x1               .\CortexM3\ARM_GCC_473\Debug\main.o
num                 0x11              .\CortexM3\ARM_GCC_473\Debug\main.o
sum1                0x1               .\CortexM3\ARM_GCC_473\Debug\main.o
CheckSum            0x1               .\CortexM3\ARM_GCC_473\Debug\main.o
I2C_2_mstrWrBufSize
                    0x1               .\CortexM3\ARM_GCC_473\Debug\Design01.a(I2C_2_MASTER.o)
I2C_2_mstrWrBufPtr  0x4               .\CortexM3\ARM_GCC_473\Debug\Design01.a(I2C_2_MASTER.o)
ButtonStatus2       0x1               .\CortexM3\ARM_GCC_473\Debug\main.o
I2C_2_mstrRdBufIndex
                    0x1               .\CortexM3\ARM_GCC_473\Debug\Design01.a(I2C_2_MASTER.o)
I2C_2_state         0x1               .\CortexM3\ARM_GCC_473\Debug\Design01.a(I2C_2.o)
ButtonStatus1       0x1               .\CortexM3\ARM_GCC_473\Debug\main.o
dieTemperature      0x2               .\CortexM3\ARM_GCC_473\Debug\Design01.a(CyFlash.o)

Discarded input sections

 .text          0x00000000        0x0 c:/program files (x86)/cypress/psoc creator/3.0/psoc creator/import/gnu_cs/arm/4.7.3/bin/../lib/gcc/arm-none-eabi/4.7.3/armv7-m/crti.o
 .data          0x00000000        0x0 c:/program files (x86)/cypress/psoc creator/3.0/psoc creator/import/gnu_cs/arm/4.7.3/bin/../lib/gcc/arm-none-eabi/4.7.3/armv7-m/crti.o
 .bss           0x00000000        0x0 c:/program files (x86)/cypress/psoc creator/3.0/psoc creator/import/gnu_cs/arm/4.7.3/bin/../lib/gcc/arm-none-eabi/4.7.3/armv7-m/crti.o
 .data          0x00000000        0x4 c:/program files (x86)/cypress/psoc creator/3.0/psoc creator/import/gnu_cs/arm/4.7.3/bin/../lib/gcc/arm-none-eabi/4.7.3/armv7-m/crtbegin.o
 .text          0x00000000       0x70 c:/program files (x86)/cypress/psoc creator/3.0/psoc creator/import/gnu_cs/arm/4.7.3/bin/../lib/gcc/arm-none-eabi/4.7.3/../../../../arm-none-eabi/lib/armv7-m/crt0.o
 .data          0x00000000        0x0 c:/program files (x86)/cypress/psoc creator/3.0/psoc creator/import/gnu_cs/arm/4.7.3/bin/../lib/gcc/arm-none-eabi/4.7.3/../../../../arm-none-eabi/lib/armv7-m/crt0.o
 .bss           0x00000000        0x0 c:/program files (x86)/cypress/psoc creator/3.0/psoc creator/import/gnu_cs/arm/4.7.3/bin/../lib/gcc/arm-none-eabi/4.7.3/../../../../arm-none-eabi/lib/armv7-m/crt0.o
 .ARM.extab     0x00000000        0x0 c:/program files (x86)/cypress/psoc creator/3.0/psoc creator/import/gnu_cs/arm/4.7.3/bin/../lib/gcc/arm-none-eabi/4.7.3/../../../../arm-none-eabi/lib/armv7-m/crt0.o
 .ARM.exidx     0x00000000        0x8 c:/program files (x86)/cypress/psoc creator/3.0/psoc creator/import/gnu_cs/arm/4.7.3/bin/../lib/gcc/arm-none-eabi/4.7.3/../../../../arm-none-eabi/lib/armv7-m/crt0.o
 .text          0x00000000        0x0 .\CortexM3\ARM_GCC_473\Debug\main.o
 .data          0x00000000        0x0 .\CortexM3\ARM_GCC_473\Debug\main.o
 .bss           0x00000000        0x0 .\CortexM3\ARM_GCC_473\Debug\main.o
 .text.B_LED_OFF
                0x00000000       0x10 .\CortexM3\ARM_GCC_473\Debug\main.o
 .text          0x00000000        0x0 .\CortexM3\ARM_GCC_473\Debug\cymetadata.o
 .data          0x00000000        0x0 .\CortexM3\ARM_GCC_473\Debug\cymetadata.o
 .bss           0x00000000        0x0 .\CortexM3\ARM_GCC_473\Debug\cymetadata.o
 .text          0x00000000        0x0 .\CortexM3\ARM_GCC_473\Debug\Cm3Start.o
 .data          0x00000000        0x0 .\CortexM3\ARM_GCC_473\Debug\Cm3Start.o
 .bss           0x00000000        0x0 .\CortexM3\ARM_GCC_473\Debug\Cm3Start.o
 .text._exit    0x00000000       0x30 .\CortexM3\ARM_GCC_473\Debug\Cm3Start.o
 .text          0x00000000        0x0 .\CortexM3\ARM_GCC_473\Debug\Design01.a(cyfitter_cfg.o)
 .data          0x00000000        0x0 .\CortexM3\ARM_GCC_473\Debug\Design01.a(cyfitter_cfg.o)
 .bss           0x00000000        0x0 .\CortexM3\ARM_GCC_473\Debug\Design01.a(cyfitter_cfg.o)
 .text.CYCONFIGCPYCODE
                0x00000000       0x20 .\CortexM3\ARM_GCC_473\Debug\Design01.a(cyfitter_cfg.o)
 .text.SetAnalogRoutingPumps
                0x00000000       0x34 .\CortexM3\ARM_GCC_473\Debug\Design01.a(cyfitter_cfg.o)
 .text          0x00000000        0x0 .\CortexM3\ARM_GCC_473\Debug\Design01.a(B_LED.o)
 .data          0x00000000        0x0 .\CortexM3\ARM_GCC_473\Debug\Design01.a(B_LED.o)
 .bss           0x00000000        0x0 .\CortexM3\ARM_GCC_473\Debug\Design01.a(B_LED.o)
 .text.B_LED_SetDriveMode
                0x00000000       0x40 .\CortexM3\ARM_GCC_473\Debug\Design01.a(B_LED.o)
 .text.B_LED_Read
                0x00000000       0x20 .\CortexM3\ARM_GCC_473\Debug\Design01.a(B_LED.o)
 .text.B_LED_ReadDataReg
                0x00000000       0x20 .\CortexM3\ARM_GCC_473\Debug\Design01.a(B_LED.o)
 .text          0x00000000        0x0 .\CortexM3\ARM_GCC_473\Debug\Design01.a(R_LED.o)
 .data          0x00000000        0x0 .\CortexM3\ARM_GCC_473\Debug\Design01.a(R_LED.o)
 .bss           0x00000000        0x0 .\CortexM3\ARM_GCC_473\Debug\Design01.a(R_LED.o)
 .text.R_LED_SetDriveMode
                0x00000000       0x40 .\CortexM3\ARM_GCC_473\Debug\Design01.a(R_LED.o)
 .text.R_LED_Read
                0x00000000       0x20 .\CortexM3\ARM_GCC_473\Debug\Design01.a(R_LED.o)
 .text.R_LED_ReadDataReg
                0x00000000       0x20 .\CortexM3\ARM_GCC_473\Debug\Design01.a(R_LED.o)
 .data          0x00000000        0x0 .\CortexM3\ARM_GCC_473\Debug\Design01.a(CyBootAsmGnu.o)
 .bss           0x00000000        0x0 .\CortexM3\ARM_GCC_473\Debug\Design01.a(CyBootAsmGnu.o)
 .text          0x00000000        0x0 .\CortexM3\ARM_GCC_473\Debug\Design01.a(CyLib.o)
 .bss           0x00000000        0x0 .\CortexM3\ARM_GCC_473\Debug\Design01.a(CyLib.o)
 .text.CyPLL_OUT_Start
                0x00000000       0xe0 .\CortexM3\ARM_GCC_473\Debug\Design01.a(CyLib.o)
 .text.CyPLL_OUT_Stop
                0x00000000       0x28 .\CortexM3\ARM_GCC_473\Debug\Design01.a(CyLib.o)
 .text.CyPLL_OUT_SetPQ
                0x00000000       0xac .\CortexM3\ARM_GCC_473\Debug\Design01.a(CyLib.o)
 .text.CyPLL_OUT_SetSource
                0x00000000       0x60 .\CortexM3\ARM_GCC_473\Debug\Design01.a(CyLib.o)
 .text.CyIMO_Start
                0x00000000       0xbc .\CortexM3\ARM_GCC_473\Debug\Design01.a(CyLib.o)
 .text.CyIMO_Stop
                0x00000000       0x44 .\CortexM3\ARM_GCC_473\Debug\Design01.a(CyLib.o)
 .text.CyUSB_PowerOnCheck
                0x00000000       0x70 .\CortexM3\ARM_GCC_473\Debug\Design01.a(CyLib.o)
 .text.CyIMO_SetTrimValue
                0x00000000      0x160 .\CortexM3\ARM_GCC_473\Debug\Design01.a(CyLib.o)
 .text.CyIMO_SetFreq
                0x00000000      0x224 .\CortexM3\ARM_GCC_473\Debug\Design01.a(CyLib.o)
 .text.CyIMO_SetSource
                0x00000000       0xb0 .\CortexM3\ARM_GCC_473\Debug\Design01.a(CyLib.o)
 .text.CyIMO_EnableDoubler
                0x00000000       0x28 .\CortexM3\ARM_GCC_473\Debug\Design01.a(CyLib.o)
 .text.CyIMO_DisableDoubler
                0x00000000       0x28 .\CortexM3\ARM_GCC_473\Debug\Design01.a(CyLib.o)
 .text.CyMasterClk_SetSource
                0x00000000       0x3c .\CortexM3\ARM_GCC_473\Debug\Design01.a(CyLib.o)
 .text.CyMasterClk_SetDivider
                0x00000000       0x20 .\CortexM3\ARM_GCC_473\Debug\Design01.a(CyLib.o)
 .text.CyBusClk_Internal_SetDivider
                0x00000000       0x98 .\CortexM3\ARM_GCC_473\Debug\Design01.a(CyLib.o)
 .text.CyBusClk_SetDivider
                0x00000000       0xd0 .\CortexM3\ARM_GCC_473\Debug\Design01.a(CyLib.o)
 .text.CyUsbClk_SetSource
                0x00000000       0x3c .\CortexM3\ARM_GCC_473\Debug\Design01.a(CyLib.o)
 .text.CyILO_Start1K
                0x00000000       0x28 .\CortexM3\ARM_GCC_473\Debug\Design01.a(CyLib.o)
 .text.CyILO_Stop1K
                0x00000000       0x28 .\CortexM3\ARM_GCC_473\Debug\Design01.a(CyLib.o)
 .text.CyILO_Start100K
                0x00000000       0x28 .\CortexM3\ARM_GCC_473\Debug\Design01.a(CyLib.o)
 .text.CyILO_Stop100K
                0x00000000       0x28 .\CortexM3\ARM_GCC_473\Debug\Design01.a(CyLib.o)
 .text.CyILO_Enable33K
                0x00000000       0x28 .\CortexM3\ARM_GCC_473\Debug\Design01.a(CyLib.o)
 .text.CyILO_Disable33K
                0x00000000       0x28 .\CortexM3\ARM_GCC_473\Debug\Design01.a(CyLib.o)
 .text.CyILO_SetSource
                0x00000000       0x3c .\CortexM3\ARM_GCC_473\Debug\Design01.a(CyLib.o)
 .text.CyILO_SetPowerMode
                0x00000000       0x5c .\CortexM3\ARM_GCC_473\Debug\Design01.a(CyLib.o)
 .text.CyXTAL_32KHZ_Start
                0x00000000       0xa4 .\CortexM3\ARM_GCC_473\Debug\Design01.a(CyLib.o)
 .text.CyXTAL_32KHZ_Stop
                0x00000000       0x64 .\CortexM3\ARM_GCC_473\Debug\Design01.a(CyLib.o)
 .text.CyXTAL_32KHZ_ReadStatus
                0x00000000       0x20 .\CortexM3\ARM_GCC_473\Debug\Design01.a(CyLib.o)
 .text.CyXTAL_32KHZ_SetPowerMode
                0x00000000       0xfc .\CortexM3\ARM_GCC_473\Debug\Design01.a(CyLib.o)
 .text.CyXTAL_Start
                0x00000000      0x108 .\CortexM3\ARM_GCC_473\Debug\Design01.a(CyLib.o)
 .text.CyXTAL_Stop
                0x00000000       0x28 .\CortexM3\ARM_GCC_473\Debug\Design01.a(CyLib.o)
 .text.CyXTAL_EnableErrStatus
                0x00000000       0x28 .\CortexM3\ARM_GCC_473\Debug\Design01.a(CyLib.o)
 .text.CyXTAL_DisableErrStatus
                0x00000000       0x28 .\CortexM3\ARM_GCC_473\Debug\Design01.a(CyLib.o)
 .text.CyXTAL_ReadStatus
                0x00000000       0x2c .\CortexM3\ARM_GCC_473\Debug\Design01.a(CyLib.o)
 .text.CyXTAL_EnableFaultRecovery
                0x00000000       0x28 .\CortexM3\ARM_GCC_473\Debug\Design01.a(CyLib.o)
 .text.CyXTAL_DisableFaultRecovery
                0x00000000       0x28 .\CortexM3\ARM_GCC_473\Debug\Design01.a(CyLib.o)
 .text.CyXTAL_SetStartup
                0x00000000       0x3c .\CortexM3\ARM_GCC_473\Debug\Design01.a(CyLib.o)
 .text.CyXTAL_SetFbVoltage
                0x00000000       0x3c .\CortexM3\ARM_GCC_473\Debug\Design01.a(CyLib.o)
 .text.CyXTAL_SetWdVoltage
                0x00000000       0x44 .\CortexM3\ARM_GCC_473\Debug\Design01.a(CyLib.o)
 .text.CySoftwareReset
                0x00000000       0x28 .\CortexM3\ARM_GCC_473\Debug\Design01.a(CyLib.o)
 .text.CyDelayUs
                0x00000000       0x28 .\CortexM3\ARM_GCC_473\Debug\Design01.a(CyLib.o)
 .text.CyDelayFreq
                0x00000000       0xa8 .\CortexM3\ARM_GCC_473\Debug\Design01.a(CyLib.o)
 .text.CyWdtStart
                0x00000000       0xc4 .\CortexM3\ARM_GCC_473\Debug\Design01.a(CyLib.o)
 .text.CyWdtClear
                0x00000000       0x18 .\CortexM3\ARM_GCC_473\Debug\Design01.a(CyLib.o)
 .text.CyVdLvDigitEnable
                0x00000000       0xf4 .\CortexM3\ARM_GCC_473\Debug\Design01.a(CyLib.o)
 .text.CyVdLvAnalogEnable
                0x00000000       0xf4 .\CortexM3\ARM_GCC_473\Debug\Design01.a(CyLib.o)
 .text.CyVdLvDigitDisable
                0x00000000       0x58 .\CortexM3\ARM_GCC_473\Debug\Design01.a(CyLib.o)
 .text.CyVdLvAnalogDisable
                0x00000000       0x58 .\CortexM3\ARM_GCC_473\Debug\Design01.a(CyLib.o)
 .text.CyVdHvAnalogEnable
                0x00000000       0x7c .\CortexM3\ARM_GCC_473\Debug\Design01.a(CyLib.o)
 .text.CyVdHvAnalogDisable
                0x00000000       0x28 .\CortexM3\ARM_GCC_473\Debug\Design01.a(CyLib.o)
 .text.CyVdStickyStatus
                0x00000000       0x48 .\CortexM3\ARM_GCC_473\Debug\Design01.a(CyLib.o)
 .text.CyVdRealTimeStatus
                0x00000000       0x30 .\CortexM3\ARM_GCC_473\Debug\Design01.a(CyLib.o)
 .text.CyDisableInts
                0x00000000       0x3c .\CortexM3\ARM_GCC_473\Debug\Design01.a(CyLib.o)
 .text.CyEnableInts
                0x00000000       0x2c .\CortexM3\ARM_GCC_473\Debug\Design01.a(CyLib.o)
 .text.CyFlushCache
                0x00000000       0x7c .\CortexM3\ARM_GCC_473\Debug\Design01.a(CyLib.o)
 .text.CyIntSetSysVector
                0x00000000       0x58 .\CortexM3\ARM_GCC_473\Debug\Design01.a(CyLib.o)
 .text.CyIntGetSysVector
                0x00000000       0x40 .\CortexM3\ARM_GCC_473\Debug\Design01.a(CyLib.o)
 .text.CyIntGetVector
                0x00000000       0x44 .\CortexM3\ARM_GCC_473\Debug\Design01.a(CyLib.o)
 .text.CyIntGetPriority
                0x00000000       0x3c .\CortexM3\ARM_GCC_473\Debug\Design01.a(CyLib.o)
 .text.CyIntGetState
                0x00000000       0x48 .\CortexM3\ARM_GCC_473\Debug\Design01.a(CyLib.o)
 .text          0x00000000        0x0 .\CortexM3\ARM_GCC_473\Debug\Design01.a(cyPm.o)
 .data          0x00000000        0x0 .\CortexM3\ARM_GCC_473\Debug\Design01.a(cyPm.o)
 .bss           0x00000000       0x44 .\CortexM3\ARM_GCC_473\Debug\Design01.a(cyPm.o)
 .rodata        0x00000000       0x10 .\CortexM3\ARM_GCC_473\Debug\Design01.a(cyPm.o)
 .text.CyPmSaveClocks
                0x00000000      0x3ac .\CortexM3\ARM_GCC_473\Debug\Design01.a(cyPm.o)
 .text.CyPmRestoreClocks
                0x00000000      0x424 .\CortexM3\ARM_GCC_473\Debug\Design01.a(cyPm.o)
 .text.CyPmAltAct
                0x00000000      0x118 .\CortexM3\ARM_GCC_473\Debug\Design01.a(cyPm.o)
 .text.CyPmSleep
                0x00000000      0x21c .\CortexM3\ARM_GCC_473\Debug\Design01.a(cyPm.o)
 .text.CyPmHibernate
                0x00000000      0x1f0 .\CortexM3\ARM_GCC_473\Debug\Design01.a(cyPm.o)
 .text.CyPmReadStatus
                0x00000000       0x78 .\CortexM3\ARM_GCC_473\Debug\Design01.a(cyPm.o)
 .text.CyPmHibSaveSet
                0x00000000      0x138 .\CortexM3\ARM_GCC_473\Debug\Design01.a(cyPm.o)
 .text.CyPmHibRestore
                0x00000000       0x94 .\CortexM3\ARM_GCC_473\Debug\Design01.a(cyPm.o)
 .text.CyPmCtwSetInterval
                0x00000000       0xd8 .\CortexM3\ARM_GCC_473\Debug\Design01.a(cyPm.o)
 .text.CyPmOppsSet
                0x00000000       0x58 .\CortexM3\ARM_GCC_473\Debug\Design01.a(cyPm.o)
 .text.CyPmFtwSetInterval
                0x00000000       0xd8 .\CortexM3\ARM_GCC_473\Debug\Design01.a(cyPm.o)
 .text.CyPmHibSlpSaveSet
                0x00000000      0x458 .\CortexM3\ARM_GCC_473\Debug\Design01.a(cyPm.o)
 .text.CyPmHibSlpRestore
                0x00000000      0x270 .\CortexM3\ARM_GCC_473\Debug\Design01.a(cyPm.o)
 .text.CyPmHviLviSaveDisable
                0x00000000      0x13c .\CortexM3\ARM_GCC_473\Debug\Design01.a(cyPm.o)
 .text.CyPmHviLviRestore
                0x00000000       0x7c .\CortexM3\ARM_GCC_473\Debug\Design01.a(cyPm.o)
 .text          0x00000000        0x0 .\CortexM3\ARM_GCC_473\Debug\Design01.a(PWM_1.o)
 .data          0x00000000        0x0 .\CortexM3\ARM_GCC_473\Debug\Design01.a(PWM_1.o)
 .text.PWM_1_ReadCounter
                0x00000000       0x24 .\CortexM3\ARM_GCC_473\Debug\Design01.a(PWM_1.o)
 .text.PWM_1_ReadControlRegister
                0x00000000       0x20 .\CortexM3\ARM_GCC_473\Debug\Design01.a(PWM_1.o)
 .text.PWM_1_WriteControlRegister
                0x00000000       0x20 .\CortexM3\ARM_GCC_473\Debug\Design01.a(PWM_1.o)
 .text.PWM_1_ReadCompare
                0x00000000       0x18 .\CortexM3\ARM_GCC_473\Debug\Design01.a(PWM_1.o)
 .text.PWM_1_ReadPeriod
                0x00000000       0x18 .\CortexM3\ARM_GCC_473\Debug\Design01.a(PWM_1.o)
 .text          0x00000000        0x0 .\CortexM3\ARM_GCC_473\Debug\Design01.a(I2C_2.o)
 .data          0x00000000        0x0 .\CortexM3\ARM_GCC_473\Debug\Design01.a(I2C_2.o)
 .text.I2C_2_Stop
                0x00000000       0x78 .\CortexM3\ARM_GCC_473\Debug\Design01.a(I2C_2.o)
 .text          0x00000000        0x0 .\CortexM3\ARM_GCC_473\Debug\Design01.a(I2C_2_INT.o)
 .data          0x00000000        0x0 .\CortexM3\ARM_GCC_473\Debug\Design01.a(I2C_2_INT.o)
 .bss           0x00000000        0x0 .\CortexM3\ARM_GCC_473\Debug\Design01.a(I2C_2_INT.o)
 .text          0x00000000        0x0 .\CortexM3\ARM_GCC_473\Debug\Design01.a(I2C_2_MASTER.o)
 .data          0x00000000        0x0 .\CortexM3\ARM_GCC_473\Debug\Design01.a(I2C_2_MASTER.o)
 .bss           0x00000000        0x0 .\CortexM3\ARM_GCC_473\Debug\Design01.a(I2C_2_MASTER.o)
 .text.I2C_2_MasterWriteBuf
                0x00000000      0x168 .\CortexM3\ARM_GCC_473\Debug\Design01.a(I2C_2_MASTER.o)
 .text.I2C_2_MasterReadBuf
                0x00000000      0x16c .\CortexM3\ARM_GCC_473\Debug\Design01.a(I2C_2_MASTER.o)
 .text.I2C_2_MasterSendStart
                0x00000000      0x100 .\CortexM3\ARM_GCC_473\Debug\Design01.a(I2C_2_MASTER.o)
 .text.I2C_2_MasterSendRestart
                0x00000000       0xf0 .\CortexM3\ARM_GCC_473\Debug\Design01.a(I2C_2_MASTER.o)
 .text.I2C_2_MasterSendStop
                0x00000000       0x88 .\CortexM3\ARM_GCC_473\Debug\Design01.a(I2C_2_MASTER.o)
 .text.I2C_2_MasterWriteByte
                0x00000000       0xd0 .\CortexM3\ARM_GCC_473\Debug\Design01.a(I2C_2_MASTER.o)
 .text.I2C_2_MasterReadByte
                0x00000000       0xe8 .\CortexM3\ARM_GCC_473\Debug\Design01.a(I2C_2_MASTER.o)
 .text.I2C_2_MasterStatus
                0x00000000       0x40 .\CortexM3\ARM_GCC_473\Debug\Design01.a(I2C_2_MASTER.o)
 .text.I2C_2_MasterGetReadBufSize
                0x00000000       0x18 .\CortexM3\ARM_GCC_473\Debug\Design01.a(I2C_2_MASTER.o)
 .text.I2C_2_MasterGetWriteBufSize
                0x00000000       0x18 .\CortexM3\ARM_GCC_473\Debug\Design01.a(I2C_2_MASTER.o)
 .text          0x00000000        0x0 .\CortexM3\ARM_GCC_473\Debug\Design01.a(Enable2.o)
 .data          0x00000000        0x0 .\CortexM3\ARM_GCC_473\Debug\Design01.a(Enable2.o)
 .bss           0x00000000        0x0 .\CortexM3\ARM_GCC_473\Debug\Design01.a(Enable2.o)
 .text.Enable2_SetDriveMode
                0x00000000       0x40 .\CortexM3\ARM_GCC_473\Debug\Design01.a(Enable2.o)
 .text.Enable2_Read
                0x00000000       0x24 .\CortexM3\ARM_GCC_473\Debug\Design01.a(Enable2.o)
 .text.Enable2_ReadDataReg
                0x00000000       0x24 .\CortexM3\ARM_GCC_473\Debug\Design01.a(Enable2.o)
 .text          0x00000000        0x0 .\CortexM3\ARM_GCC_473\Debug\Design01.a(UART_1.o)
 .data          0x00000000        0x0 .\CortexM3\ARM_GCC_473\Debug\Design01.a(UART_1.o)
 .bss           0x00000000        0x2 .\CortexM3\ARM_GCC_473\Debug\Design01.a(UART_1.o)
 .text.UART_1_Start
                0x00000000       0x2c .\CortexM3\ARM_GCC_473\Debug\Design01.a(UART_1.o)
 .text.UART_1_Init
                0x00000000       0x50 .\CortexM3\ARM_GCC_473\Debug\Design01.a(UART_1.o)
 .text.UART_1_Enable
                0x00000000       0x78 .\CortexM3\ARM_GCC_473\Debug\Design01.a(UART_1.o)
 .text.UART_1_Stop
                0x00000000       0x78 .\CortexM3\ARM_GCC_473\Debug\Design01.a(UART_1.o)
 .text.UART_1_ReadControlRegister
                0x00000000       0x10 .\CortexM3\ARM_GCC_473\Debug\Design01.a(UART_1.o)
 .text.UART_1_WriteControlRegister
                0x00000000       0x14 .\CortexM3\ARM_GCC_473\Debug\Design01.a(UART_1.o)
 .text.UART_1_SetRxInterruptMode
                0x00000000       0x20 .\CortexM3\ARM_GCC_473\Debug\Design01.a(UART_1.o)
 .text.UART_1_ReadRxStatus
                0x00000000       0x28 .\CortexM3\ARM_GCC_473\Debug\Design01.a(UART_1.o)
 .text.UART_1_GetChar
                0x00000000       0x4c .\CortexM3\ARM_GCC_473\Debug\Design01.a(UART_1.o)
 .text.UART_1_GetByte
                0x00000000       0x24 .\CortexM3\ARM_GCC_473\Debug\Design01.a(UART_1.o)
 .text.UART_1_GetRxBufferSize
                0x00000000       0x34 .\CortexM3\ARM_GCC_473\Debug\Design01.a(UART_1.o)
 .text.UART_1_ClearRxBuffer
                0x00000000       0x58 .\CortexM3\ARM_GCC_473\Debug\Design01.a(UART_1.o)
 .text.UART_1_SetRxAddressMode
                0x00000000       0x14 .\CortexM3\ARM_GCC_473\Debug\Design01.a(UART_1.o)
 .text.UART_1_SetRxAddress1
                0x00000000       0x20 .\CortexM3\ARM_GCC_473\Debug\Design01.a(UART_1.o)
 .text.UART_1_SetRxAddress2
                0x00000000       0x20 .\CortexM3\ARM_GCC_473\Debug\Design01.a(UART_1.o)
 .text.UART_1_SetTxInterruptMode
                0x00000000       0x20 .\CortexM3\ARM_GCC_473\Debug\Design01.a(UART_1.o)
 .text.UART_1_WriteTxData
                0x00000000       0x30 .\CortexM3\ARM_GCC_473\Debug\Design01.a(UART_1.o)
 .text.UART_1_ReadTxStatus
                0x00000000       0x18 .\CortexM3\ARM_GCC_473\Debug\Design01.a(UART_1.o)
 .text.UART_1_PutChar
                0x00000000       0x38 .\CortexM3\ARM_GCC_473\Debug\Design01.a(UART_1.o)
 .text.UART_1_PutString
                0x00000000       0x48 .\CortexM3\ARM_GCC_473\Debug\Design01.a(UART_1.o)
 .text.UART_1_PutArray
                0x00000000       0x48 .\CortexM3\ARM_GCC_473\Debug\Design01.a(UART_1.o)
 .text.UART_1_PutCRLF
                0x00000000       0x38 .\CortexM3\ARM_GCC_473\Debug\Design01.a(UART_1.o)
 .text.UART_1_GetTxBufferSize
                0x00000000       0x4c .\CortexM3\ARM_GCC_473\Debug\Design01.a(UART_1.o)
 .text.UART_1_ClearTxBuffer
                0x00000000       0x58 .\CortexM3\ARM_GCC_473\Debug\Design01.a(UART_1.o)
 .text.UART_1_SendBreak
                0x00000000       0xc4 .\CortexM3\ARM_GCC_473\Debug\Design01.a(UART_1.o)
 .text.UART_1_SetTxAddressMode
                0x00000000       0x14 .\CortexM3\ARM_GCC_473\Debug\Design01.a(UART_1.o)
 .text          0x00000000        0x0 .\CortexM3\ARM_GCC_473\Debug\Design01.a(isr_1.o)
 .data          0x00000000        0x0 .\CortexM3\ARM_GCC_473\Debug\Design01.a(isr_1.o)
 .bss           0x00000000        0x0 .\CortexM3\ARM_GCC_473\Debug\Design01.a(isr_1.o)
 .text.isr_1_Start
                0x00000000       0x24 .\CortexM3\ARM_GCC_473\Debug\Design01.a(isr_1.o)
 .text.isr_1_Stop
                0x00000000       0x18 .\CortexM3\ARM_GCC_473\Debug\Design01.a(isr_1.o)
 .text.isr_1_Interrupt
                0x00000000        0xc .\CortexM3\ARM_GCC_473\Debug\Design01.a(isr_1.o)
 .text.isr_1_GetVector
                0x00000000       0x24 .\CortexM3\ARM_GCC_473\Debug\Design01.a(isr_1.o)
 .text.isr_1_GetPriority
                0x00000000       0x28 .\CortexM3\ARM_GCC_473\Debug\Design01.a(isr_1.o)
 .text.isr_1_GetState
                0x00000000       0x28 .\CortexM3\ARM_GCC_473\Debug\Design01.a(isr_1.o)
 .text.isr_1_SetPending
                0x00000000       0x18 .\CortexM3\ARM_GCC_473\Debug\Design01.a(isr_1.o)
 .text.isr_1_ClearPending
                0x00000000       0x18 .\CortexM3\ARM_GCC_473\Debug\Design01.a(isr_1.o)
 .text          0x00000000        0x0 .\CortexM3\ARM_GCC_473\Debug\Design01.a(UART_1_IntClock.o)
 .data          0x00000000        0x0 .\CortexM3\ARM_GCC_473\Debug\Design01.a(UART_1_IntClock.o)
 .bss           0x00000000        0x0 .\CortexM3\ARM_GCC_473\Debug\Design01.a(UART_1_IntClock.o)
 .text.UART_1_IntClock_Start
                0x00000000       0x44 .\CortexM3\ARM_GCC_473\Debug\Design01.a(UART_1_IntClock.o)
 .text.UART_1_IntClock_Stop
                0x00000000       0x44 .\CortexM3\ARM_GCC_473\Debug\Design01.a(UART_1_IntClock.o)
 .text.UART_1_IntClock_StopBlock
                0x00000000       0xf8 .\CortexM3\ARM_GCC_473\Debug\Design01.a(UART_1_IntClock.o)
 .text.UART_1_IntClock_StandbyPower
                0x00000000       0x54 .\CortexM3\ARM_GCC_473\Debug\Design01.a(UART_1_IntClock.o)
 .text.UART_1_IntClock_SetDividerRegister
                0x00000000      0x1e8 .\CortexM3\ARM_GCC_473\Debug\Design01.a(UART_1_IntClock.o)
 .text.UART_1_IntClock_GetDividerRegister
                0x00000000       0x18 .\CortexM3\ARM_GCC_473\Debug\Design01.a(UART_1_IntClock.o)
 .text.UART_1_IntClock_SetModeRegister
                0x00000000       0x3c .\CortexM3\ARM_GCC_473\Debug\Design01.a(UART_1_IntClock.o)
 .text.UART_1_IntClock_ClearModeRegister
                0x00000000       0x3c .\CortexM3\ARM_GCC_473\Debug\Design01.a(UART_1_IntClock.o)
 .text.UART_1_IntClock_GetModeRegister
                0x00000000       0x20 .\CortexM3\ARM_GCC_473\Debug\Design01.a(UART_1_IntClock.o)
 .text.UART_1_IntClock_SetSourceRegister
                0x00000000       0xf4 .\CortexM3\ARM_GCC_473\Debug\Design01.a(UART_1_IntClock.o)
 .text.UART_1_IntClock_GetSourceRegister
                0x00000000       0x20 .\CortexM3\ARM_GCC_473\Debug\Design01.a(UART_1_IntClock.o)
 .text          0x00000000        0x0 .\CortexM3\ARM_GCC_473\Debug\Design01.a(CyFlash.o)
 .data          0x00000000        0x0 .\CortexM3\ARM_GCC_473\Debug\Design01.a(CyFlash.o)
 .bss           0x00000000        0x4 .\CortexM3\ARM_GCC_473\Debug\Design01.a(CyFlash.o)
 .text.CyFlash_Start
                0x00000000       0x48 .\CortexM3\ARM_GCC_473\Debug\Design01.a(CyFlash.o)
 .text.CyFlash_Stop
                0x00000000       0x44 .\CortexM3\ARM_GCC_473\Debug\Design01.a(CyFlash.o)
 .text.CySetTempInt
                0x00000000       0x90 .\CortexM3\ARM_GCC_473\Debug\Design01.a(CyFlash.o)
 .text.CySetTemp
                0x00000000       0x24 .\CortexM3\ARM_GCC_473\Debug\Design01.a(CyFlash.o)
 .text.CySetFlashEEBuffer
                0x00000000       0x78 .\CortexM3\ARM_GCC_473\Debug\Design01.a(CyFlash.o)
 .text.CyWriteRowData
                0x00000000       0xbc .\CortexM3\ARM_GCC_473\Debug\Design01.a(CyFlash.o)
 .text.CyWriteRowFull
                0x00000000      0x120 .\CortexM3\ARM_GCC_473\Debug\Design01.a(CyFlash.o)
 .text.CyFlash_SetWaitCycles
                0x00000000       0xc0 .\CortexM3\ARM_GCC_473\Debug\Design01.a(CyFlash.o)
 .text.CyEEPROM_Start
                0x00000000       0x44 .\CortexM3\ARM_GCC_473\Debug\Design01.a(CyFlash.o)
 .text.CyEEPROM_Stop
                0x00000000       0x44 .\CortexM3\ARM_GCC_473\Debug\Design01.a(CyFlash.o)
 .text.CyEEPROM_ReadReserve
                0x00000000       0x3c .\CortexM3\ARM_GCC_473\Debug\Design01.a(CyFlash.o)
 .text.CyEEPROM_ReadRelease
                0x00000000       0x28 .\CortexM3\ARM_GCC_473\Debug\Design01.a(CyFlash.o)
 COMMON         0x00000000        0x2 .\CortexM3\ARM_GCC_473\Debug\Design01.a(CyFlash.o)
 .text          0x00000000        0x0 .\CortexM3\ARM_GCC_473\Debug\Design01.a(CySpc.o)
 .data          0x00000000        0x0 .\CortexM3\ARM_GCC_473\Debug\Design01.a(CySpc.o)
 .bss           0x00000000        0x8 .\CortexM3\ARM_GCC_473\Debug\Design01.a(CySpc.o)
 .text.CySpcStart
                0x00000000       0x58 .\CortexM3\ARM_GCC_473\Debug\Design01.a(CySpc.o)
 .text.CySpcStop
                0x00000000       0x58 .\CortexM3\ARM_GCC_473\Debug\Design01.a(CySpc.o)
 .text.CySpcReadData
                0x00000000       0x64 .\CortexM3\ARM_GCC_473\Debug\Design01.a(CySpc.o)
 .text.CySpcLoadMultiByte
                0x00000000      0x11c .\CortexM3\ARM_GCC_473\Debug\Design01.a(CySpc.o)
 .text.CySpcLoadRow
                0x00000000       0xbc .\CortexM3\ARM_GCC_473\Debug\Design01.a(CySpc.o)
 .text.CySpcWriteRow
                0x00000000       0xcc .\CortexM3\ARM_GCC_473\Debug\Design01.a(CySpc.o)
 .text.CySpcEraseSector
                0x00000000       0x9c .\CortexM3\ARM_GCC_473\Debug\Design01.a(CySpc.o)
 .text.CySpcGetTemp
                0x00000000       0x8c .\CortexM3\ARM_GCC_473\Debug\Design01.a(CySpc.o)
 .text.CySpcLock
                0x00000000       0x88 .\CortexM3\ARM_GCC_473\Debug\Design01.a(CySpc.o)
 .text.CySpcUnlock
                0x00000000       0x68 .\CortexM3\ARM_GCC_473\Debug\Design01.a(CySpc.o)
 .text          0x00000000        0x0 c:/program files (x86)/cypress/psoc creator/3.0/psoc creator/import/gnu_cs/arm/4.7.3/bin/../lib/gcc/arm-none-eabi/4.7.3/../../../../arm-none-eabi/lib/armv7-m\libc_s.a(lib_a-__atexit2.o)
 .data          0x00000000        0x0 c:/program files (x86)/cypress/psoc creator/3.0/psoc creator/import/gnu_cs/arm/4.7.3/bin/../lib/gcc/arm-none-eabi/4.7.3/../../../../arm-none-eabi/lib/armv7-m\libc_s.a(lib_a-__atexit2.o)
 .bss           0x00000000        0x0 c:/program files (x86)/cypress/psoc creator/3.0/psoc creator/import/gnu_cs/arm/4.7.3/bin/../lib/gcc/arm-none-eabi/4.7.3/../../../../arm-none-eabi/lib/armv7-m\libc_s.a(lib_a-__atexit2.o)
 .text.__register_exitproc
                0x00000000       0x14 c:/program files (x86)/cypress/psoc creator/3.0/psoc creator/import/gnu_cs/arm/4.7.3/bin/../lib/gcc/arm-none-eabi/4.7.3/../../../../arm-none-eabi/lib/armv7-m\libc_s.a(lib_a-__atexit2.o)
 .text          0x00000000        0x0 c:/program files (x86)/cypress/psoc creator/3.0/psoc creator/import/gnu_cs/arm/4.7.3/bin/../lib/gcc/arm-none-eabi/4.7.3/../../../../arm-none-eabi/lib/armv7-m\libc_s.a(lib_a-exit.o)
 .data          0x00000000        0x0 c:/program files (x86)/cypress/psoc creator/3.0/psoc creator/import/gnu_cs/arm/4.7.3/bin/../lib/gcc/arm-none-eabi/4.7.3/../../../../arm-none-eabi/lib/armv7-m\libc_s.a(lib_a-exit.o)
 .bss           0x00000000        0x0 c:/program files (x86)/cypress/psoc creator/3.0/psoc creator/import/gnu_cs/arm/4.7.3/bin/../lib/gcc/arm-none-eabi/4.7.3/../../../../arm-none-eabi/lib/armv7-m\libc_s.a(lib_a-exit.o)
 .text.exit     0x00000000       0x2c c:/program files (x86)/cypress/psoc creator/3.0/psoc creator/import/gnu_cs/arm/4.7.3/bin/../lib/gcc/arm-none-eabi/4.7.3/../../../../arm-none-eabi/lib/armv7-m\libc_s.a(lib_a-exit.o)
 .text          0x00000000        0x0 c:/program files (x86)/cypress/psoc creator/3.0/psoc creator/import/gnu_cs/arm/4.7.3/bin/../lib/gcc/arm-none-eabi/4.7.3/../../../../arm-none-eabi/lib/armv7-m\libc_s.a(lib_a-fini.o)
 .data          0x00000000        0x0 c:/program files (x86)/cypress/psoc creator/3.0/psoc creator/import/gnu_cs/arm/4.7.3/bin/../lib/gcc/arm-none-eabi/4.7.3/../../../../arm-none-eabi/lib/armv7-m\libc_s.a(lib_a-fini.o)
 .bss           0x00000000        0x0 c:/program files (x86)/cypress/psoc creator/3.0/psoc creator/import/gnu_cs/arm/4.7.3/bin/../lib/gcc/arm-none-eabi/4.7.3/../../../../arm-none-eabi/lib/armv7-m\libc_s.a(lib_a-fini.o)
 .text.__libc_fini_array
                0x00000000       0x2c c:/program files (x86)/cypress/psoc creator/3.0/psoc creator/import/gnu_cs/arm/4.7.3/bin/../lib/gcc/arm-none-eabi/4.7.3/../../../../arm-none-eabi/lib/armv7-m\libc_s.a(lib_a-fini.o)
 .text          0x00000000        0x0 c:/program files (x86)/cypress/psoc creator/3.0/psoc creator/import/gnu_cs/arm/4.7.3/bin/../lib/gcc/arm-none-eabi/4.7.3/../../../../arm-none-eabi/lib/armv7-m\libc_s.a(lib_a-impure.o)
 .data          0x00000000        0x0 c:/program files (x86)/cypress/psoc creator/3.0/psoc creator/import/gnu_cs/arm/4.7.3/bin/../lib/gcc/arm-none-eabi/4.7.3/../../../../arm-none-eabi/lib/armv7-m\libc_s.a(lib_a-impure.o)
 .bss           0x00000000        0x0 c:/program files (x86)/cypress/psoc creator/3.0/psoc creator/import/gnu_cs/arm/4.7.3/bin/../lib/gcc/arm-none-eabi/4.7.3/../../../../arm-none-eabi/lib/armv7-m\libc_s.a(lib_a-impure.o)
 .data.impure_data
                0x00000000       0x64 c:/program files (x86)/cypress/psoc creator/3.0/psoc creator/import/gnu_cs/arm/4.7.3/bin/../lib/gcc/arm-none-eabi/4.7.3/../../../../arm-none-eabi/lib/armv7-m\libc_s.a(lib_a-impure.o)
 .data._impure_ptr
                0x00000000        0x4 c:/program files (x86)/cypress/psoc creator/3.0/psoc creator/import/gnu_cs/arm/4.7.3/bin/../lib/gcc/arm-none-eabi/4.7.3/../../../../arm-none-eabi/lib/armv7-m\libc_s.a(lib_a-impure.o)
 .rodata.str1.1
                0x00000000        0x2 c:/program files (x86)/cypress/psoc creator/3.0/psoc creator/import/gnu_cs/arm/4.7.3/bin/../lib/gcc/arm-none-eabi/4.7.3/../../../../arm-none-eabi/lib/armv7-m\libc_s.a(lib_a-impure.o)
 .rodata._global_impure_ptr
                0x00000000        0x4 c:/program files (x86)/cypress/psoc creator/3.0/psoc creator/import/gnu_cs/arm/4.7.3/bin/../lib/gcc/arm-none-eabi/4.7.3/../../../../arm-none-eabi/lib/armv7-m\libc_s.a(lib_a-impure.o)
 .text          0x00000000        0x0 c:/program files (x86)/cypress/psoc creator/3.0/psoc creator/import/gnu_cs/arm/4.7.3/bin/../lib/gcc/arm-none-eabi/4.7.3/../../../../arm-none-eabi/lib/armv7-m\libc_s.a(lib_a-init.o)
 .data          0x00000000        0x0 c:/program files (x86)/cypress/psoc creator/3.0/psoc creator/import/gnu_cs/arm/4.7.3/bin/../lib/gcc/arm-none-eabi/4.7.3/../../../../arm-none-eabi/lib/armv7-m\libc_s.a(lib_a-init.o)
 .bss           0x00000000        0x0 c:/program files (x86)/cypress/psoc creator/3.0/psoc creator/import/gnu_cs/arm/4.7.3/bin/../lib/gcc/arm-none-eabi/4.7.3/../../../../arm-none-eabi/lib/armv7-m\libc_s.a(lib_a-init.o)
 .text          0x00000000        0x0 c:/program files (x86)/cypress/psoc creator/3.0/psoc creator/import/gnu_cs/arm/4.7.3/bin/../lib/gcc/arm-none-eabi/4.7.3/../../../../arm-none-eabi/lib/armv7-m\libc_s.a(lib_a-memcpy.o)
 .data          0x00000000        0x0 c:/program files (x86)/cypress/psoc creator/3.0/psoc creator/import/gnu_cs/arm/4.7.3/bin/../lib/gcc/arm-none-eabi/4.7.3/../../../../arm-none-eabi/lib/armv7-m\libc_s.a(lib_a-memcpy.o)
 .bss           0x00000000        0x0 c:/program files (x86)/cypress/psoc creator/3.0/psoc creator/import/gnu_cs/arm/4.7.3/bin/../lib/gcc/arm-none-eabi/4.7.3/../../../../arm-none-eabi/lib/armv7-m\libc_s.a(lib_a-memcpy.o)
 .text          0x00000000        0x0 c:/program files (x86)/cypress/psoc creator/3.0/psoc creator/import/gnu_cs/arm/4.7.3/bin/../lib/gcc/arm-none-eabi/4.7.3/../../../../arm-none-eabi/lib/armv7-m\libc_s.a(lib_a-memset.o)
 .data          0x00000000        0x0 c:/program files (x86)/cypress/psoc creator/3.0/psoc creator/import/gnu_cs/arm/4.7.3/bin/../lib/gcc/arm-none-eabi/4.7.3/../../../../arm-none-eabi/lib/armv7-m\libc_s.a(lib_a-memset.o)
 .bss           0x00000000        0x0 c:/program files (x86)/cypress/psoc creator/3.0/psoc creator/import/gnu_cs/arm/4.7.3/bin/../lib/gcc/arm-none-eabi/4.7.3/../../../../arm-none-eabi/lib/armv7-m\libc_s.a(lib_a-memset.o)
 .text          0x00000000        0x0 c:/program files (x86)/cypress/psoc creator/3.0/psoc creator/import/gnu_cs/arm/4.7.3/bin/../lib/gcc/arm-none-eabi/4.7.3/armv7-m/crtend.o
 .data          0x00000000        0x0 c:/program files (x86)/cypress/psoc creator/3.0/psoc creator/import/gnu_cs/arm/4.7.3/bin/../lib/gcc/arm-none-eabi/4.7.3/armv7-m/crtend.o
 .bss           0x00000000        0x0 c:/program files (x86)/cypress/psoc creator/3.0/psoc creator/import/gnu_cs/arm/4.7.3/bin/../lib/gcc/arm-none-eabi/4.7.3/armv7-m/crtend.o
 .text          0x00000000        0x0 c:/program files (x86)/cypress/psoc creator/3.0/psoc creator/import/gnu_cs/arm/4.7.3/bin/../lib/gcc/arm-none-eabi/4.7.3/armv7-m/crtn.o
 .data          0x00000000        0x0 c:/program files (x86)/cypress/psoc creator/3.0/psoc creator/import/gnu_cs/arm/4.7.3/bin/../lib/gcc/arm-none-eabi/4.7.3/armv7-m/crtn.o
 .bss           0x00000000        0x0 c:/program files (x86)/cypress/psoc creator/3.0/psoc creator/import/gnu_cs/arm/4.7.3/bin/../lib/gcc/arm-none-eabi/4.7.3/armv7-m/crtn.o

Memory Configuration

Name             Origin             Length             Attributes
rom              0x00000000         0x00040000         xr
ram              0x1fff8000         0x00010000         xrw
*default*        0x00000000         0xffffffff

Linker script and memory map

LOAD c:/program files (x86)/cypress/psoc creator/3.0/psoc creator/import/gnu_cs/arm/4.7.3/bin/../lib/gcc/arm-none-eabi/4.7.3/armv7-m/crti.o
LOAD c:/program files (x86)/cypress/psoc creator/3.0/psoc creator/import/gnu_cs/arm/4.7.3/bin/../lib/gcc/arm-none-eabi/4.7.3/armv7-m/crtbegin.o
LOAD c:/program files (x86)/cypress/psoc creator/3.0/psoc creator/import/gnu_cs/arm/4.7.3/bin/../lib/gcc/arm-none-eabi/4.7.3/../../../../arm-none-eabi/lib/armv7-m/crt0.o
START GROUP
LOAD .\CortexM3\ARM_GCC_473\Debug\main.o
LOAD .\CortexM3\ARM_GCC_473\Debug\cymetadata.o
LOAD .\CortexM3\ARM_GCC_473\Debug\Cm3Start.o
LOAD .\CortexM3\ARM_GCC_473\Debug\Design01.a
LOAD C:\Program Files (x86)\Cypress\PSoC Creator\3.0\PSoC Creator\psoc\content\cycomponentlibrary\CyComponentLibrary.cylib\CortexM3\ARM_GCC_473\Debug\CyComponentLibrary.a
END GROUP
START GROUP
LOAD c:/program files (x86)/cypress/psoc creator/3.0/psoc creator/import/gnu_cs/arm/4.7.3/bin/../lib/gcc/arm-none-eabi/4.7.3/armv7-m\libgcc.a
LOAD c:/program files (x86)/cypress/psoc creator/3.0/psoc creator/import/gnu_cs/arm/4.7.3/bin/../lib/gcc/arm-none-eabi/4.7.3/../../../../arm-none-eabi/lib/armv7-m\libc_s.a
END GROUP
LOAD c:/program files (x86)/cypress/psoc creator/3.0/psoc creator/import/gnu_cs/arm/4.7.3/bin/../lib/gcc/arm-none-eabi/4.7.3/armv7-m/crtend.o
LOAD c:/program files (x86)/cypress/psoc creator/3.0/psoc creator/import/gnu_cs/arm/4.7.3/bin/../lib/gcc/arm-none-eabi/4.7.3/armv7-m/crtn.o
START GROUP
LOAD c:/program files (x86)/cypress/psoc creator/3.0/psoc creator/import/gnu_cs/arm/4.7.3/bin/../lib/gcc/arm-none-eabi/4.7.3/armv7-m\libgcc.a
LOAD c:/program files (x86)/cypress/psoc creator/3.0/psoc creator/import/gnu_cs/arm/4.7.3/bin/../lib/gcc/arm-none-eabi/4.7.3/../../../../arm-none-eabi/lib/armv7-m\libc.a
LOAD c:/program files (x86)/cypress/psoc creator/3.0/psoc creator/import/gnu_cs/arm/4.7.3/bin/../lib/gcc/arm-none-eabi/4.7.3/../../../../arm-none-eabi/lib/armv7-m\libnosys.a
END GROUP
                0x00000000                CY_APPL_ORIGIN = 0x0
                0x00000100                CY_FLASH_ROW_SIZE = 0x100
                0x00000020                CY_ECC_ROW_SIZE = 0x20
                0x00000000                CY_EE_IN_BTLDR = 0x0
                0x00000000                CY_APPL_LOADABLE = 0x0
                0x00000800                CY_EE_SIZE = 0x800
                0x00000001                CY_APPL_NUM = 0x1
                0x00000001                CY_APPL_MAX = 0x1
                0x00000040                CY_METADATA_SIZE = 0x40
                0x1fff8178                PROVIDE (__cy_heap_start, _end)
                0x00000001                PROVIDE (__cy_region_num, ((__cy_regions_end - __cy_regions) / 0x10))
                0x20008000                PROVIDE (__cy_stack, (ORIGIN (ram) + 0x10000))
                0x20004000                PROVIDE (__cy_heap_end, (__cy_stack - 0x4000))

.cybootloader   0x00000000        0x0
 *(.cybootloader)
                0x00000000                appl1_start = CY_APPL_ORIGIN?CY_APPL_ORIGIN:ALIGN (CY_FLASH_ROW_SIZE)
                0x0001ff00                appl2_start = (appl1_start + ALIGN ((((0x40000 - appl1_start) - (0x2 * CY_FLASH_ROW_SIZE)) / 0x2), CY_FLASH_ROW_SIZE))
                0x00000000                appl_start = (CY_APPL_NUM == 0x1)?appl1_start:appl2_start
                0x00000000                ecc_offset = ((appl_start / CY_FLASH_ROW_SIZE) * CY_ECC_ROW_SIZE)
                0x00000000                ee_offset = (CY_APPL_LOADABLE && ! (CY_EE_IN_BTLDR))?((CY_EE_SIZE / CY_APPL_MAX) * (CY_APPL_NUM - 0x1)):0x0
                0x00000800                ee_size = (CY_APPL_LOADABLE && ! (CY_EE_IN_BTLDR))?(CY_EE_SIZE / CY_APPL_MAX):CY_EE_SIZE
                0x00000000                PROVIDE (CY_ECC_OFFSET, ecc_offset)

.text           0x00000000     0x168a
 CREATE_OBJECT_SYMBOLS
                0x00000000                PROVIDE (__cy_interrupt_vector, RomVectors)
 *(.romvectors)
 .romvectors    0x00000000       0x10 .\CortexM3\ARM_GCC_473\Debug\Cm3Start.o
                0x00000000                RomVectors
                0x00000001                ASSERT ((. != __cy_interrupt_vector), No interrupt vector)
                0x00000001                ASSERT (CY_APPL_ORIGIN?(SIZEOF (.cybootloader) <= CY_APPL_ORIGIN):0x1, Wrong image location)
                0x00000010                PROVIDE (__cy_reset, Reset)
 *(.text.Reset)
 .text.Reset    0x00000010       0x1c .\CortexM3\ARM_GCC_473\Debug\Cm3Start.o
                0x00000010                Reset
                0x00000001                ASSERT ((. != __cy_reset), No reset code)
 *(.dma_init)
                0x00000001                ASSERT ((((appl_start + .) <= 0x10000) || 0x1), DMA Init must be within the first 64k of flash)
 *(.text .text.* .gnu.linkonce.t.*)
 .text          0x0000002c       0x54 c:/program files (x86)/cypress/psoc creator/3.0/psoc creator/import/gnu_cs/arm/4.7.3/bin/../lib/gcc/arm-none-eabi/4.7.3/armv7-m/crtbegin.o
 .text.myHandler
                0x00000080      0x254 .\CortexM3\ARM_GCC_473\Debug\main.o
                0x00000080                myHandler
 .text.main     0x000002d4       0x4c .\CortexM3\ARM_GCC_473\Debug\main.o
                0x000002d4                main
 .text.PI       0x00000320       0x28 .\CortexM3\ARM_GCC_473\Debug\main.o
                0x00000320                PI
 .text.R_LED_ON
                0x00000348       0x10 .\CortexM3\ARM_GCC_473\Debug\main.o
                0x00000348                R_LED_ON
 .text.R_LED_OFF
                0x00000358       0x10 .\CortexM3\ARM_GCC_473\Debug\main.o
                0x00000358                R_LED_OFF
 .text.B_LED_ON
                0x00000368       0x10 .\CortexM3\ARM_GCC_473\Debug\main.o
                0x00000368                B_LED_ON
 .text.IntDefaultHandler
                0x00000378        0x8 .\CortexM3\ARM_GCC_473\Debug\Cm3Start.o
                0x00000378                IntDefaultHandler
 .text.Start_c  0x00000380       0xcc .\CortexM3\ARM_GCC_473\Debug\Cm3Start.o
                0x00000380                Start_c
 .text.initialize_psoc
                0x0000044c       0xb4 .\CortexM3\ARM_GCC_473\Debug\Cm3Start.o
                0x0000044c                initialize_psoc
 .text.CYMEMZERO
                0x00000500       0x20 .\CortexM3\ARM_GCC_473\Debug\Design01.a(cyfitter_cfg.o)
 .text.CYCONFIGCPY
                0x00000520       0x20 .\CortexM3\ARM_GCC_473\Debug\Design01.a(cyfitter_cfg.o)
 .text.CyClockStartupError
                0x00000540        0xc .\CortexM3\ARM_GCC_473\Debug\Design01.a(cyfitter_cfg.o)
 .text.cfg_write_bytes32
                0x0000054c       0x84 .\CortexM3\ARM_GCC_473\Debug\Design01.a(cyfitter_cfg.o)
 .text.ClockSetup
                0x000005d0      0x1a4 .\CortexM3\ARM_GCC_473\Debug\Design01.a(cyfitter_cfg.o)
 .text.AnalogSetDefault
                0x00000774       0x50 .\CortexM3\ARM_GCC_473\Debug\Design01.a(cyfitter_cfg.o)
 .text.cyfitter_cfg
                0x000007c4      0x20c .\CortexM3\ARM_GCC_473\Debug\Design01.a(cyfitter_cfg.o)
                0x000007c4                cyfitter_cfg
 .text.B_LED_Write
                0x000009d0       0x40 .\CortexM3\ARM_GCC_473\Debug\Design01.a(B_LED.o)
                0x000009d0                B_LED_Write
 .text.R_LED_Write
                0x00000a10       0x40 .\CortexM3\ARM_GCC_473\Debug\Design01.a(R_LED.o)
                0x00000a10                R_LED_Write
 .text          0x00000a50       0x28 .\CortexM3\ARM_GCC_473\Debug\Design01.a(CyBootAsmGnu.o)
                0x00000a50                CyDelayCycles
                0x00000a64                CyEnterCriticalSection
                0x00000a6c                CyExitCriticalSection
 .text.CyHalt   0x00000a78       0x18 .\CortexM3\ARM_GCC_473\Debug\Design01.a(CyLib.o)
                0x00000a78                CyHalt
 .text.CyDelay  0x00000a90       0x48 .\CortexM3\ARM_GCC_473\Debug\Design01.a(CyLib.o)
                0x00000a90                CyDelay
 .text.CyIntSetVector
                0x00000ad8       0x60 .\CortexM3\ARM_GCC_473\Debug\Design01.a(CyLib.o)
                0x00000ad8                CyIntSetVector
 .text.CyIntSetPriority
                0x00000b38       0x4c .\CortexM3\ARM_GCC_473\Debug\Design01.a(CyLib.o)
                0x00000b38                CyIntSetPriority
 .text.PWM_1_Start
                0x00000b84       0x2c .\CortexM3\ARM_GCC_473\Debug\Design01.a(PWM_1.o)
                0x00000b84                PWM_1_Start
 .text.PWM_1_Init
                0x00000bb0       0xa0 .\CortexM3\ARM_GCC_473\Debug\Design01.a(PWM_1.o)
                0x00000bb0                PWM_1_Init
 .text.PWM_1_Enable
                0x00000c50       0x28 .\CortexM3\ARM_GCC_473\Debug\Design01.a(PWM_1.o)
                0x00000c50                PWM_1_Enable
 .text.PWM_1_Stop
                0x00000c78       0x28 .\CortexM3\ARM_GCC_473\Debug\Design01.a(PWM_1.o)
                0x00000c78                PWM_1_Stop
 .text.PWM_1_WriteCounter
                0x00000ca0       0x20 .\CortexM3\ARM_GCC_473\Debug\Design01.a(PWM_1.o)
                0x00000ca0                PWM_1_WriteCounter
 .text.PWM_1_ClearFIFO
                0x00000cc0       0x1c .\CortexM3\ARM_GCC_473\Debug\Design01.a(PWM_1.o)
                0x00000cc0                PWM_1_ClearFIFO
 .text.PWM_1_WritePeriod
                0x00000cdc       0x20 .\CortexM3\ARM_GCC_473\Debug\Design01.a(PWM_1.o)
                0x00000cdc                PWM_1_WritePeriod
 .text.PWM_1_WriteCompare
                0x00000cfc       0x20 .\CortexM3\ARM_GCC_473\Debug\Design01.a(PWM_1.o)
                0x00000cfc                PWM_1_WriteCompare
 .text.PWM_1_SetInterruptMode
                0x00000d1c       0x20 .\CortexM3\ARM_GCC_473\Debug\Design01.a(PWM_1.o)
                0x00000d1c                PWM_1_SetInterruptMode
 .text.PWM_1_ReadStatusRegister
                0x00000d3c       0x20 .\CortexM3\ARM_GCC_473\Debug\Design01.a(PWM_1.o)
                0x00000d3c                PWM_1_ReadStatusRegister
 .text.PWM_1_ReadCapture
                0x00000d5c       0x18 .\CortexM3\ARM_GCC_473\Debug\Design01.a(PWM_1.o)
                0x00000d5c                PWM_1_ReadCapture
 .text.I2C_2_Init
                0x00000d74       0xb8 .\CortexM3\ARM_GCC_473\Debug\Design01.a(I2C_2.o)
                0x00000d74                I2C_2_Init
 .text.I2C_2_Enable
                0x00000e2c       0x28 .\CortexM3\ARM_GCC_473\Debug\Design01.a(I2C_2.o)
                0x00000e2c                I2C_2_Enable
 .text.I2C_2_Start
                0x00000e54       0x38 .\CortexM3\ARM_GCC_473\Debug\Design01.a(I2C_2.o)
                0x00000e54                I2C_2_Start
 .text.I2C_2_ISR
                0x00000e8c      0x5e0 .\CortexM3\ARM_GCC_473\Debug\Design01.a(I2C_2_INT.o)
                0x00000e8c                I2C_2_ISR
 .text.I2C_2_MasterClearStatus
                0x0000146c       0x30 .\CortexM3\ARM_GCC_473\Debug\Design01.a(I2C_2_MASTER.o)
                0x0000146c                I2C_2_MasterClearStatus
 .text.I2C_2_MasterClearReadBuf
                0x0000149c       0x34 .\CortexM3\ARM_GCC_473\Debug\Design01.a(I2C_2_MASTER.o)
                0x0000149c                I2C_2_MasterClearReadBuf
 .text.I2C_2_MasterClearWriteBuf
                0x000014d0       0x34 .\CortexM3\ARM_GCC_473\Debug\Design01.a(I2C_2_MASTER.o)
                0x000014d0                I2C_2_MasterClearWriteBuf
 .text.I2C_2_Workaround
                0x00001504        0xc .\CortexM3\ARM_GCC_473\Debug\Design01.a(I2C_2_MASTER.o)
                0x00001504                I2C_2_Workaround
 .text.Enable2_Write
                0x00001510       0x44 .\CortexM3\ARM_GCC_473\Debug\Design01.a(Enable2.o)
                0x00001510                Enable2_Write
 .text.UART_1_ReadRxData
                0x00001554       0x20 .\CortexM3\ARM_GCC_473\Debug\Design01.a(UART_1.o)
                0x00001554                UART_1_ReadRxData
 .text.isr_1_StartEx
                0x00001574       0x28 .\CortexM3\ARM_GCC_473\Debug\Design01.a(isr_1.o)
                0x00001574                isr_1_StartEx
 .text.isr_1_SetVector
                0x0000159c       0x28 .\CortexM3\ARM_GCC_473\Debug\Design01.a(isr_1.o)
                0x0000159c                isr_1_SetVector
 .text.isr_1_SetPriority
                0x000015c4       0x28 .\CortexM3\ARM_GCC_473\Debug\Design01.a(isr_1.o)
                0x000015c4                isr_1_SetPriority
 .text.isr_1_Enable
                0x000015ec       0x18 .\CortexM3\ARM_GCC_473\Debug\Design01.a(isr_1.o)
                0x000015ec                isr_1_Enable
 .text.isr_1_Disable
                0x00001604       0x18 .\CortexM3\ARM_GCC_473\Debug\Design01.a(isr_1.o)
                0x00001604                isr_1_Disable
 .text.__libc_init_array
                0x0000161c       0x4c c:/program files (x86)/cypress/psoc creator/3.0/psoc creator/import/gnu_cs/arm/4.7.3/bin/../lib/gcc/arm-none-eabi/4.7.3/../../../../arm-none-eabi/lib/armv7-m\libc_s.a(lib_a-init.o)
                0x0000161c                __libc_init_array
 .text.memcpy   0x00001668       0x12 c:/program files (x86)/cypress/psoc creator/3.0/psoc creator/import/gnu_cs/arm/4.7.3/bin/../lib/gcc/arm-none-eabi/4.7.3/../../../../arm-none-eabi/lib/armv7-m\libc_s.a(lib_a-memcpy.o)
                0x00001668                memcpy
 .text.memset   0x0000167a       0x10 c:/program files (x86)/cypress/psoc creator/3.0/psoc creator/import/gnu_cs/arm/4.7.3/bin/../lib/gcc/arm-none-eabi/4.7.3/../../../../arm-none-eabi/lib/armv7-m\libc_s.a(lib_a-memset.o)
                0x0000167a                memset
 *(.plt)
 *(.gnu.warning)
 *(.glue_7t)
 .glue_7t       0x00000000        0x0 linker stubs
 *(.glue_7)
 .glue_7        0x00000000        0x0 linker stubs
 *(.vfp11_veneer)
 .vfp11_veneer  0x00000000        0x0 linker stubs
 *(.bootloader)
 *(.ARM.extab* .gnu.linkonce.armextab.*)
 *(.gcc_except_table)

.v4_bx          0x0000168c        0x0
 .v4_bx         0x00000000        0x0 linker stubs

.iplt           0x0000168c        0x0
 .iplt          0x00000000        0x0 c:/program files (x86)/cypress/psoc creator/3.0/psoc creator/import/gnu_cs/arm/4.7.3/bin/../lib/gcc/arm-none-eabi/4.7.3/armv7-m/crtbegin.o

.eh_frame_hdr
 *(.eh_frame_hdr)

.eh_frame       0x0000168c        0x4
 *(.eh_frame)
 .eh_frame      0x0000168c        0x0 c:/program files (x86)/cypress/psoc creator/3.0/psoc creator/import/gnu_cs/arm/4.7.3/bin/../lib/gcc/arm-none-eabi/4.7.3/armv7-m/crtbegin.o
 .eh_frame      0x0000168c        0x4 c:/program files (x86)/cypress/psoc creator/3.0/psoc creator/import/gnu_cs/arm/4.7.3/bin/../lib/gcc/arm-none-eabi/4.7.3/armv7-m/crtend.o
                0x00001690                PROVIDE (__exidx_start, .)

.ARM.exidx
 *(.ARM.exidx* .gnu.linkonce.armexidx.*)
                0x00001690                __exidx_end = .

.rodata         0x00001690       0x80
 *(.rodata .rodata.* .gnu.linkonce.r.*)
 .rodata        0x00001690       0x4c .\CortexM3\ARM_GCC_473\Debug\Design01.a(cyfitter_cfg.o)
                0x000016dc                . = ALIGN (0x4)
 *(.init)
 .init          0x000016dc        0x4 c:/program files (x86)/cypress/psoc creator/3.0/psoc creator/import/gnu_cs/arm/4.7.3/bin/../lib/gcc/arm-none-eabi/4.7.3/armv7-m/crti.o
                0x000016dc                _init
 .init          0x000016e0        0x8 c:/program files (x86)/cypress/psoc creator/3.0/psoc creator/import/gnu_cs/arm/4.7.3/bin/../lib/gcc/arm-none-eabi/4.7.3/armv7-m/crtn.o
                0x000016e8                . = ALIGN (0x4)
                0x000016e8                __preinit_array_start = .
 *(.preinit_array)
                0x000016e8                __preinit_array_end = .
                0x000016e8                . = ALIGN (0x4)
                0x000016e8                __init_array_start = .
 *(SORT(.init_array.*))
 *(.init_array)
 .init_array    0x000016e8        0x4 c:/program files (x86)/cypress/psoc creator/3.0/psoc creator/import/gnu_cs/arm/4.7.3/bin/../lib/gcc/arm-none-eabi/4.7.3/armv7-m/crtbegin.o
 .init_array    0x000016ec        0x4 .\CortexM3\ARM_GCC_473\Debug\Cm3Start.o
                0x000016f0                __init_array_end = .
                0x000016f0                . = ALIGN (0x4)
 *(.fini)
 .fini          0x000016f0        0x4 c:/program files (x86)/cypress/psoc creator/3.0/psoc creator/import/gnu_cs/arm/4.7.3/bin/../lib/gcc/arm-none-eabi/4.7.3/armv7-m/crti.o
                0x000016f0                _fini
 .fini          0x000016f4        0x8 c:/program files (x86)/cypress/psoc creator/3.0/psoc creator/import/gnu_cs/arm/4.7.3/bin/../lib/gcc/arm-none-eabi/4.7.3/armv7-m/crtn.o
                0x000016fc                . = ALIGN (0x4)
                0x000016fc                __fini_array_start = .
 *(.fini_array)
 .fini_array    0x000016fc        0x4 c:/program files (x86)/cypress/psoc creator/3.0/psoc creator/import/gnu_cs/arm/4.7.3/bin/../lib/gcc/arm-none-eabi/4.7.3/armv7-m/crtbegin.o
 *(SORT(.fini_array.*))
                0x00001700                __fini_array_end = .
                0x00001700                . = ALIGN (0x4)
 *crtbegin.o(.ctors)
 *(EXCLUDE_FILE(*crtend.o) .ctors)
 *(SORT(.ctors.*))
 *crtend.o(.ctors)
                0x00001700                . = ALIGN (0x4)
 *crtbegin.o(.dtors)
 *(EXCLUDE_FILE(*crtend.o) .dtors)
 *(SORT(.dtors.*))
 *crtend.o(.dtors)
                0x00001700                . = ALIGN (0x4)
                0x00001700                __cy_regions = .
                0x00001700        0x4 LONG 0x1710 __cy_region_init_ram
                0x00001704        0x4 LONG 0x1fff8108 __cy_region_start_data
                0x00001708        0x4 LONG 0x18 __cy_region_init_size_ram
                0x0000170c        0x4 LONG 0x58 __cy_region_zero_size_ram
                0x00001710                __cy_regions_end = .
                0x00001710                . = ALIGN (0x8)
                0x00001710                _etext = .

.ramvectors     0x1fff8000      0x100
                0x1fff8000                __cy_region_start_ram = .
 *(.ramvectors)
 .ramvectors    0x1fff8000      0x100 .\CortexM3\ARM_GCC_473\Debug\Cm3Start.o
                0x1fff8000                CyRamVectors

.noinit         0x1fff8100        0x5
 *(.noinit)
 .noinit        0x1fff8100        0x4 .\CortexM3\ARM_GCC_473\Debug\Cm3Start.o
 .noinit        0x1fff8104        0x1 .\CortexM3\ARM_GCC_473\Debug\Design01.a(CyLib.o)
                0x1fff8104                CyResetStatus

.data           0x1fff8108       0x18 load address 0x00001710
                0x1fff8108                __cy_region_start_data = .
 *(.jcr)
 .jcr           0x1fff8108        0x0 c:/program files (x86)/cypress/psoc creator/3.0/psoc creator/import/gnu_cs/arm/4.7.3/bin/../lib/gcc/arm-none-eabi/4.7.3/armv7-m/crtbegin.o
 .jcr           0x1fff8108        0x4 c:/program files (x86)/cypress/psoc creator/3.0/psoc creator/import/gnu_cs/arm/4.7.3/bin/../lib/gcc/arm-none-eabi/4.7.3/armv7-m/crtend.o
 *(.got.plt)
 *(.got)
 *(.shdata)
 *(.data .data.* .gnu.linkonce.d.*)
 .data          0x1fff810c       0x10 .\CortexM3\ARM_GCC_473\Debug\Design01.a(CyLib.o)
                0x1fff810c                cydelay_freq_hz
                0x1fff8110                cydelay_freq_khz
                0x1fff8114                cydelay_freq_mhz
                0x1fff8118                cydelay_32k_ms
                0x1fff8120                . = ALIGN (0x8)
 *fill*         0x1fff811c        0x4 00
 *(.ram)
                0x1fff8120                _edata = .

.igot.plt       0x1fff8120        0x0 load address 0x00001728
 .igot.plt      0x00000000        0x0 c:/program files (x86)/cypress/psoc creator/3.0/psoc creator/import/gnu_cs/arm/4.7.3/bin/../lib/gcc/arm-none-eabi/4.7.3/armv7-m/crtbegin.o

.bss            0x1fff8120       0x58 load address 0x00001728
                0x1fff8120                PROVIDE (__bss_start__, .)
 *(.shbss)
 *(.bss .bss.* .gnu.linkonce.b.*)
 .bss           0x1fff8120       0x1c c:/program files (x86)/cypress/psoc creator/3.0/psoc creator/import/gnu_cs/arm/4.7.3/bin/../lib/gcc/arm-none-eabi/4.7.3/armv7-m/crtbegin.o
 .bss           0x1fff813c        0x1 .\CortexM3\ARM_GCC_473\Debug\Design01.a(PWM_1.o)
                0x1fff813c                PWM_1_initVar
 .bss           0x1fff813d        0x1 .\CortexM3\ARM_GCC_473\Debug\Design01.a(I2C_2.o)
                0x1fff813d                I2C_2_initVar
 *(COMMON)
 *fill*         0x1fff813e        0x2 00
 COMMON         0x1fff8140       0x1d .\CortexM3\ARM_GCC_473\Debug\main.o
                0x1fff8140                astic
                0x1fff8144                mode
                0x1fff8148                num
                0x1fff8159                sum1
                0x1fff815a                CheckSum
                0x1fff815b                ButtonStatus2
                0x1fff815c                ButtonStatus1
 COMMON         0x1fff815d        0x1 .\CortexM3\ARM_GCC_473\Debug\Design01.a(I2C_2.o)
                0x1fff815d                I2C_2_state
 *fill*         0x1fff815e        0x2 00
 COMMON         0x1fff8160       0x11 .\CortexM3\ARM_GCC_473\Debug\Design01.a(I2C_2_MASTER.o)
                0x1fff8160                I2C_2_mstrRdBufPtr
                0x1fff8164                I2C_2_mstrControl
                0x1fff8165                I2C_2_mstrWrBufIndex
                0x1fff8166                I2C_2_mstrRdBufSize
                0x1fff8167                I2C_2_mstrStatus
                0x1fff8168                I2C_2_mstrWrBufSize
                0x1fff816c                I2C_2_mstrWrBufPtr
                0x1fff8170                I2C_2_mstrRdBufIndex
                0x1fff8178                . = ALIGN (0x8)
 *fill*         0x1fff8171        0x7 00
 *(.ram.b)
                0x1fff8178                _end = .
                0x1fff8178                __end = .
                0x1fff8178                PROVIDE (end, .)
                0x1fff8178                PROVIDE (__bss_end__, .)
                0x00001710                __cy_region_init_ram = LOADADDR (.data)
                0x00000018                __cy_region_init_size_ram = (_edata - ADDR (.data))
                0x00000058                __cy_region_zero_size_ram = (_end - _edata)

.heap           0x1fff8178     0x1000 load address 0x00001728
                0x1fff8178                . = _end
                0x1fff9178                . = (. + 0x1000)
 *fill*         0x1fff8178     0x1000 00
                0x1fff9178                __cy_heap_limit = .

.stack          0x20004000     0x4000
                0x20004000                __cy_stack_limit = .
                0x20008000                . = (. + 0x4000)
 *fill*         0x20004000     0x4000 00
                0x00000001                ASSERT ((__cy_stack_limit >= __cy_heap_limit), region RAM overflowed with stack)

.cyloadermeta
 *(.cyloadermeta)

.cyloadablemeta
 *(.cyloadablemeta)

.cyconfigecc    0x80000000      0xf70
 *(.cyconfigecc)
 .cyconfigecc   0x80000000      0xf70 .\CortexM3\ARM_GCC_473\Debug\cymetadata.o
                0x80000000                cy_meta_configecc

.cycustnvl      0x90000000        0x4
 *(.cycustnvl)
 .cycustnvl     0x90000000        0x4 .\CortexM3\ARM_GCC_473\Debug\cymetadata.o
                0x90000000                cy_meta_custnvl

.cywolatch      0x90100000        0x4
 *(.cywolatch)
 .cywolatch     0x90100000        0x4 .\CortexM3\ARM_GCC_473\Debug\cymetadata.o
                0x90100000                cy_meta_wonvl

.cyeeprom       0x90200000        0x0
 *(.cyeeprom)
                0x00000001                ASSERT ((. <= ((0x90200000 + ee_offset) + ee_size)), .cyeeprom data will not fit in EEPROM)

.cyflashprotect
                0x90400000      0x100
 *(.cyflashprotect)
 .cyflashprotect
                0x90400000      0x100 .\CortexM3\ARM_GCC_473\Debug\cymetadata.o
                0x90400000                cy_meta_flashprotect

.cymeta         0x90500000        0xc
 *(.cymeta)
 .cymeta        0x90500000        0xc .\CortexM3\ARM_GCC_473\Debug\cymetadata.o
                0x90500000                cy_metadata

.rel.dyn        0x00001728        0x0 load address 0x9050000c
 .rel.iplt      0x00000000        0x0 c:/program files (x86)/cypress/psoc creator/3.0/psoc creator/import/gnu_cs/arm/4.7.3/bin/../lib/gcc/arm-none-eabi/4.7.3/armv7-m/crtbegin.o

.stab
 *(.stab)

.stabstr
 *(.stabstr)

.debug
 *(.debug)

.line
 *(.line)

.debug_srcinfo
 *(.debug_srcinfo)

.debug_sfnames
 *(.debug_sfnames)

.debug_aranges  0x00000000      0x8b0
 *(.debug_aranges)
 .debug_aranges
                0x00000000       0x50 .\CortexM3\ARM_GCC_473\Debug\main.o
 .debug_aranges
                0x00000050       0x18 .\CortexM3\ARM_GCC_473\Debug\cymetadata.o
 .debug_aranges
                0x00000068       0x40 .\CortexM3\ARM_GCC_473\Debug\Cm3Start.o
 .debug_aranges
                0x000000a8       0x60 .\CortexM3\ARM_GCC_473\Debug\Design01.a(cyfitter_cfg.o)
 .debug_aranges
                0x00000108       0x38 .\CortexM3\ARM_GCC_473\Debug\Design01.a(B_LED.o)
 .debug_aranges
                0x00000140       0x38 .\CortexM3\ARM_GCC_473\Debug\Design01.a(R_LED.o)
 .debug_aranges
                0x00000178       0x20 .\CortexM3\ARM_GCC_473\Debug\Design01.a(CyBootAsmGnu.o)
 .debug_aranges
                0x00000198      0x218 .\CortexM3\ARM_GCC_473\Debug\Design01.a(CyLib.o)
 .debug_aranges
                0x000003b0       0x90 .\CortexM3\ARM_GCC_473\Debug\Design01.a(cyPm.o)
 .debug_aranges
                0x00000440       0x98 .\CortexM3\ARM_GCC_473\Debug\Design01.a(PWM_1.o)
 .debug_aranges
                0x000004d8       0x38 .\CortexM3\ARM_GCC_473\Debug\Design01.a(I2C_2.o)
 .debug_aranges
                0x00000510       0x20 .\CortexM3\ARM_GCC_473\Debug\Design01.a(I2C_2_INT.o)
 .debug_aranges
                0x00000530       0x88 .\CortexM3\ARM_GCC_473\Debug\Design01.a(I2C_2_MASTER.o)
 .debug_aranges
                0x000005b8       0x38 .\CortexM3\ARM_GCC_473\Debug\Design01.a(Enable2.o)
 .debug_aranges
                0x000005f0       0xf0 .\CortexM3\ARM_GCC_473\Debug\Design01.a(UART_1.o)
 .debug_aranges
                0x000006e0       0x80 .\CortexM3\ARM_GCC_473\Debug\Design01.a(isr_1.o)
 .debug_aranges
                0x00000760       0x70 .\CortexM3\ARM_GCC_473\Debug\Design01.a(UART_1_IntClock.o)
 .debug_aranges
                0x000007d0       0x78 .\CortexM3\ARM_GCC_473\Debug\Design01.a(CyFlash.o)
 .debug_aranges
                0x00000848       0x68 .\CortexM3\ARM_GCC_473\Debug\Design01.a(CySpc.o)

.debug_pubnames
 *(.debug_pubnames)

.debug_info     0x00000000     0x3d2a
 *(.debug_info .gnu.linkonce.wi.*)
 .debug_info    0x00000000      0x203 .\CortexM3\ARM_GCC_473\Debug\main.o
 .debug_info    0x00000203      0x143 .\CortexM3\ARM_GCC_473\Debug\cymetadata.o
 .debug_info    0x00000346      0x2ea .\CortexM3\ARM_GCC_473\Debug\Cm3Start.o
 .debug_info    0x00000630      0x47e .\CortexM3\ARM_GCC_473\Debug\Design01.a(cyfitter_cfg.o)
 .debug_info    0x00000aae      0x134 .\CortexM3\ARM_GCC_473\Debug\Design01.a(B_LED.o)
 .debug_info    0x00000be2      0x134 .\CortexM3\ARM_GCC_473\Debug\Design01.a(R_LED.o)
 .debug_info    0x00000d16       0x8e .\CortexM3\ARM_GCC_473\Debug\Design01.a(CyBootAsmGnu.o)
 .debug_info    0x00000da4      0xcd7 .\CortexM3\ARM_GCC_473\Debug\Design01.a(CyLib.o)
 .debug_info    0x00001a7b      0x5c3 .\CortexM3\ARM_GCC_473\Debug\Design01.a(cyPm.o)
 .debug_info    0x0000203e      0x2ea .\CortexM3\ARM_GCC_473\Debug\Design01.a(PWM_1.o)
 .debug_info    0x00002328      0x151 .\CortexM3\ARM_GCC_473\Debug\Design01.a(I2C_2.o)
 .debug_info    0x00002479      0x166 .\CortexM3\ARM_GCC_473\Debug\Design01.a(I2C_2_INT.o)
 .debug_info    0x000025df      0x453 .\CortexM3\ARM_GCC_473\Debug\Design01.a(I2C_2_MASTER.o)
 .debug_info    0x00002a32      0x134 .\CortexM3\ARM_GCC_473\Debug\Design01.a(Enable2.o)
 .debug_info    0x00002b66      0x58b .\CortexM3\ARM_GCC_473\Debug\Design01.a(UART_1.o)
 .debug_info    0x000030f1      0x278 .\CortexM3\ARM_GCC_473\Debug\Design01.a(isr_1.o)
 .debug_info    0x00003369      0x294 .\CortexM3\ARM_GCC_473\Debug\Design01.a(UART_1_IntClock.o)
 .debug_info    0x000035fd      0x354 .\CortexM3\ARM_GCC_473\Debug\Design01.a(CyFlash.o)
 .debug_info    0x00003951      0x3d9 .\CortexM3\ARM_GCC_473\Debug\Design01.a(CySpc.o)

.debug_abbrev   0x00000000     0x13cf
 *(.debug_abbrev)
 .debug_abbrev  0x00000000       0xea .\CortexM3\ARM_GCC_473\Debug\main.o
 .debug_abbrev  0x000000ea       0x77 .\CortexM3\ARM_GCC_473\Debug\cymetadata.o
 .debug_abbrev  0x00000161      0x175 .\CortexM3\ARM_GCC_473\Debug\Cm3Start.o
 .debug_abbrev  0x000002d6      0x1b9 .\CortexM3\ARM_GCC_473\Debug\Design01.a(cyfitter_cfg.o)
 .debug_abbrev  0x0000048f       0x92 .\CortexM3\ARM_GCC_473\Debug\Design01.a(B_LED.o)
 .debug_abbrev  0x00000521       0x92 .\CortexM3\ARM_GCC_473\Debug\Design01.a(R_LED.o)
 .debug_abbrev  0x000005b3       0x14 .\CortexM3\ARM_GCC_473\Debug\Design01.a(CyBootAsmGnu.o)
 .debug_abbrev  0x000005c7      0x207 .\CortexM3\ARM_GCC_473\Debug\Design01.a(CyLib.o)
 .debug_abbrev  0x000007ce      0x170 .\CortexM3\ARM_GCC_473\Debug\Design01.a(cyPm.o)
 .debug_abbrev  0x0000093e      0x130 .\CortexM3\ARM_GCC_473\Debug\Design01.a(PWM_1.o)
 .debug_abbrev  0x00000a6e       0xaa .\CortexM3\ARM_GCC_473\Debug\Design01.a(I2C_2.o)
 .debug_abbrev  0x00000b18       0x83 .\CortexM3\ARM_GCC_473\Debug\Design01.a(I2C_2_INT.o)
 .debug_abbrev  0x00000b9b      0x120 .\CortexM3\ARM_GCC_473\Debug\Design01.a(I2C_2_MASTER.o)
 .debug_abbrev  0x00000cbb       0x92 .\CortexM3\ARM_GCC_473\Debug\Design01.a(Enable2.o)
 .debug_abbrev  0x00000d4d      0x165 .\CortexM3\ARM_GCC_473\Debug\Design01.a(UART_1.o)
 .debug_abbrev  0x00000eb2      0x12d .\CortexM3\ARM_GCC_473\Debug\Design01.a(isr_1.o)
 .debug_abbrev  0x00000fdf      0x11f .\CortexM3\ARM_GCC_473\Debug\Design01.a(UART_1_IntClock.o)
 .debug_abbrev  0x000010fe      0x172 .\CortexM3\ARM_GCC_473\Debug\Design01.a(CyFlash.o)
 .debug_abbrev  0x00001270      0x15f .\CortexM3\ARM_GCC_473\Debug\Design01.a(CySpc.o)

.debug_line     0x00000000     0x21ab
 *(.debug_line)
 .debug_line    0x00000000      0x1d4 .\CortexM3\ARM_GCC_473\Debug\main.o
 .debug_line    0x000001d4       0x53 .\CortexM3\ARM_GCC_473\Debug\cymetadata.o
 .debug_line    0x00000227      0x1b0 .\CortexM3\ARM_GCC_473\Debug\Cm3Start.o
 .debug_line    0x000003d7      0x227 .\CortexM3\ARM_GCC_473\Debug\Design01.a(cyfitter_cfg.o)
 .debug_line    0x000005fe       0x97 .\CortexM3\ARM_GCC_473\Debug\Design01.a(B_LED.o)
 .debug_line    0x00000695       0x97 .\CortexM3\ARM_GCC_473\Debug\Design01.a(R_LED.o)
 .debug_line    0x0000072c       0x68 .\CortexM3\ARM_GCC_473\Debug\Design01.a(CyBootAsmGnu.o)
 .debug_line    0x00000794      0x73b .\CortexM3\ARM_GCC_473\Debug\Design01.a(CyLib.o)
 .debug_line    0x00000ecf      0x370 .\CortexM3\ARM_GCC_473\Debug\Design01.a(cyPm.o)
 .debug_line    0x0000123f      0x18d .\CortexM3\ARM_GCC_473\Debug\Design01.a(PWM_1.o)
 .debug_line    0x000013cc       0xb5 .\CortexM3\ARM_GCC_473\Debug\Design01.a(I2C_2.o)
 .debug_line    0x00001481      0x13f .\CortexM3\ARM_GCC_473\Debug\Design01.a(I2C_2_INT.o)
 .debug_line    0x000015c0      0x21b .\CortexM3\ARM_GCC_473\Debug\Design01.a(I2C_2_MASTER.o)
 .debug_line    0x000017db       0x99 .\CortexM3\ARM_GCC_473\Debug\Design01.a(Enable2.o)
 .debug_line    0x00001874      0x2f1 .\CortexM3\ARM_GCC_473\Debug\Design01.a(UART_1.o)
 .debug_line    0x00001b65      0x150 .\CortexM3\ARM_GCC_473\Debug\Design01.a(isr_1.o)
 .debug_line    0x00001cb5      0x1a6 .\CortexM3\ARM_GCC_473\Debug\Design01.a(UART_1_IntClock.o)
 .debug_line    0x00001e5b      0x1a9 .\CortexM3\ARM_GCC_473\Debug\Design01.a(CyFlash.o)
 .debug_line    0x00002004      0x1a7 .\CortexM3\ARM_GCC_473\Debug\Design01.a(CySpc.o)

.debug_frame    0x00000000     0x1b18
 *(.debug_frame)
 .debug_frame   0x00000000       0xd4 .\CortexM3\ARM_GCC_473\Debug\main.o
 .debug_frame   0x000000d4       0xa4 .\CortexM3\ARM_GCC_473\Debug\Cm3Start.o
 .debug_frame   0x00000178      0x120 .\CortexM3\ARM_GCC_473\Debug\Design01.a(cyfitter_cfg.o)
 .debug_frame   0x00000298       0x80 .\CortexM3\ARM_GCC_473\Debug\Design01.a(B_LED.o)
 .debug_frame   0x00000318       0x80 .\CortexM3\ARM_GCC_473\Debug\Design01.a(R_LED.o)
 .debug_frame   0x00000398      0x778 .\CortexM3\ARM_GCC_473\Debug\Design01.a(CyLib.o)
 .debug_frame   0x00000b10      0x1d0 .\CortexM3\ARM_GCC_473\Debug\Design01.a(cyPm.o)
 .debug_frame   0x00000ce0      0x1d4 .\CortexM3\ARM_GCC_473\Debug\Design01.a(PWM_1.o)
 .debug_frame   0x00000eb4       0x84 .\CortexM3\ARM_GCC_473\Debug\Design01.a(I2C_2.o)
 .debug_frame   0x00000f38       0x30 .\CortexM3\ARM_GCC_473\Debug\Design01.a(I2C_2_INT.o)
 .debug_frame   0x00000f68      0x198 .\CortexM3\ARM_GCC_473\Debug\Design01.a(I2C_2_MASTER.o)
 .debug_frame   0x00001100       0x80 .\CortexM3\ARM_GCC_473\Debug\Design01.a(Enable2.o)
 .debug_frame   0x00001180      0x328 .\CortexM3\ARM_GCC_473\Debug\Design01.a(UART_1.o)
 .debug_frame   0x000014a8      0x180 .\CortexM3\ARM_GCC_473\Debug\Design01.a(isr_1.o)
 .debug_frame   0x00001628      0x14c .\CortexM3\ARM_GCC_473\Debug\Design01.a(UART_1_IntClock.o)
 .debug_frame   0x00001774      0x178 .\CortexM3\ARM_GCC_473\Debug\Design01.a(CyFlash.o)
 .debug_frame   0x000018ec      0x13c .\CortexM3\ARM_GCC_473\Debug\Design01.a(CySpc.o)
 .debug_frame   0x00001a28       0x28 c:/program files (x86)/cypress/psoc creator/3.0/psoc creator/import/gnu_cs/arm/4.7.3/bin/../lib/gcc/arm-none-eabi/4.7.3/../../../../arm-none-eabi/lib/armv7-m\libc_s.a(lib_a-__atexit2.o)
 .debug_frame   0x00001a50       0x28 c:/program files (x86)/cypress/psoc creator/3.0/psoc creator/import/gnu_cs/arm/4.7.3/bin/../lib/gcc/arm-none-eabi/4.7.3/../../../../arm-none-eabi/lib/armv7-m\libc_s.a(lib_a-exit.o)
 .debug_frame   0x00001a78       0x2c c:/program files (x86)/cypress/psoc creator/3.0/psoc creator/import/gnu_cs/arm/4.7.3/bin/../lib/gcc/arm-none-eabi/4.7.3/../../../../arm-none-eabi/lib/armv7-m\libc_s.a(lib_a-fini.o)
 .debug_frame   0x00001aa4       0x2c c:/program files (x86)/cypress/psoc creator/3.0/psoc creator/import/gnu_cs/arm/4.7.3/bin/../lib/gcc/arm-none-eabi/4.7.3/../../../../arm-none-eabi/lib/armv7-m\libc_s.a(lib_a-init.o)
 .debug_frame   0x00001ad0       0x28 c:/program files (x86)/cypress/psoc creator/3.0/psoc creator/import/gnu_cs/arm/4.7.3/bin/../lib/gcc/arm-none-eabi/4.7.3/../../../../arm-none-eabi/lib/armv7-m\libc_s.a(lib_a-memcpy.o)
 .debug_frame   0x00001af8       0x20 c:/program files (x86)/cypress/psoc creator/3.0/psoc creator/import/gnu_cs/arm/4.7.3/bin/../lib/gcc/arm-none-eabi/4.7.3/../../../../arm-none-eabi/lib/armv7-m\libc_s.a(lib_a-memset.o)

.debug_str      0x00000000     0x1b66
 *(.debug_str)
 .debug_str     0x00000000      0x188 .\CortexM3\ARM_GCC_473\Debug\main.o
                                0x1c1 (size before relaxing)
 .debug_str     0x00000188       0x77 .\CortexM3\ARM_GCC_473\Debug\cymetadata.o
                                0x1a3 (size before relaxing)
 .debug_str     0x000001ff      0x10c .\CortexM3\ARM_GCC_473\Debug\Cm3Start.o
                                0x25f (size before relaxing)
 .debug_str     0x0000030b      0x193 .\CortexM3\ARM_GCC_473\Debug\Design01.a(cyfitter_cfg.o)
                                0x2e5 (size before relaxing)
 .debug_str     0x0000049e       0x68 .\CortexM3\ARM_GCC_473\Debug\Design01.a(B_LED.o)
                                0x19b (size before relaxing)
 .debug_str     0x00000506       0x5d .\CortexM3\ARM_GCC_473\Debug\Design01.a(R_LED.o)
                                0x19b (size before relaxing)
 .debug_str     0x00000563      0x628 .\CortexM3\ARM_GCC_473\Debug\Design01.a(CyLib.o)
                                0x7c5 (size before relaxing)
 .debug_str     0x00000b8b      0x371 .\CortexM3\ARM_GCC_473\Debug\Design01.a(cyPm.o)
                                0x4d4 (size before relaxing)
 .debug_str     0x00000efc      0x199 .\CortexM3\ARM_GCC_473\Debug\Design01.a(PWM_1.o)
                                0x2d1 (size before relaxing)
 .debug_str     0x00001095       0x7b .\CortexM3\ARM_GCC_473\Debug\Design01.a(I2C_2.o)
                                0x1b9 (size before relaxing)
 .debug_str     0x00001110       0xd1 .\CortexM3\ARM_GCC_473\Debug\Design01.a(I2C_2_INT.o)
                                0x21b (size before relaxing)
 .debug_str     0x000011e1      0x19f .\CortexM3\ARM_GCC_473\Debug\Design01.a(I2C_2_MASTER.o)
                                0x390 (size before relaxing)
 .debug_str     0x00001380       0x67 .\CortexM3\ARM_GCC_473\Debug\Design01.a(Enable2.o)
                                0x1a5 (size before relaxing)
 .debug_str     0x000013e7      0x2a5 .\CortexM3\ARM_GCC_473\Debug\Design01.a(UART_1.o)
                                0x40a (size before relaxing)
 .debug_str     0x0000168c       0xe8 .\CortexM3\ARM_GCC_473\Debug\Design01.a(isr_1.o)
                                0x253 (size before relaxing)
 .debug_str     0x00001774      0x1c4 .\CortexM3\ARM_GCC_473\Debug\Design01.a(UART_1_IntClock.o)
                                0x307 (size before relaxing)
 .debug_str     0x00001938      0x130 .\CortexM3\ARM_GCC_473\Debug\Design01.a(CyFlash.o)
                                0x29a (size before relaxing)
 .debug_str     0x00001a68       0xfe .\CortexM3\ARM_GCC_473\Debug\Design01.a(CySpc.o)
                                0x276 (size before relaxing)

.debug_loc      0x00000000     0x2c0c
 *(.debug_loc)
 .debug_loc     0x00000000      0x134 .\CortexM3\ARM_GCC_473\Debug\main.o
 .debug_loc     0x00000134      0x100 .\CortexM3\ARM_GCC_473\Debug\Cm3Start.o
 .debug_loc     0x00000234      0x1f8 .\CortexM3\ARM_GCC_473\Debug\Design01.a(cyfitter_cfg.o)
 .debug_loc     0x0000042c       0xc8 .\CortexM3\ARM_GCC_473\Debug\Design01.a(B_LED.o)
 .debug_loc     0x000004f4       0xc8 .\CortexM3\ARM_GCC_473\Debug\Design01.a(R_LED.o)
 .debug_loc     0x000005bc      0xce0 .\CortexM3\ARM_GCC_473\Debug\Design01.a(CyLib.o)
 .debug_loc     0x0000129c      0x2e8 .\CortexM3\ARM_GCC_473\Debug\Design01.a(cyPm.o)
 .debug_loc     0x00001584      0x320 .\CortexM3\ARM_GCC_473\Debug\Design01.a(PWM_1.o)
 .debug_loc     0x000018a4       0xbc .\CortexM3\ARM_GCC_473\Debug\Design01.a(I2C_2.o)
 .debug_loc     0x00001960       0x38 .\CortexM3\ARM_GCC_473\Debug\Design01.a(I2C_2_INT.o)
 .debug_loc     0x00001998      0x2d4 .\CortexM3\ARM_GCC_473\Debug\Design01.a(I2C_2_MASTER.o)
 .debug_loc     0x00001c6c       0xc8 .\CortexM3\ARM_GCC_473\Debug\Design01.a(Enable2.o)
 .debug_loc     0x00001d34      0x5ac .\CortexM3\ARM_GCC_473\Debug\Design01.a(UART_1.o)
 .debug_loc     0x000022e0      0x278 .\CortexM3\ARM_GCC_473\Debug\Design01.a(isr_1.o)
 .debug_loc     0x00002558      0x22c .\CortexM3\ARM_GCC_473\Debug\Design01.a(UART_1_IntClock.o)
 .debug_loc     0x00002784      0x258 .\CortexM3\ARM_GCC_473\Debug\Design01.a(CyFlash.o)
 .debug_loc     0x000029dc      0x230 .\CortexM3\ARM_GCC_473\Debug\Design01.a(CySpc.o)

.debug_macinfo
 *(.debug_macinfo)

.debug_ranges   0x00000000      0x768
 *(.debug_ranges)
 .debug_ranges  0x00000000       0x40 .\CortexM3\ARM_GCC_473\Debug\main.o
 .debug_ranges  0x00000040       0x30 .\CortexM3\ARM_GCC_473\Debug\Cm3Start.o
 .debug_ranges  0x00000070       0x50 .\CortexM3\ARM_GCC_473\Debug\Design01.a(cyfitter_cfg.o)
 .debug_ranges  0x000000c0       0x28 .\CortexM3\ARM_GCC_473\Debug\Design01.a(B_LED.o)
 .debug_ranges  0x000000e8       0x28 .\CortexM3\ARM_GCC_473\Debug\Design01.a(R_LED.o)
 .debug_ranges  0x00000110      0x208 .\CortexM3\ARM_GCC_473\Debug\Design01.a(CyLib.o)
 .debug_ranges  0x00000318       0x80 .\CortexM3\ARM_GCC_473\Debug\Design01.a(cyPm.o)
 .debug_ranges  0x00000398       0x88 .\CortexM3\ARM_GCC_473\Debug\Design01.a(PWM_1.o)
 .debug_ranges  0x00000420       0x28 .\CortexM3\ARM_GCC_473\Debug\Design01.a(I2C_2.o)
 .debug_ranges  0x00000448       0x10 .\CortexM3\ARM_GCC_473\Debug\Design01.a(I2C_2_INT.o)
 .debug_ranges  0x00000458       0x78 .\CortexM3\ARM_GCC_473\Debug\Design01.a(I2C_2_MASTER.o)
 .debug_ranges  0x000004d0       0x28 .\CortexM3\ARM_GCC_473\Debug\Design01.a(Enable2.o)
 .debug_ranges  0x000004f8       0xe0 .\CortexM3\ARM_GCC_473\Debug\Design01.a(UART_1.o)
 .debug_ranges  0x000005d8       0x70 .\CortexM3\ARM_GCC_473\Debug\Design01.a(isr_1.o)
 .debug_ranges  0x00000648       0x60 .\CortexM3\ARM_GCC_473\Debug\Design01.a(UART_1_IntClock.o)
 .debug_ranges  0x000006a8       0x68 .\CortexM3\ARM_GCC_473\Debug\Design01.a(CyFlash.o)
 .debug_ranges  0x00000710       0x58 .\CortexM3\ARM_GCC_473\Debug\Design01.a(CySpc.o)

.comment        0x00000000       0x70
 .comment       0x00000000       0x70 .\CortexM3\ARM_GCC_473\Debug\main.o
                                 0x71 (size before relaxing)
 .comment       0x00000000       0x71 .\CortexM3\ARM_GCC_473\Debug\cymetadata.o
 .comment       0x00000000       0x71 .\CortexM3\ARM_GCC_473\Debug\Cm3Start.o
 .comment       0x00000000       0x71 .\CortexM3\ARM_GCC_473\Debug\Design01.a(cyfitter_cfg.o)
 .comment       0x00000000       0x71 .\CortexM3\ARM_GCC_473\Debug\Design01.a(B_LED.o)
 .comment       0x00000000       0x71 .\CortexM3\ARM_GCC_473\Debug\Design01.a(R_LED.o)
 .comment       0x00000000       0x71 .\CortexM3\ARM_GCC_473\Debug\Design01.a(CyLib.o)
 .comment       0x00000000       0x71 .\CortexM3\ARM_GCC_473\Debug\Design01.a(cyPm.o)
 .comment       0x00000000       0x71 .\CortexM3\ARM_GCC_473\Debug\Design01.a(PWM_1.o)
 .comment       0x00000000       0x71 .\CortexM3\ARM_GCC_473\Debug\Design01.a(I2C_2.o)
 .comment       0x00000000       0x71 .\CortexM3\ARM_GCC_473\Debug\Design01.a(I2C_2_INT.o)
 .comment       0x00000000       0x71 .\CortexM3\ARM_GCC_473\Debug\Design01.a(I2C_2_MASTER.o)
 .comment       0x00000000       0x71 .\CortexM3\ARM_GCC_473\Debug\Design01.a(Enable2.o)
 .comment       0x00000000       0x71 .\CortexM3\ARM_GCC_473\Debug\Design01.a(UART_1.o)
 .comment       0x00000000       0x71 .\CortexM3\ARM_GCC_473\Debug\Design01.a(isr_1.o)
 .comment       0x00000000       0x71 .\CortexM3\ARM_GCC_473\Debug\Design01.a(UART_1_IntClock.o)
 .comment       0x00000000       0x71 .\CortexM3\ARM_GCC_473\Debug\Design01.a(CyFlash.o)
 .comment       0x00000000       0x71 .\CortexM3\ARM_GCC_473\Debug\Design01.a(CySpc.o)

.debug_weaknames
 *(.debug_weaknames)

.debug_funcnames
 *(.debug_funcnames)

.debug_typenames
 *(.debug_typenames)

.debug_varnames
 *(.debug_varnames)

.note.gnu.arm.ident
 *(.note.gnu.arm.ident)

.ARM.attributes
                0x00000000       0x29
 *(.ARM.attributes)
 .ARM.attributes
                0x00000000       0x1d c:/program files (x86)/cypress/psoc creator/3.0/psoc creator/import/gnu_cs/arm/4.7.3/bin/../lib/gcc/arm-none-eabi/4.7.3/armv7-m/crti.o
 .ARM.attributes
                0x0000001d       0x2d c:/program files (x86)/cypress/psoc creator/3.0/psoc creator/import/gnu_cs/arm/4.7.3/bin/../lib/gcc/arm-none-eabi/4.7.3/armv7-m/crtbegin.o
 .ARM.attributes
                0x0000004a       0x1b c:/program files (x86)/cypress/psoc creator/3.0/psoc creator/import/gnu_cs/arm/4.7.3/bin/../lib/gcc/arm-none-eabi/4.7.3/../../../../arm-none-eabi/lib/armv7-m/crt0.o
 .ARM.attributes
                0x00000065       0x33 .\CortexM3\ARM_GCC_473\Debug\main.o
 .ARM.attributes
                0x00000098       0x33 .\CortexM3\ARM_GCC_473\Debug\cymetadata.o
 .ARM.attributes
                0x000000cb       0x33 .\CortexM3\ARM_GCC_473\Debug\Cm3Start.o
 .ARM.attributes
                0x000000fe       0x33 .\CortexM3\ARM_GCC_473\Debug\Design01.a(cyfitter_cfg.o)
 .ARM.attributes
                0x00000131       0x33 .\CortexM3\ARM_GCC_473\Debug\Design01.a(B_LED.o)
 .ARM.attributes
                0x00000164       0x33 .\CortexM3\ARM_GCC_473\Debug\Design01.a(R_LED.o)
 .ARM.attributes
                0x00000197       0x21 .\CortexM3\ARM_GCC_473\Debug\Design01.a(CyBootAsmGnu.o)
 .ARM.attributes
                0x000001b8       0x33 .\CortexM3\ARM_GCC_473\Debug\Design01.a(CyLib.o)
 .ARM.attributes
                0x000001eb       0x33 .\CortexM3\ARM_GCC_473\Debug\Design01.a(cyPm.o)
 .ARM.attributes
                0x0000021e       0x33 .\CortexM3\ARM_GCC_473\Debug\Design01.a(PWM_1.o)
 .ARM.attributes
                0x00000251       0x33 .\CortexM3\ARM_GCC_473\Debug\Design01.a(I2C_2.o)
 .ARM.attributes
                0x00000284       0x33 .\CortexM3\ARM_GCC_473\Debug\Design01.a(I2C_2_INT.o)
 .ARM.attributes
                0x000002b7       0x33 .\CortexM3\ARM_GCC_473\Debug\Design01.a(I2C_2_MASTER.o)
 .ARM.attributes
                0x000002ea       0x33 .\CortexM3\ARM_GCC_473\Debug\Design01.a(Enable2.o)
 .ARM.attributes
                0x0000031d       0x33 .\CortexM3\ARM_GCC_473\Debug\Design01.a(UART_1.o)
 .ARM.attributes
                0x00000350       0x33 .\CortexM3\ARM_GCC_473\Debug\Design01.a(isr_1.o)
 .ARM.attributes
                0x00000383       0x33 .\CortexM3\ARM_GCC_473\Debug\Design01.a(UART_1_IntClock.o)
 .ARM.attributes
                0x000003b6       0x33 .\CortexM3\ARM_GCC_473\Debug\Design01.a(CyFlash.o)
 .ARM.attributes
                0x000003e9       0x33 .\CortexM3\ARM_GCC_473\Debug\Design01.a(CySpc.o)
 .ARM.attributes
                0x0000041c       0x2d c:/program files (x86)/cypress/psoc creator/3.0/psoc creator/import/gnu_cs/arm/4.7.3/bin/../lib/gcc/arm-none-eabi/4.7.3/../../../../arm-none-eabi/lib/armv7-m\libc_s.a(lib_a-__atexit2.o)
 .ARM.attributes
                0x00000449       0x2d c:/program files (x86)/cypress/psoc creator/3.0/psoc creator/import/gnu_cs/arm/4.7.3/bin/../lib/gcc/arm-none-eabi/4.7.3/../../../../arm-none-eabi/lib/armv7-m\libc_s.a(lib_a-exit.o)
 .ARM.attributes
                0x00000476       0x2d c:/program files (x86)/cypress/psoc creator/3.0/psoc creator/import/gnu_cs/arm/4.7.3/bin/../lib/gcc/arm-none-eabi/4.7.3/../../../../arm-none-eabi/lib/armv7-m\libc_s.a(lib_a-fini.o)
 .ARM.attributes
                0x000004a3       0x2d c:/program files (x86)/cypress/psoc creator/3.0/psoc creator/import/gnu_cs/arm/4.7.3/bin/../lib/gcc/arm-none-eabi/4.7.3/../../../../arm-none-eabi/lib/armv7-m\libc_s.a(lib_a-impure.o)
 .ARM.attributes
                0x000004d0       0x2d c:/program files (x86)/cypress/psoc creator/3.0/psoc creator/import/gnu_cs/arm/4.7.3/bin/../lib/gcc/arm-none-eabi/4.7.3/../../../../arm-none-eabi/lib/armv7-m\libc_s.a(lib_a-init.o)
 .ARM.attributes
                0x000004fd       0x2d c:/program files (x86)/cypress/psoc creator/3.0/psoc creator/import/gnu_cs/arm/4.7.3/bin/../lib/gcc/arm-none-eabi/4.7.3/../../../../arm-none-eabi/lib/armv7-m\libc_s.a(lib_a-memcpy.o)
 .ARM.attributes
                0x0000052a       0x2d c:/program files (x86)/cypress/psoc creator/3.0/psoc creator/import/gnu_cs/arm/4.7.3/bin/../lib/gcc/arm-none-eabi/4.7.3/../../../../arm-none-eabi/lib/armv7-m\libc_s.a(lib_a-memset.o)
 .ARM.attributes
                0x00000557       0x2d c:/program files (x86)/cypress/psoc creator/3.0/psoc creator/import/gnu_cs/arm/4.7.3/bin/../lib/gcc/arm-none-eabi/4.7.3/armv7-m/crtend.o
 .ARM.attributes
                0x00000584       0x1d c:/program files (x86)/cypress/psoc creator/3.0/psoc creator/import/gnu_cs/arm/4.7.3/bin/../lib/gcc/arm-none-eabi/4.7.3/armv7-m/crtn.o

/DISCARD/
 *(.note.GNU-stack)
OUTPUT(.\CortexM3\ARM_GCC_473\Debug\Design01.elf elf32-littlearm)
