Archive member included because of file (symbol)

.\CortexM3\ARM_GCC_473\Debug\Design01.a(cyfitter_cfg.o)
                              .\CortexM3\ARM_GCC_473\Debug\Cm3Start.o (cyfitter_cfg)
.\CortexM3\ARM_GCC_473\Debug\Design01.a(B_LED.o)
                              .\CortexM3\ARM_GCC_473\Debug\main.o (B_LED_Write)
.\CortexM3\ARM_GCC_473\Debug\Design01.a(R_LED.o)
                              .\CortexM3\ARM_GCC_473\Debug\main.o (R_LED_Write)
.\CortexM3\ARM_GCC_473\Debug\Design01.a(CyBootAsmGnu.o)
                              .\CortexM3\ARM_GCC_473\Debug\Design01.a(cyfitter_cfg.o) (CyDelayCycles)
.\CortexM3\ARM_GCC_473\Debug\Design01.a(CyLib.o)
                              .\CortexM3\ARM_GCC_473\Debug\Cm3Start.o (CyResetStatus)
.\CortexM3\ARM_GCC_473\Debug\Design01.a(cyPm.o)
                              .\CortexM3\ARM_GCC_473\Debug\Design01.a(CyLib.o) (CyPmReadStatus)
.\CortexM3\ARM_GCC_473\Debug\Design01.a(PWM_1.o)
                              .\CortexM3\ARM_GCC_473\Debug\main.o (PWM_1_Start)
.\CortexM3\ARM_GCC_473\Debug\Design01.a(UART_1.o)
                              .\CortexM3\ARM_GCC_473\Debug\main.o (UART_1_ReadRxData)
.\CortexM3\ARM_GCC_473\Debug\Design01.a(UART_1_INT.o)
                              .\CortexM3\ARM_GCC_473\Debug\Design01.a(UART_1.o) (UART_1_RXISR)
.\CortexM3\ARM_GCC_473\Debug\Design01.a(isr_1.o)
                              .\CortexM3\ARM_GCC_473\Debug\main.o (isr_1_StartEx)
.\CortexM3\ARM_GCC_473\Debug\Design01.a(UART_1_IntClock.o)
                              .\CortexM3\ARM_GCC_473\Debug\Design01.a(UART_1.o) (UART_1_IntClock_Start)
.\CortexM3\ARM_GCC_473\Debug\Design01.a(VDAC8_1.o)
                              .\CortexM3\ARM_GCC_473\Debug\main.o (VDAC8_1_Start)
.\CortexM3\ARM_GCC_473\Debug\Design01.a(VDAC8_2.o)
                              .\CortexM3\ARM_GCC_473\Debug\main.o (VDAC8_2_Start)
.\CortexM3\ARM_GCC_473\Debug\Design01.a(VDAC8_3.o)
                              .\CortexM3\ARM_GCC_473\Debug\main.o (VDAC8_3_Start)
.\CortexM3\ARM_GCC_473\Debug\Design01.a(VDAC8_4.o)
                              .\CortexM3\ARM_GCC_473\Debug\main.o (VDAC8_4_Start)
.\CortexM3\ARM_GCC_473\Debug\Design01.a(CW_CCW_1.o)
                              .\CortexM3\ARM_GCC_473\Debug\main.o (CW_CCW_1_Write)
.\CortexM3\ARM_GCC_473\Debug\Design01.a(CW_CCW_2.o)
                              .\CortexM3\ARM_GCC_473\Debug\main.o (CW_CCW_2_Write)
.\CortexM3\ARM_GCC_473\Debug\Design01.a(CW_CCW_3.o)
                              .\CortexM3\ARM_GCC_473\Debug\main.o (CW_CCW_3_Write)
.\CortexM3\ARM_GCC_473\Debug\Design01.a(CW_CCW_4.o)
                              .\CortexM3\ARM_GCC_473\Debug\main.o (CW_CCW_4_Write)
.\CortexM3\ARM_GCC_473\Debug\Design01.a(RUN_BRAKE_1.o)
                              .\CortexM3\ARM_GCC_473\Debug\main.o (RUN_BRAKE_1_Write)
.\CortexM3\ARM_GCC_473\Debug\Design01.a(RUN_BRAKE_2.o)
                              .\CortexM3\ARM_GCC_473\Debug\main.o (RUN_BRAKE_2_Write)
.\CortexM3\ARM_GCC_473\Debug\Design01.a(RUN_BRAKE_3.o)
                              .\CortexM3\ARM_GCC_473\Debug\main.o (RUN_BRAKE_3_Write)
.\CortexM3\ARM_GCC_473\Debug\Design01.a(RUN_BRAKE_4.o)
                              .\CortexM3\ARM_GCC_473\Debug\main.o (RUN_BRAKE_4_Write)
.\CortexM3\ARM_GCC_473\Debug\Design01.a(CyFlash.o)
                              .\CortexM3\ARM_GCC_473\Debug\Design01.a(cyPm.o) (CyFlash_SetWaitCycles)
.\CortexM3\ARM_GCC_473\Debug\Design01.a(CySpc.o)
                              .\CortexM3\ARM_GCC_473\Debug\Design01.a(CyFlash.o) (CySpcStart)
c:/program files (x86)/cypress/psoc creator/3.0/psoc creator/import/gnu_cs/arm/4.7.3/bin/../lib/gcc/arm-none-eabi/4.7.3/../../../../arm-none-eabi/lib/armv7-m\libc_s.a(lib_a-__atexit2.o)
                              c:/program files (x86)/cypress/psoc creator/3.0/psoc creator/import/gnu_cs/arm/4.7.3/bin/../lib/gcc/arm-none-eabi/4.7.3/../../../../arm-none-eabi/lib/armv7-m/crt0.o (__register_exitproc)
c:/program files (x86)/cypress/psoc creator/3.0/psoc creator/import/gnu_cs/arm/4.7.3/bin/../lib/gcc/arm-none-eabi/4.7.3/../../../../arm-none-eabi/lib/armv7-m\libc_s.a(lib_a-exit.o)
                              c:/program files (x86)/cypress/psoc creator/3.0/psoc creator/import/gnu_cs/arm/4.7.3/bin/../lib/gcc/arm-none-eabi/4.7.3/../../../../arm-none-eabi/lib/armv7-m/crt0.o (exit)
c:/program files (x86)/cypress/psoc creator/3.0/psoc creator/import/gnu_cs/arm/4.7.3/bin/../lib/gcc/arm-none-eabi/4.7.3/../../../../arm-none-eabi/lib/armv7-m\libc_s.a(lib_a-fini.o)
                              c:/program files (x86)/cypress/psoc creator/3.0/psoc creator/import/gnu_cs/arm/4.7.3/bin/../lib/gcc/arm-none-eabi/4.7.3/../../../../arm-none-eabi/lib/armv7-m/crt0.o (__libc_fini_array)
c:/program files (x86)/cypress/psoc creator/3.0/psoc creator/import/gnu_cs/arm/4.7.3/bin/../lib/gcc/arm-none-eabi/4.7.3/../../../../arm-none-eabi/lib/armv7-m\libc_s.a(lib_a-impure.o)
[...]
Memory Configuration

Name             Origin             Length             Attributes
rom              0x00000000         0x00040000         xr
ram              0x1fff8000         0x00010000         xrw
*default*        0x00000000         0xffffffff

Linker script and memory map

LOAD c:/program files (x86)/cypress/psoc creator/3.0/psoc creator/import/gnu_cs/arm/4.7.3/bin/../lib/gcc/arm-none-eabi/4.7.3/armv7-m/crti.o
LOAD c:/program files (x86)/cypress/psoc creator/3.0/psoc creator/import/gnu_cs/arm/4.7.3/bin/../lib/gcc/arm-none-eabi/4.7.3/armv7-m/crtbegin.o
LOAD c:/program files (x86)/cypress/psoc creator/3.0/psoc creator/import/gnu_cs/arm/4.7.3/bin/../lib/gcc/arm-none-eabi/4.7.3/../../../../arm-none-eabi/lib/armv7-m/crt0.o
START GROUP
LOAD .\CortexM3\ARM_GCC_473\Debug\main.o
LOAD .\CortexM3\ARM_GCC_473\Debug\cymetadata.o
LOAD .\CortexM3\ARM_GCC_473\Debug\Cm3Start.o
LOAD .\CortexM3\ARM_GCC_473\Debug\Design01.a
LOAD C:\Program Files (x86)\Cypress\PSoC Creator\3.0\PSoC Creator\psoc\content\cycomponentlibrary\CyComponentLibrary.cylib\CortexM3\ARM_GCC_473\Debug\CyComponentLibrary.a
END GROUP
START GROUP
LOAD c:/program files (x86)/cypress/psoc creator/3.0/psoc creator/import/gnu_cs/arm/4.7.3/bin/../lib/gcc/arm-none-eabi/4.7.3/armv7-m\libgcc.a
LOAD c:/program files (x86)/cypress/psoc creator/3.0/psoc creator/import/gnu_cs/arm/4.7.3/bin/../lib/gcc/arm-none-eabi/4.7.3/../../../../arm-none-eabi/lib/armv7-m\libc_s.a
END GROUP
LOAD c:/program files (x86)/cypress/psoc creator/3.0/psoc creator/import/gnu_cs/arm/4.7.3/bin/../lib/gcc/arm-none-eabi/4.7.3/armv7-m/crtend.o
LOAD c:/program files (x86)/cypress/psoc creator/3.0/psoc creator/import/gnu_cs/arm/4.7.3/bin/../lib/gcc/arm-none-eabi/4.7.3/armv7-m/crtn.o
START GROUP
LOAD c:/program files (x86)/cypress/psoc creator/3.0/psoc creator/import/gnu_cs/arm/4.7.3/bin/../lib/gcc/arm-none-eabi/4.7.3/armv7-m\libgcc.a
LOAD c:/program files (x86)/cypress/psoc creator/3.0/psoc creator/import/gnu_cs/arm/4.7.3/bin/../lib/gcc/arm-none-eabi/4.7.3/../../../../arm-none-eabi/lib/armv7-m\libc.a
LOAD c:/program files (x86)/cypress/psoc creator/3.0/psoc creator/import/gnu_cs/arm/4.7.3/bin/../lib/gcc/arm-none-eabi/4.7.3/../../../../arm-none-eabi/lib/armv7-m\libnosys.a
END GROUP
                0x00000000                CY_APPL_ORIGIN = 0x0
                0x00000100                CY_FLASH_ROW_SIZE = 0x100
                0x00000020                CY_ECC_ROW_SIZE = 0x20
                0x00000000                CY_EE_IN_BTLDR = 0x0
                0x00000000                CY_APPL_LOADABLE = 0x0
                0x00000800                CY_EE_SIZE = 0x800
                0x00000001                CY_APPL_NUM = 0x1
                0x00000001                CY_APPL_MAX = 0x1
                0x00000040                CY_METADATA_SIZE = 0x40
                0x1fff8178                PROVIDE (__cy_heap_start, _end)
                0x00000001                PROVIDE (__cy_region_num, ((__cy_regions_end - __cy_regions) / 0x10))
                0x20008000                PROVIDE (__cy_stack, (ORIGIN (ram) + 0x10000))
                0x20004000                PROVIDE (__cy_heap_end, (__cy_stack - 0x4000))

.cybootloader   0x00000000        0x0
 *(.cybootloader)
                0x00000000                appl1_start = CY_APPL_ORIGIN?CY_APPL_ORIGIN:ALIGN (CY_FLASH_ROW_SIZE)
                0x0001ff00                appl2_start = (appl1_start + ALIGN ((((0x40000 - appl1_start) - (0x2 * CY_FLASH_ROW_SIZE)) / 0x2), CY_FLASH_ROW_SIZE))
                0x00000000                appl_start = (CY_APPL_NUM == 0x1)?appl1_start:appl2_start
                0x00000000                ecc_offset = ((appl_start / CY_FLASH_ROW_SIZE) * CY_ECC_ROW_SIZE)
                0x00000000                ee_offset = (CY_APPL_LOADABLE && ! (CY_EE_IN_BTLDR))?((CY_EE_SIZE / CY_APPL_MAX) * (CY_APPL_NUM - 0x1)):0x0
                0x00000800                ee_size = (CY_APPL_LOADABLE && ! (CY_EE_IN_BTLDR))?(CY_EE_SIZE / CY_APPL_MAX):CY_EE_SIZE
                0x00000000                PROVIDE (CY_ECC_OFFSET, ecc_offset)

.text           0x00000000     0x1a2e
 CREATE_OBJECT_SYMBOLS
                0x00000000                PROVIDE (__cy_interrupt_vector, RomVectors)
 *(.romvectors)
 .romvectors    0x00000000       0x10 .\CortexM3\ARM_GCC_473\Debug\Cm3Start.o
                0x00000000                RomVectors
                0x00000001                ASSERT ((. != __cy_interrupt_vector), No interrupt vector)
                0x00000001                ASSERT (CY_APPL_ORIGIN?(SIZEOF (.cybootloader) <= CY_APPL_ORIGIN):0x1, Wrong image location)
                0x00000010                PROVIDE (__cy_reset, Reset)
 *(.text.Reset)
 .text.Reset    0x00000010       0x1c .\CortexM3\ARM_GCC_473\Debug\Cm3Start.o
                0x00000010                Reset
                0x00000001                ASSERT ((. != __cy_reset), No reset code)
 *(.dma_init)
                0x00000001                ASSERT ((((appl_start + .) <= 0x10000) || 0x1), DMA Init must be within the first 64k of flash)
 *(.text .text.* .gnu.linkonce.t.*)
 .text          0x0000002c       0x54 c:/program files (x86)/cypress/psoc creator/3.0/psoc creator/import/gnu_cs/arm/4.7.3/bin/../lib/gcc/arm-none-eabi/4.7.3/armv7-m/crtbegin.o
 .text.myHandler
                0x00000080      0x254 .\CortexM3\ARM_GCC_473\Debug\main.o
                0x00000080                myHandler
 .text.RightFrontMotor
                0x000002d4       0x74 .\CortexM3\ARM_GCC_473\Debug\main.o
                0x000002d4                RightFrontMotor
 .text.RightRearMotor
                0x00000348       0x74 .\CortexM3\ARM_GCC_473\Debug\main.o
                0x00000348                RightRearMotor
 .text.LeftFrontMotor
                0x000003bc       0x74 .\CortexM3\ARM_GCC_473\Debug\main.o
                0x000003bc                LeftFrontMotor
 .text.LeftRearMotor
                0x00000430       0x74 .\CortexM3\ARM_GCC_473\Debug\main.o
                0x00000430                LeftRearMotor
 .text.main     0x000004a4       0xb8 .\CortexM3\ARM_GCC_473\Debug\main.o
                0x000004a4                main
 .text.PI       0x0000055c       0x28 .\CortexM3\ARM_GCC_473\Debug\main.o
                0x0000055c                PI
 .text.R_LED_ON
                0x00000584       0x10 .\CortexM3\ARM_GCC_473\Debug\main.o
                0x00000584                R_LED_ON
 .text.R_LED_OFF
                0x00000594       0x10 .\CortexM3\ARM_GCC_473\Debug\main.o
                0x00000594                R_LED_OFF
 .text.IntDefaultHandler
                0x000005a4        0x8 .\CortexM3\ARM_GCC_473\Debug\Cm3Start.o
                0x000005a4                IntDefaultHandler
 .text.Start_c  0x000005ac       0xcc .\CortexM3\ARM_GCC_473\Debug\Cm3Start.o
                0x000005ac                Start_c
 .text.initialize_psoc
                0x00000678       0xb4 .\CortexM3\ARM_GCC_473\Debug\Cm3Start.o
                0x00000678                initialize_psoc
 .text.CYMEMZERO
                0x0000072c       0x20 .\CortexM3\ARM_GCC_473\Debug\Design01.a(cyfitter_cfg.o)
 .text.CYCONFIGCPY
                0x0000074c       0x20 .\CortexM3\ARM_GCC_473\Debug\Design01.a(cyfitter_cfg.o)
 .text.CyClockStartupError
                0x0000076c        0xc .\CortexM3\ARM_GCC_473\Debug\Design01.a(cyfitter_cfg.o)
 .text.cfg_write_bytes32
                0x00000778       0x84 .\CortexM3\ARM_GCC_473\Debug\Design01.a(cyfitter_cfg.o)
 .text.ClockSetup
                0x000007fc      0x1a4 .\CortexM3\ARM_GCC_473\Debug\Design01.a(cyfitter_cfg.o)
 .text.AnalogSetDefault
                0x000009a0       0xb0 .\CortexM3\ARM_GCC_473\Debug\Design01.a(cyfitter_cfg.o)
 .text.cyfitter_cfg
                0x00000a50      0x23c .\CortexM3\ARM_GCC_473\Debug\Design01.a(cyfitter_cfg.o)
                0x00000a50                cyfitter_cfg
 .text.R_LED_Write
                0x00000c8c       0x40 .\CortexM3\ARM_GCC_473\Debug\Design01.a(R_LED.o)
                0x00000c8c                R_LED_Write
 *fill*         0x00000ccc        0x4 00
 .text          0x00000cd0       0x28 .\CortexM3\ARM_GCC_473\Debug\Design01.a(CyBootAsmGnu.o)
                0x00000cd0                CyDelayCycles
                0x00000ce4                CyEnterCriticalSection
                0x00000cec                CyExitCriticalSection
 .text.CyDelay  0x00000cf8       0x48 .\CortexM3\ARM_GCC_473\Debug\Design01.a(CyLib.o)
                0x00000cf8                CyDelay
 .text.PWM_1_Start
                0x00000d40       0x2c .\CortexM3\ARM_GCC_473\Debug\Design01.a(PWM_1.o)
                0x00000d40                PWM_1_Start
 .text.PWM_1_Init
                0x00000d6c       0xa0 .\CortexM3\ARM_GCC_473\Debug\Design01.a(PWM_1.o)
                0x00000d6c                PWM_1_Init
 .text.PWM_1_Enable
                0x00000e0c       0x28 .\CortexM3\ARM_GCC_473\Debug\Design01.a(PWM_1.o)
                0x00000e0c                PWM_1_Enable
 .text.PWM_1_Stop
                0x00000e34       0x28 .\CortexM3\ARM_GCC_473\Debug\Design01.a(PWM_1.o)
                0x00000e34                PWM_1_Stop
 .text.PWM_1_WriteCounter
                0x00000e5c       0x20 .\CortexM3\ARM_GCC_473\Debug\Design01.a(PWM_1.o)
                0x00000e5c                PWM_1_WriteCounter
 .text.PWM_1_ClearFIFO
                0x00000e7c       0x1c .\CortexM3\ARM_GCC_473\Debug\Design01.a(PWM_1.o)
                0x00000e7c                PWM_1_ClearFIFO
 .text.PWM_1_WritePeriod
                0x00000e98       0x20 .\CortexM3\ARM_GCC_473\Debug\Design01.a(PWM_1.o)
                0x00000e98                PWM_1_WritePeriod
 .text.PWM_1_WriteCompare
                0x00000eb8       0x20 .\CortexM3\ARM_GCC_473\Debug\Design01.a(PWM_1.o)
                0x00000eb8                PWM_1_WriteCompare
 .text.PWM_1_SetInterruptMode
                0x00000ed8       0x20 .\CortexM3\ARM_GCC_473\Debug\Design01.a(PWM_1.o)
                0x00000ed8                PWM_1_SetInterruptMode
 .text.PWM_1_ReadStatusRegister
                0x00000ef8       0x20 .\CortexM3\ARM_GCC_473\Debug\Design01.a(PWM_1.o)
                0x00000ef8                PWM_1_ReadStatusRegister
 .text.PWM_1_ReadCapture
                0x00000f18       0x18 .\CortexM3\ARM_GCC_473\Debug\Design01.a(PWM_1.o)
                0x00000f18                PWM_1_ReadCapture
 .text.UART_1_EnableRxInt
                0x00000f30       0x18 .\CortexM3\ARM_GCC_473\Debug\Design01.a(UART_1.o)
                0x00000f30                UART_1_EnableRxInt
 .text.UART_1_DisableRxInt
                0x00000f48       0x18 .\CortexM3\ARM_GCC_473\Debug\Design01.a(UART_1.o)
                0x00000f48                UART_1_DisableRxInt
 .text.UART_1_ReadRxData
                0x00000f60       0xc0 .\CortexM3\ARM_GCC_473\Debug\Design01.a(UART_1.o)
                0x00000f60                UART_1_ReadRxData
 .text.isr_1_StartEx
                0x00001020       0x28 .\CortexM3\ARM_GCC_473\Debug\Design01.a(isr_1.o)
                0x00001020                isr_1_StartEx
 .text.isr_1_SetVector
                0x00001048       0x28 .\CortexM3\ARM_GCC_473\Debug\Design01.a(isr_1.o)
                0x00001048                isr_1_SetVector
 .text.isr_1_SetPriority
                0x00001070       0x28 .\CortexM3\ARM_GCC_473\Debug\Design01.a(isr_1.o)
                0x00001070                isr_1_SetPriority
 .text.isr_1_Enable
                0x00001098       0x18 .\CortexM3\ARM_GCC_473\Debug\Design01.a(isr_1.o)
                0x00001098                isr_1_Enable
 .text.isr_1_Disable
                0x000010b0       0x18 .\CortexM3\ARM_GCC_473\Debug\Design01.a(isr_1.o)
                0x000010b0                isr_1_Disable
 .text.VDAC8_1_Init
                0x000010c8       0x34 .\CortexM3\ARM_GCC_473\Debug\Design01.a(VDAC8_1.o)
                0x000010c8                VDAC8_1_Init
 .text.VDAC8_1_Enable
                0x000010fc       0x44 .\CortexM3\ARM_GCC_473\Debug\Design01.a(VDAC8_1.o)
                0x000010fc                VDAC8_1_Enable
 .text.VDAC8_1_Start
                0x00001140       0x34 .\CortexM3\ARM_GCC_473\Debug\Design01.a(VDAC8_1.o)
                0x00001140                VDAC8_1_Start
 .text.VDAC8_1_SetSpeed
                0x00001174       0x54 .\CortexM3\ARM_GCC_473\Debug\Design01.a(VDAC8_1.o)
                0x00001174                VDAC8_1_SetSpeed
 .text.VDAC8_1_SetRange
                0x000011c8       0x54 .\CortexM3\ARM_GCC_473\Debug\Design01.a(VDAC8_1.o)
                0x000011c8                VDAC8_1_SetRange
 .text.VDAC8_1_SetValue
                0x0000121c       0x20 .\CortexM3\ARM_GCC_473\Debug\Design01.a(VDAC8_1.o)
                0x0000121c                VDAC8_1_SetValue
 .text.VDAC8_1_DacTrim
                0x0000123c       0x44 .\CortexM3\ARM_GCC_473\Debug\Design01.a(VDAC8_1.o)
                0x0000123c                VDAC8_1_DacTrim
 .text.VDAC8_2_Init
                0x00001280       0x34 .\CortexM3\ARM_GCC_473\Debug\Design01.a(VDAC8_2.o)
                0x00001280                VDAC8_2_Init
 .text.VDAC8_2_Enable
                0x000012b4       0x44 .\CortexM3\ARM_GCC_473\Debug\Design01.a(VDAC8_2.o)
                0x000012b4                VDAC8_2_Enable
 .text.VDAC8_2_Start
                0x000012f8       0x34 .\CortexM3\ARM_GCC_473\Debug\Design01.a(VDAC8_2.o)
                0x000012f8                VDAC8_2_Start
 .text.VDAC8_2_SetSpeed
                0x0000132c       0x54 .\CortexM3\ARM_GCC_473\Debug\Design01.a(VDAC8_2.o)
                0x0000132c                VDAC8_2_SetSpeed
 .text.VDAC8_2_SetRange
                0x00001380       0x54 .\CortexM3\ARM_GCC_473\Debug\Design01.a(VDAC8_2.o)
                0x00001380                VDAC8_2_SetRange
 .text.VDAC8_2_SetValue
                0x000013d4       0x20 .\CortexM3\ARM_GCC_473\Debug\Design01.a(VDAC8_2.o)
                0x000013d4                VDAC8_2_SetValue
 .text.VDAC8_2_DacTrim
                0x000013f4       0x44 .\CortexM3\ARM_GCC_473\Debug\Design01.a(VDAC8_2.o)
                0x000013f4                VDAC8_2_DacTrim
 .text.VDAC8_3_Init
                0x00001438       0x34 .\CortexM3\ARM_GCC_473\Debug\Design01.a(VDAC8_3.o)
                0x00001438                VDAC8_3_Init
 .text.VDAC8_3_Enable
                0x0000146c       0x44 .\CortexM3\ARM_GCC_473\Debug\Design01.a(VDAC8_3.o)
                0x0000146c                VDAC8_3_Enable
 .text.VDAC8_3_Start
                0x000014b0       0x34 .\CortexM3\ARM_GCC_473\Debug\Design01.a(VDAC8_3.o)
                0x000014b0                VDAC8_3_Start
 .text.VDAC8_3_SetSpeed
                0x000014e4       0x54 .\CortexM3\ARM_GCC_473\Debug\Design01.a(VDAC8_3.o)
                0x000014e4                VDAC8_3_SetSpeed
 .text.VDAC8_3_SetRange
                0x00001538       0x54 .\CortexM3\ARM_GCC_473\Debug\Design01.a(VDAC8_3.o)
                0x00001538                VDAC8_3_SetRange
 .text.VDAC8_3_SetValue
                0x0000158c       0x20 .\CortexM3\ARM_GCC_473\Debug\Design01.a(VDAC8_3.o)
                0x0000158c                VDAC8_3_SetValue
 .text.VDAC8_3_DacTrim
                0x000015ac       0x44 .\CortexM3\ARM_GCC_473\Debug\Design01.a(VDAC8_3.o)
                0x000015ac                VDAC8_3_DacTrim
 .text.VDAC8_4_Init
                0x000015f0       0x34 .\CortexM3\ARM_GCC_473\Debug\Design01.a(VDAC8_4.o)
                0x000015f0                VDAC8_4_Init
 .text.VDAC8_4_Enable
                0x00001624       0x44 .\CortexM3\ARM_GCC_473\Debug\Design01.a(VDAC8_4.o)
                0x00001624                VDAC8_4_Enable
 .text.VDAC8_4_Start
                0x00001668       0x34 .\CortexM3\ARM_GCC_473\Debug\Design01.a(VDAC8_4.o)
                0x00001668                VDAC8_4_Start
 .text.VDAC8_4_SetSpeed
                0x0000169c       0x54 .\CortexM3\ARM_GCC_473\Debug\Design01.a(VDAC8_4.o)
                0x0000169c                VDAC8_4_SetSpeed
 .text.VDAC8_4_SetRange
                0x000016f0       0x54 .\CortexM3\ARM_GCC_473\Debug\Design01.a(VDAC8_4.o)
                0x000016f0                VDAC8_4_SetRange
 .text.VDAC8_4_SetValue
                0x00001744       0x20 .\CortexM3\ARM_GCC_473\Debug\Design01.a(VDAC8_4.o)
                0x00001744                VDAC8_4_SetValue
 .text.VDAC8_4_DacTrim
                0x00001764       0x44 .\CortexM3\ARM_GCC_473\Debug\Design01.a(VDAC8_4.o)
                0x00001764                VDAC8_4_DacTrim
 .text.CW_CCW_1_Write
                0x000017a8       0x44 .\CortexM3\ARM_GCC_473\Debug\Design01.a(CW_CCW_1.o)
                0x000017a8                CW_CCW_1_Write
 .text.CW_CCW_2_Write
                0x000017ec       0x44 .\CortexM3\ARM_GCC_473\Debug\Design01.a(CW_CCW_2.o)
                0x000017ec                CW_CCW_2_Write
 .text.CW_CCW_3_Write
                0x00001830       0x44 .\CortexM3\ARM_GCC_473\Debug\Design01.a(CW_CCW_3.o)
                0x00001830                CW_CCW_3_Write
 .text.CW_CCW_4_Write
                0x00001874       0x40 .\CortexM3\ARM_GCC_473\Debug\Design01.a(CW_CCW_4.o)
                0x00001874                CW_CCW_4_Write
 .text.RUN_BRAKE_1_Write
                0x000018b4       0x44 .\CortexM3\ARM_GCC_473\Debug\Design01.a(RUN_BRAKE_1.o)
                0x000018b4                RUN_BRAKE_1_Write
 .text.RUN_BRAKE_2_Write
                0x000018f8       0x44 .\CortexM3\ARM_GCC_473\Debug\Design01.a(RUN_BRAKE_2.o)
                0x000018f8                RUN_BRAKE_2_Write
 .text.RUN_BRAKE_3_Write
                0x0000193c       0x44 .\CortexM3\ARM_GCC_473\Debug\Design01.a(RUN_BRAKE_3.o)
                0x0000193c                RUN_BRAKE_3_Write
 .text.RUN_BRAKE_4_Write
                0x00001980       0x40 .\CortexM3\ARM_GCC_473\Debug\Design01.a(RUN_BRAKE_4.o)
                0x00001980                RUN_BRAKE_4_Write
 .text.__libc_init_array
                0x000019c0       0x4c c:/program files (x86)/cypress/psoc creator/3.0/psoc creator/import/gnu_cs/arm/4.7.3/bin/../lib/gcc/arm-none-eabi/4.7.3/../../../../arm-none-eabi/lib/armv7-m\libc_s.a(lib_a-init.o)
                0x000019c0                __libc_init_array
 .text.memcpy   0x00001a0c       0x12 c:/program files (x86)/cypress/psoc creator/3.0/psoc creator/import/gnu_cs/arm/4.7.3/bin/../lib/gcc/arm-none-eabi/4.7.3/../../../../arm-none-eabi/lib/armv7-m\libc_s.a(lib_a-memcpy.o)
                0x00001a0c                memcpy
 .text.memset   0x00001a1e       0x10 c:/program files (x86)/cypress/psoc creator/3.0/psoc creator/import/gnu_cs/arm/4.7.3/bin/../lib/gcc/arm-none-eabi/4.7.3/../../../../arm-none-eabi/lib/armv7-m\libc_s.a(lib_a-memset.o)
                0x00001a1e                memset
 *(.plt)
 *(.gnu.warning)
 *(.glue_7t)
 .glue_7t       0x00000000        0x0 linker stubs
 *(.glue_7)
 .glue_7        0x00000000        0x0 linker stubs
 *(.vfp11_veneer)
 .vfp11_veneer  0x00000000        0x0 linker stubs
 *(.bootloader)
 *(.ARM.extab* .gnu.linkonce.armextab.*)
 *(.gcc_except_table)

.v4_bx          0x00001a30        0x0
 .v4_bx         0x00000000        0x0 linker stubs

.iplt           0x00001a30        0x0
 .iplt          0x00000000        0x0 c:/program files (x86)/cypress/psoc creator/3.0/psoc creator/import/gnu_cs/arm/4.7.3/bin/../lib/gcc/arm-none-eabi/4.7.3/armv7-m/crtbegin.o

.eh_frame_hdr
 *(.eh_frame_hdr)

.eh_frame       0x00001a30        0x4
 *(.eh_frame)
 .eh_frame      0x00001a30        0x0 c:/program files (x86)/cypress/psoc creator/3.0/psoc creator/import/gnu_cs/arm/4.7.3/bin/../lib/gcc/arm-none-eabi/4.7.3/armv7-m/crtbegin.o
 .eh_frame      0x00001a30        0x4 c:/program files (x86)/cypress/psoc creator/3.0/psoc creator/import/gnu_cs/arm/4.7.3/bin/../lib/gcc/arm-none-eabi/4.7.3/armv7-m/crtend.o
                0x00001a34                PROVIDE (__exidx_start, .)

.ARM.exidx
 *(.ARM.exidx* .gnu.linkonce.armexidx.*)
                0x00001a34                __exidx_end = .

.rodata         0x00001a34       0x94
 *(.rodata .rodata.* .gnu.linkonce.r.*)
 .rodata        0x00001a34       0x5c .\CortexM3\ARM_GCC_473\Debug\Design01.a(cyfitter_cfg.o)
                0x00001a90                . = ALIGN (0x4)
 *(.init)
 .init          0x00001a90        0x4 c:/program files (x86)/cypress/psoc creator/3.0/psoc creator/import/gnu_cs/arm/4.7.3/bin/../lib/gcc/arm-none-eabi/4.7.3/armv7-m/crti.o
                0x00001a90                _init
 .init          0x00001a94        0x8 c:/program files (x86)/cypress/psoc creator/3.0/psoc creator/import/gnu_cs/arm/4.7.3/bin/../lib/gcc/arm-none-eabi/4.7.3/armv7-m/crtn.o
                0x00001a9c                . = ALIGN (0x4)
                0x00001a9c                __preinit_array_start = .
 *(.preinit_array)
                0x00001a9c                __preinit_array_end = .
                0x00001a9c                . = ALIGN (0x4)
                0x00001a9c                __init_array_start = .
 *(SORT(.init_array.*))
 *(.init_array)
 .init_array    0x00001a9c        0x4 c:/program files (x86)/cypress/psoc creator/3.0/psoc creator/import/gnu_cs/arm/4.7.3/bin/../lib/gcc/arm-none-eabi/4.7.3/armv7-m/crtbegin.o
 .init_array    0x00001aa0        0x4 .\CortexM3\ARM_GCC_473\Debug\Cm3Start.o
                0x00001aa4                __init_array_end = .
                0x00001aa4                . = ALIGN (0x4)
 *(.fini)
 .fini          0x00001aa4        0x4 c:/program files (x86)/cypress/psoc creator/3.0/psoc creator/import/gnu_cs/arm/4.7.3/bin/../lib/gcc/arm-none-eabi/4.7.3/armv7-m/crti.o
                0x00001aa4                _fini
 .fini          0x00001aa8        0x8 c:/program files (x86)/cypress/psoc creator/3.0/psoc creator/import/gnu_cs/arm/4.7.3/bin/../lib/gcc/arm-none-eabi/4.7.3/armv7-m/crtn.o
                0x00001ab0                . = ALIGN (0x4)
                0x00001ab0                __fini_array_start = .
 *(.fini_array)
 .fini_array    0x00001ab0        0x4 c:/program files (x86)/cypress/psoc creator/3.0/psoc creator/import/gnu_cs/arm/4.7.3/bin/../lib/gcc/arm-none-eabi/4.7.3/armv7-m/crtbegin.o
 *(SORT(.fini_array.*))
                0x00001ab4                __fini_array_end = .
                0x00001ab4                . = ALIGN (0x4)
 *crtbegin.o(.ctors)
 *(EXCLUDE_FILE(*crtend.o) .ctors)
 *(SORT(.ctors.*))
 *crtend.o(.ctors)
                0x00001ab4                . = ALIGN (0x4)
 *crtbegin.o(.dtors)
 *(EXCLUDE_FILE(*crtend.o) .dtors)
 *(SORT(.dtors.*))
 *crtend.o(.dtors)
                0x00001ab4                . = ALIGN (0x4)
                0x00001ab4                __cy_regions = .
                0x00001ab4        0x4 LONG 0x1ac8 __cy_region_init_ram
                0x00001ab8        0x4 LONG 0x1fff8108 __cy_region_start_data
                0x00001abc        0x4 LONG 0x18 __cy_region_init_size_ram
                0x00001ac0        0x4 LONG 0x58 __cy_region_zero_size_ram
                0x00001ac4                __cy_regions_end = .
                0x00001ac8                . = ALIGN (0x8)
 *fill*         0x00001ac4        0x4 00
                0x00001ac8                _etext = .

.ramvectors     0x1fff8000      0x100
                0x1fff8000                __cy_region_start_ram = .
 *(.ramvectors)
 .ramvectors    0x1fff8000      0x100 .\CortexM3\ARM_GCC_473\Debug\Cm3Start.o
                0x1fff8000                CyRamVectors

.noinit         0x1fff8100        0x5
 *(.noinit)
 .noinit        0x1fff8100        0x4 .\CortexM3\ARM_GCC_473\Debug\Cm3Start.o
 .noinit        0x1fff8104        0x1 .\CortexM3\ARM_GCC_473\Debug\Design01.a(CyLib.o)
                0x1fff8104                CyResetStatus

.data           0x1fff8108       0x18 load address 0x00001ac8
                0x1fff8108                __cy_region_start_data = .
 *(.jcr)
 .jcr           0x1fff8108        0x0 c:/program files (x86)/cypress/psoc creator/3.0/psoc creator/import/gnu_cs/arm/4.7.3/bin/../lib/gcc/arm-none-eabi/4.7.3/armv7-m/crtbegin.o
 .jcr           0x1fff8108        0x4 c:/program files (x86)/cypress/psoc creator/3.0/psoc creator/import/gnu_cs/arm/4.7.3/bin/../lib/gcc/arm-none-eabi/4.7.3/armv7-m/crtend.o
 *(.got.plt)
 *(.got)
 *(.shdata)
 *(.data .data.* .gnu.linkonce.d.*)
 .data          0x1fff810c       0x10 .\CortexM3\ARM_GCC_473\Debug\Design01.a(CyLib.o)
                0x1fff810c                cydelay_freq_hz
                0x1fff8110                cydelay_freq_khz
                0x1fff8114                cydelay_freq_mhz
                0x1fff8118                cydelay_32k_ms
                0x1fff8120                . = ALIGN (0x8)
 *fill*         0x1fff811c        0x4 00
 *(.ram)
                0x1fff8120                _edata = .

.igot.plt       0x1fff8120        0x0 load address 0x00001ae0
 .igot.plt      0x00000000        0x0 c:/program files (x86)/cypress/psoc creator/3.0/psoc creator/import/gnu_cs/arm/4.7.3/bin/../lib/gcc/arm-none-eabi/4.7.3/armv7-m/crtbegin.o

.bss            0x1fff8120       0x58 load address 0x00001ae0
                0x1fff8120                PROVIDE (__bss_start__, .)
 *(.shbss)
 *(.bss .bss.* .gnu.linkonce.b.*)
 .bss           0x1fff8120       0x1c c:/program files (x86)/cypress/psoc creator/3.0/psoc creator/import/gnu_cs/arm/4.7.3/bin/../lib/gcc/arm-none-eabi/4.7.3/armv7-m/crtbegin.o
 .bss           0x1fff813c        0x1 .\CortexM3\ARM_GCC_473\Debug\Design01.a(PWM_1.o)
                0x1fff813c                PWM_1_initVar
 .bss           0x1fff813d        0x5 .\CortexM3\ARM_GCC_473\Debug\Design01.a(UART_1.o)
                0x1fff813d                UART_1_initVar
                0x1fff813e                UART_1_rxBufferRead
                0x1fff813f                UART_1_rxBufferWrite
                0x1fff8140                UART_1_rxBufferLoopDetect
                0x1fff8141                UART_1_rxBufferOverflow
 .bss           0x1fff8142        0x1 .\CortexM3\ARM_GCC_473\Debug\Design01.a(VDAC8_1.o)
                0x1fff8142                VDAC8_1_initVar
 .bss           0x1fff8143        0x1 .\CortexM3\ARM_GCC_473\Debug\Design01.a(VDAC8_2.o)
                0x1fff8143                VDAC8_2_initVar
 .bss           0x1fff8144        0x1 .\CortexM3\ARM_GCC_473\Debug\Design01.a(VDAC8_3.o)
                0x1fff8144                VDAC8_3_initVar
 .bss           0x1fff8145        0x1 .\CortexM3\ARM_GCC_473\Debug\Design01.a(VDAC8_4.o)
                0x1fff8145                VDAC8_4_initVar
 *(COMMON)
 *fill*         0x1fff8146        0x2 00
 COMMON         0x1fff8148       0x1d .\CortexM3\ARM_GCC_473\Debug\main.o
                0x1fff8148                astic
                0x1fff814c                mode
                0x1fff8150                num
                0x1fff8161                sum1
                0x1fff8162                CheckSum
                0x1fff8163                ButtonStatus2
                0x1fff8164                ButtonStatus1
 *fill*         0x1fff8165        0x3 00
 COMMON         0x1fff8168       0x10 .\CortexM3\ARM_GCC_473\Debug\Design01.a(UART_1.o)
                0x1fff8168                UART_1_rxBuffer
                0x1fff8178                . = ALIGN (0x8)
 *(.ram.b)
                0x1fff8178                _end = .
                0x1fff8178                __end = .
                0x1fff8178                PROVIDE (end, .)
                0x1fff8178                PROVIDE (__bss_end__, .)
                0x00001ac8                __cy_region_init_ram = LOADADDR (.data)
                0x00000018                __cy_region_init_size_ram = (_edata - ADDR (.data))
                0x00000058                __cy_region_zero_size_ram = (_end - _edata)

.heap           0x1fff8178     0x1000 load address 0x00001ae0
                0x1fff8178                . = _end
                0x1fff9178                . = (. + 0x1000)
 *fill*         0x1fff8178     0x1000 00
                0x1fff9178                __cy_heap_limit = .

.stack          0x20004000     0x4000
                0x20004000                __cy_stack_limit = .
                0x20008000                . = (. + 0x4000)
 *fill*         0x20004000     0x4000 00
                0x00000001                ASSERT ((__cy_stack_limit >= __cy_heap_limit), region RAM overflowed with stack)

.cyloadermeta
 *(.cyloadermeta)

.cyloadablemeta
 *(.cyloadablemeta)

.cyconfigecc    0x80000000      0xdb0
 *(.cyconfigecc)
 .cyconfigecc   0x80000000      0xdb0 .\CortexM3\ARM_GCC_473\Debug\cymetadata.o
                0x80000000                cy_meta_configecc

.cycustnvl      0x90000000        0x4
 *(.cycustnvl)
 .cycustnvl     0x90000000        0x4 .\CortexM3\ARM_GCC_473\Debug\cymetadata.o
                0x90000000                cy_meta_custnvl

.cywolatch      0x90100000        0x4
 *(.cywolatch)
 .cywolatch     0x90100000        0x4 .\CortexM3\ARM_GCC_473\Debug\cymetadata.o
                0x90100000                cy_meta_wonvl

.cyeeprom       0x90200000        0x0
 *(.cyeeprom)
                0x00000001                ASSERT ((. <= ((0x90200000 + ee_offset) + ee_size)), .cyeeprom data will not fit in EEPROM)

.cyflashprotect
                0x90400000      0x100
 *(.cyflashprotect)
 .cyflashprotect
                0x90400000      0x100 .\CortexM3\ARM_GCC_473\Debug\cymetadata.o
                0x90400000                cy_meta_flashprotect

.cymeta         0x90500000        0xc
 *(.cymeta)
 .cymeta        0x90500000        0xc .\CortexM3\ARM_GCC_473\Debug\cymetadata.o
                0x90500000                cy_metadata

.rel.dyn        0x00001ae0        0x0 load address 0x9050000c
 .rel.iplt      0x00000000        0x0 c:/program files (x86)/cypress/psoc creator/3.0/psoc creator/import/gnu_cs/arm/4.7.3/bin/../lib/gcc/arm-none-eabi/4.7.3/armv7-m/crtbegin.o

.stab
 *(.stab)

.stabstr
 *(.stabstr)

.debug
 *(.debug)

.line
 *(.line)

.debug_srcinfo
 *(.debug_srcinfo)

.debug_sfnames
 *(.debug_sfnames)

.debug_aranges  0x00000000      0xab0
 *(.debug_aranges)
 .debug_aranges
                0x00000000       0x70 .\CortexM3\ARM_GCC_473\Debug\main.o
 .debug_aranges
                0x00000070       0x18 .\CortexM3\ARM_GCC_473\Debug\cymetadata.o
 .debug_aranges
                0x00000088       0x40 .\CortexM3\ARM_GCC_473\Debug\Cm3Start.o
 .debug_aranges
                0x000000c8       0x60 .\CortexM3\ARM_GCC_473\Debug\Design01.a(cyfitter_cfg.o)
 .debug_aranges
                0x00000128       0x38 .\CortexM3\ARM_GCC_473\Debug\Design01.a(B_LED.o)
 .debug_aranges
                0x00000160       0x38 .\CortexM3\ARM_GCC_473\Debug\Design01.a(R_LED.o)
 .debug_aranges
                0x00000198       0x20 .\CortexM3\ARM_GCC_473\Debug\Design01.a(CyBootAsmGnu.o)
 .debug_aranges
                0x000001b8      0x218 .\CortexM3\ARM_GCC_473\Debug\Design01.a(CyLib.o)
 .debug_aranges
                0x000003d0       0x90 .\CortexM3\ARM_GCC_473\Debug\Design01.a(cyPm.o)
 .debug_aranges
                0x00000460       0x98 .\CortexM3\ARM_GCC_473\Debug\Design01.a(PWM_1.o)
 .debug_aranges
                0x000004f8       0xa8 .\CortexM3\ARM_GCC_473\Debug\Design01.a(UART_1.o)
 .debug_aranges
                0x000005a0       0x20 .\CortexM3\ARM_GCC_473\Debug\Design01.a(UART_1_INT.o)
 .debug_aranges
                0x000005c0       0x80 .\CortexM3\ARM_GCC_473\Debug\Design01.a(isr_1.o)
 .debug_aranges
                0x00000640       0x70 .\CortexM3\ARM_GCC_473\Debug\Design01.a(UART_1_IntClock.o)
 .debug_aranges
                0x000006b0       0x58 .\CortexM3\ARM_GCC_473\Debug\Design01.a(VDAC8_1.o)
 .debug_aranges
                0x00000708       0x58 .\CortexM3\ARM_GCC_473\Debug\Design01.a(VDAC8_2.o)
 .debug_aranges
                0x00000760       0x58 .\CortexM3\ARM_GCC_473\Debug\Design01.a(VDAC8_3.o)
 .debug_aranges
                0x000007b8       0x58 .\CortexM3\ARM_GCC_473\Debug\Design01.a(VDAC8_4.o)
 .debug_aranges
                0x00000810       0x38 .\CortexM3\ARM_GCC_473\Debug\Design01.a(CW_CCW_1.o)
 .debug_aranges
                0x00000848       0x38 .\CortexM3\ARM_GCC_473\Debug\Design01.a(CW_CCW_2.o)
 .debug_aranges
                0x00000880       0x38 .\CortexM3\ARM_GCC_473\Debug\Design01.a(CW_CCW_3.o)
 .debug_aranges
                0x000008b8       0x38 .\CortexM3\ARM_GCC_473\Debug\Design01.a(CW_CCW_4.o)
 .debug_aranges
                0x000008f0       0x38 .\CortexM3\ARM_GCC_473\Debug\Design01.a(RUN_BRAKE_1.o)
 .debug_aranges
                0x00000928       0x38 .\CortexM3\ARM_GCC_473\Debug\Design01.a(RUN_BRAKE_2.o)
 .debug_aranges
                0x00000960       0x38 .\CortexM3\ARM_GCC_473\Debug\Design01.a(RUN_BRAKE_3.o)
 .debug_aranges
                0x00000998       0x38 .\CortexM3\ARM_GCC_473\Debug\Design01.a(RUN_BRAKE_4.o)
 .debug_aranges
                0x000009d0       0x78 .\CortexM3\ARM_GCC_473\Debug\Design01.a(CyFlash.o)
 .debug_aranges
                0x00000a48       0x68 .\CortexM3\ARM_GCC_473\Debug\Design01.a(CySpc.o)

.debug_pubnames
 *(.debug_pubnames)

.debug_info     0x00000000     0x4639
 *(.debug_info .gnu.linkonce.wi.*)
 .debug_info    0x00000000      0x2ee .\CortexM3\ARM_GCC_473\Debug\main.o
 .debug_info    0x000002ee      0x143 .\CortexM3\ARM_GCC_473\Debug\cymetadata.o
 .debug_info    0x00000431      0x2ea .\CortexM3\ARM_GCC_473\Debug\Cm3Start.o
 .debug_info    0x0000071b      0x47e .\CortexM3\ARM_GCC_473\Debug\Design01.a(cyfitter_cfg.o)
 .debug_info    0x00000b99      0x134 .\CortexM3\ARM_GCC_473\Debug\Design01.a(B_LED.o)
 .debug_info    0x00000ccd      0x134 .\CortexM3\ARM_GCC_473\Debug\Design01.a(R_LED.o)
 .debug_info    0x00000e01       0x8e .\CortexM3\ARM_GCC_473\Debug\Design01.a(CyBootAsmGnu.o)
 .debug_info    0x00000e8f      0xcd7 .\CortexM3\ARM_GCC_473\Debug\Design01.a(CyLib.o)
 .debug_info    0x00001b66      0x5c3 .\CortexM3\ARM_GCC_473\Debug\Design01.a(cyPm.o)
 .debug_info    0x00002129      0x2ea .\CortexM3\ARM_GCC_473\Debug\Design01.a(PWM_1.o)
 .debug_info    0x00002413      0x439 .\CortexM3\ARM_GCC_473\Debug\Design01.a(UART_1.o)
 .debug_info    0x0000284c      0x154 .\CortexM3\ARM_GCC_473\Debug\Design01.a(UART_1_INT.o)
 .debug_info    0x000029a0      0x278 .\CortexM3\ARM_GCC_473\Debug\Design01.a(isr_1.o)
 .debug_info    0x00002c18      0x294 .\CortexM3\ARM_GCC_473\Debug\Design01.a(UART_1_IntClock.o)
 .debug_info    0x00002eac      0x1b0 .\CortexM3\ARM_GCC_473\Debug\Design01.a(VDAC8_1.o)
 .debug_info    0x0000305c      0x1b0 .\CortexM3\ARM_GCC_473\Debug\Design01.a(VDAC8_2.o)
 .debug_info    0x0000320c      0x1b0 .\CortexM3\ARM_GCC_473\Debug\Design01.a(VDAC8_3.o)
 .debug_info    0x000033bc      0x1b0 .\CortexM3\ARM_GCC_473\Debug\Design01.a(VDAC8_4.o)
 .debug_info    0x0000356c      0x134 .\CortexM3\ARM_GCC_473\Debug\Design01.a(CW_CCW_1.o)
 .debug_info    0x000036a0      0x134 .\CortexM3\ARM_GCC_473\Debug\Design01.a(CW_CCW_2.o)
 .debug_info    0x000037d4      0x134 .\CortexM3\ARM_GCC_473\Debug\Design01.a(CW_CCW_3.o)
 .debug_info    0x00003908      0x134 .\CortexM3\ARM_GCC_473\Debug\Design01.a(CW_CCW_4.o)
 .debug_info    0x00003a3c      0x134 .\CortexM3\ARM_GCC_473\Debug\Design01.a(RUN_BRAKE_1.o)
 .debug_info    0x00003b70      0x134 .\CortexM3\ARM_GCC_473\Debug\Design01.a(RUN_BRAKE_2.o)
 .debug_info    0x00003ca4      0x134 .\CortexM3\ARM_GCC_473\Debug\Design01.a(RUN_BRAKE_3.o)
 .debug_info    0x00003dd8      0x134 .\CortexM3\ARM_GCC_473\Debug\Design01.a(RUN_BRAKE_4.o)
 .debug_info    0x00003f0c      0x354 .\CortexM3\ARM_GCC_473\Debug\Design01.a(CyFlash.o)
 .debug_info    0x00004260      0x3d9 .\CortexM3\ARM_GCC_473\Debug\Design01.a(CySpc.o)

.debug_abbrev   0x00000000     0x1a25
 *(.debug_abbrev)
 .debug_abbrev  0x00000000      0x13a .\CortexM3\ARM_GCC_473\Debug\main.o
 .debug_abbrev  0x0000013a       0x77 .\CortexM3\ARM_GCC_473\Debug\cymetadata.o
 .debug_abbrev  0x000001b1      0x175 .\CortexM3\ARM_GCC_473\Debug\Cm3Start.o
 .debug_abbrev  0x00000326      0x1b9 .\CortexM3\ARM_GCC_473\Debug\Design01.a(cyfitter_cfg.o)
 .debug_abbrev  0x000004df       0x92 .\CortexM3\ARM_GCC_473\Debug\Design01.a(B_LED.o)
 .debug_abbrev  0x00000571       0x92 .\CortexM3\ARM_GCC_473\Debug\Design01.a(R_LED.o)
 .debug_abbrev  0x00000603       0x14 .\CortexM3\ARM_GCC_473\Debug\Design01.a(CyBootAsmGnu.o)
 .debug_abbrev  0x00000617      0x207 .\CortexM3\ARM_GCC_473\Debug\Design01.a(CyLib.o)
 .debug_abbrev  0x0000081e      0x170 .\CortexM3\ARM_GCC_473\Debug\Design01.a(cyPm.o)
 .debug_abbrev  0x0000098e      0x130 .\CortexM3\ARM_GCC_473\Debug\Design01.a(PWM_1.o)
 .debug_abbrev  0x00000abe      0x17a .\CortexM3\ARM_GCC_473\Debug\Design01.a(UART_1.o)
 .debug_abbrev  0x00000c38       0x8c .\CortexM3\ARM_GCC_473\Debug\Design01.a(UART_1_INT.o)
 .debug_abbrev  0x00000cc4      0x12d .\CortexM3\ARM_GCC_473\Debug\Design01.a(isr_1.o)
 .debug_abbrev  0x00000df1      0x11f .\CortexM3\ARM_GCC_473\Debug\Design01.a(UART_1_IntClock.o)
 .debug_abbrev  0x00000f10       0xed .\CortexM3\ARM_GCC_473\Debug\Design01.a(VDAC8_1.o)
 .debug_abbrev  0x00000ffd       0xed .\CortexM3\ARM_GCC_473\Debug\Design01.a(VDAC8_2.o)
 .debug_abbrev  0x000010ea       0xed .\CortexM3\ARM_GCC_473\Debug\Design01.a(VDAC8_3.o)
 .debug_abbrev  0x000011d7       0xed .\CortexM3\ARM_GCC_473\Debug\Design01.a(VDAC8_4.o)
 .debug_abbrev  0x000012c4       0x92 .\CortexM3\ARM_GCC_473\Debug\Design01.a(CW_CCW_1.o)
 .debug_abbrev  0x00001356       0x92 .\CortexM3\ARM_GCC_473\Debug\Design01.a(CW_CCW_2.o)
 .debug_abbrev  0x000013e8       0x92 .\CortexM3\ARM_GCC_473\Debug\Design01.a(CW_CCW_3.o)
 .debug_abbrev  0x0000147a       0x92 .\CortexM3\ARM_GCC_473\Debug\Design01.a(CW_CCW_4.o)
 .debug_abbrev  0x0000150c       0x92 .\CortexM3\ARM_GCC_473\Debug\Design01.a(RUN_BRAKE_1.o)
 .debug_abbrev  0x0000159e       0x92 .\CortexM3\ARM_GCC_473\Debug\Design01.a(RUN_BRAKE_2.o)
 .debug_abbrev  0x00001630       0x92 .\CortexM3\ARM_GCC_473\Debug\Design01.a(RUN_BRAKE_3.o)
 .debug_abbrev  0x000016c2       0x92 .\CortexM3\ARM_GCC_473\Debug\Design01.a(RUN_BRAKE_4.o)
 .debug_abbrev  0x00001754      0x172 .\CortexM3\ARM_GCC_473\Debug\Design01.a(CyFlash.o)
 .debug_abbrev  0x000018c6      0x15f .\CortexM3\ARM_GCC_473\Debug\Design01.a(CySpc.o)

.debug_line     0x00000000     0x2630
 *(.debug_line)
 .debug_line    0x00000000      0x29d .\CortexM3\ARM_GCC_473\Debug\main.o
 .debug_line    0x0000029d       0x53 .\CortexM3\ARM_GCC_473\Debug\cymetadata.o
 .debug_line    0x000002f0      0x1b0 .\CortexM3\ARM_GCC_473\Debug\Cm3Start.o
 .debug_line    0x000004a0      0x231 .\CortexM3\ARM_GCC_473\Debug\Design01.a(cyfitter_cfg.o)
 .debug_line    0x000006d1       0x97 .\CortexM3\ARM_GCC_473\Debug\Design01.a(B_LED.o)
 .debug_line    0x00000768       0x97 .\CortexM3\ARM_GCC_473\Debug\Design01.a(R_LED.o)
 .debug_line    0x000007ff       0x68 .\CortexM3\ARM_GCC_473\Debug\Design01.a(CyBootAsmGnu.o)
 .debug_line    0x00000867      0x73b .\CortexM3\ARM_GCC_473\Debug\Design01.a(CyLib.o)
 .debug_line    0x00000fa2      0x370 .\CortexM3\ARM_GCC_473\Debug\Design01.a(cyPm.o)
 .debug_line    0x00001312      0x18d .\CortexM3\ARM_GCC_473\Debug\Design01.a(PWM_1.o)
 .debug_line    0x0000149f      0x20c .\CortexM3\ARM_GCC_473\Debug\Design01.a(UART_1.o)
 .debug_line    0x000016ab       0x93 .\CortexM3\ARM_GCC_473\Debug\Design01.a(UART_1_INT.o)
 .debug_line    0x0000173e      0x150 .\CortexM3\ARM_GCC_473\Debug\Design01.a(isr_1.o)
 .debug_line    0x0000188e      0x1a6 .\CortexM3\ARM_GCC_473\Debug\Design01.a(UART_1_IntClock.o)
 .debug_line    0x00001a34       0xf4 .\CortexM3\ARM_GCC_473\Debug\Design01.a(VDAC8_1.o)
 .debug_line    0x00001b28       0xf4 .\CortexM3\ARM_GCC_473\Debug\Design01.a(VDAC8_2.o)
 .debug_line    0x00001c1c       0xf4 .\CortexM3\ARM_GCC_473\Debug\Design01.a(VDAC8_3.o)
 .debug_line    0x00001d10       0xf4 .\CortexM3\ARM_GCC_473\Debug\Design01.a(VDAC8_4.o)
 .debug_line    0x00001e04       0x9a .\CortexM3\ARM_GCC_473\Debug\Design01.a(CW_CCW_1.o)
 .debug_line    0x00001e9e       0x9a .\CortexM3\ARM_GCC_473\Debug\Design01.a(CW_CCW_2.o)
 .debug_line    0x00001f38       0x9a .\CortexM3\ARM_GCC_473\Debug\Design01.a(CW_CCW_3.o)
 .debug_line    0x00001fd2       0x9a .\CortexM3\ARM_GCC_473\Debug\Design01.a(CW_CCW_4.o)
 .debug_line    0x0000206c       0x9d .\CortexM3\ARM_GCC_473\Debug\Design01.a(RUN_BRAKE_1.o)
 .debug_line    0x00002109       0x9d .\CortexM3\ARM_GCC_473\Debug\Design01.a(RUN_BRAKE_2.o)
 .debug_line    0x000021a6       0x9d .\CortexM3\ARM_GCC_473\Debug\Design01.a(RUN_BRAKE_3.o)
 .debug_line    0x00002243       0x9d .\CortexM3\ARM_GCC_473\Debug\Design01.a(RUN_BRAKE_4.o)
 .debug_line    0x000022e0      0x1a9 .\CortexM3\ARM_GCC_473\Debug\Design01.a(CyFlash.o)
 .debug_line    0x00002489      0x1a7 .\CortexM3\ARM_GCC_473\Debug\Design01.a(CySpc.o)

.debug_frame    0x00000000     0x1fc8
 *(.debug_frame)
 .debug_frame   0x00000000      0x154 .\CortexM3\ARM_GCC_473\Debug\main.o
 .debug_frame   0x00000154       0xa4 .\CortexM3\ARM_GCC_473\Debug\Cm3Start.o
 .debug_frame   0x000001f8      0x120 .\CortexM3\ARM_GCC_473\Debug\Design01.a(cyfitter_cfg.o)
 .debug_frame   0x00000318       0x80 .\CortexM3\ARM_GCC_473\Debug\Design01.a(B_LED.o)
 .debug_frame   0x00000398       0x80 .\CortexM3\ARM_GCC_473\Debug\Design01.a(R_LED.o)
 .debug_frame   0x00000418      0x778 .\CortexM3\ARM_GCC_473\Debug\Design01.a(CyLib.o)
 .debug_frame   0x00000b90      0x1d0 .\CortexM3\ARM_GCC_473\Debug\Design01.a(cyPm.o)
 .debug_frame   0x00000d60      0x1d4 .\CortexM3\ARM_GCC_473\Debug\Design01.a(PWM_1.o)
 .debug_frame   0x00000f34      0x228 .\CortexM3\ARM_GCC_473\Debug\Design01.a(UART_1.o)
 .debug_frame   0x0000115c       0x2c .\CortexM3\ARM_GCC_473\Debug\Design01.a(UART_1_INT.o)
 .debug_frame   0x00001188      0x180 .\CortexM3\ARM_GCC_473\Debug\Design01.a(isr_1.o)
 .debug_frame   0x00001308      0x14c .\CortexM3\ARM_GCC_473\Debug\Design01.a(UART_1_IntClock.o)
 .debug_frame   0x00001454       0xf4 .\CortexM3\ARM_GCC_473\Debug\Design01.a(VDAC8_1.o)
 .debug_frame   0x00001548       0xf4 .\CortexM3\ARM_GCC_473\Debug\Design01.a(VDAC8_2.o)
 .debug_frame   0x0000163c       0xf4 .\CortexM3\ARM_GCC_473\Debug\Design01.a(VDAC8_3.o)
 .debug_frame   0x00001730       0xf4 .\CortexM3\ARM_GCC_473\Debug\Design01.a(VDAC8_4.o)
 .debug_frame   0x00001824       0x80 .\CortexM3\ARM_GCC_473\Debug\Design01.a(CW_CCW_1.o)
 .debug_frame   0x000018a4       0x80 .\CortexM3\ARM_GCC_473\Debug\Design01.a(CW_CCW_2.o)
 .debug_frame   0x00001924       0x80 .\CortexM3\ARM_GCC_473\Debug\Design01.a(CW_CCW_3.o)
 .debug_frame   0x000019a4       0x80 .\CortexM3\ARM_GCC_473\Debug\Design01.a(CW_CCW_4.o)
 .debug_frame   0x00001a24       0x80 .\CortexM3\ARM_GCC_473\Debug\Design01.a(RUN_BRAKE_1.o)
 .debug_frame   0x00001aa4       0x80 .\CortexM3\ARM_GCC_473\Debug\Design01.a(RUN_BRAKE_2.o)
 .debug_frame   0x00001b24       0x80 .\CortexM3\ARM_GCC_473\Debug\Design01.a(RUN_BRAKE_3.o)
 .debug_frame   0x00001ba4       0x80 .\CortexM3\ARM_GCC_473\Debug\Design01.a(RUN_BRAKE_4.o)
 .debug_frame   0x00001c24      0x178 .\CortexM3\ARM_GCC_473\Debug\Design01.a(CyFlash.o)
 .debug_frame   0x00001d9c      0x13c .\CortexM3\ARM_GCC_473\Debug\Design01.a(CySpc.o)
 .debug_frame   0x00001ed8       0x28 c:/program files (x86)/cypress/psoc creator/3.0/psoc creator/import/gnu_cs/arm/4.7.3/bin/../lib/gcc/arm-none-eabi/4.7.3/../../../../arm-none-eabi/lib/armv7-m\libc_s.a(lib_a-__atexit2.o)
 .debug_frame   0x00001f00       0x28 c:/program files (x86)/cypress/psoc creator/3.0/psoc creator/import/gnu_cs/arm/4.7.3/bin/../lib/gcc/arm-none-eabi/4.7.3/../../../../arm-none-eabi/lib/armv7-m\libc_s.a(lib_a-exit.o)
 .debug_frame   0x00001f28       0x2c c:/program files (x86)/cypress/psoc creator/3.0/psoc creator/import/gnu_cs/arm/4.7.3/bin/../lib/gcc/arm-none-eabi/4.7.3/../../../../arm-none-eabi/lib/armv7-m\libc_s.a(lib_a-fini.o)
 .debug_frame   0x00001f54       0x2c c:/program files (x86)/cypress/psoc creator/3.0/psoc creator/import/gnu_cs/arm/4.7.3/bin/../lib/gcc/arm-none-eabi/4.7.3/../../../../arm-none-eabi/lib/armv7-m\libc_s.a(lib_a-init.o)
 .debug_frame   0x00001f80       0x28 c:/program files (x86)/cypress/psoc creator/3.0/psoc creator/import/gnu_cs/arm/4.7.3/bin/../lib/gcc/arm-none-eabi/4.7.3/../../../../arm-none-eabi/lib/armv7-m\libc_s.a(lib_a-memcpy.o)
 .debug_frame   0x00001fa8       0x20 c:/program files (x86)/cypress/psoc creator/3.0/psoc creator/import/gnu_cs/arm/4.7.3/bin/../lib/gcc/arm-none-eabi/4.7.3/../../../../arm-none-eabi/lib/armv7-m\libc_s.a(lib_a-memset.o)

.debug_str      0x00000000     0x1ee6
 *(.debug_str)
 .debug_str     0x00000000      0x1ba .\CortexM3\ARM_GCC_473\Debug\main.o
                                0x1f9 (size before relaxing)
 .debug_str     0x000001ba       0xb5 .\CortexM3\ARM_GCC_473\Debug\cymetadata.o
                                0x1a3 (size before relaxing)
 .debug_str     0x0000026f      0x10c .\CortexM3\ARM_GCC_473\Debug\Cm3Start.o
                                0x25f (size before relaxing)
 .debug_str     0x0000037b      0x193 .\CortexM3\ARM_GCC_473\Debug\Design01.a(cyfitter_cfg.o)
                                0x2e5 (size before relaxing)
 .debug_str     0x0000050e       0x68 .\CortexM3\ARM_GCC_473\Debug\Design01.a(B_LED.o)
                                0x19b (size before relaxing)
 .debug_str     0x00000576       0x5d .\CortexM3\ARM_GCC_473\Debug\Design01.a(R_LED.o)
                                0x19b (size before relaxing)
 .debug_str     0x000005d3      0x62e .\CortexM3\ARM_GCC_473\Debug\Design01.a(CyLib.o)
                                0x7c5 (size before relaxing)
 .debug_str     0x00000c01      0x371 .\CortexM3\ARM_GCC_473\Debug\Design01.a(cyPm.o)
                                0x4d4 (size before relaxing)
 .debug_str     0x00000f72      0x1a0 .\CortexM3\ARM_GCC_473\Debug\Design01.a(PWM_1.o)
                                0x2d1 (size before relaxing)
 .debug_str     0x00001112      0x250 .\CortexM3\ARM_GCC_473\Debug\Design01.a(UART_1.o)
                                0x3b1 (size before relaxing)
 .debug_str     0x00001362       0x4e .\CortexM3\ARM_GCC_473\Debug\Design01.a(UART_1_INT.o)
                                0x1f7 (size before relaxing)
 .debug_str     0x000013b0       0xe8 .\CortexM3\ARM_GCC_473\Debug\Design01.a(isr_1.o)
                                0x253 (size before relaxing)
 .debug_str     0x00001498      0x1c4 .\CortexM3\ARM_GCC_473\Debug\Design01.a(UART_1_IntClock.o)
                                0x307 (size before relaxing)
 .debug_str     0x0000165c       0xb9 .\CortexM3\ARM_GCC_473\Debug\Design01.a(VDAC8_1.o)
                                0x1ec (size before relaxing)
 .debug_str     0x00001715       0xad .\CortexM3\ARM_GCC_473\Debug\Design01.a(VDAC8_2.o)
                                0x1ec (size before relaxing)
 .debug_str     0x000017c2       0xad .\CortexM3\ARM_GCC_473\Debug\Design01.a(VDAC8_3.o)
                                0x1ec (size before relaxing)
 .debug_str     0x0000186f       0xad .\CortexM3\ARM_GCC_473\Debug\Design01.a(VDAC8_4.o)
                                0x1ec (size before relaxing)
 .debug_str     0x0000191c       0x6c .\CortexM3\ARM_GCC_473\Debug\Design01.a(CW_CCW_1.o)
                                0x1aa (size before relaxing)
 .debug_str     0x00001988       0x6c .\CortexM3\ARM_GCC_473\Debug\Design01.a(CW_CCW_2.o)
                                0x1aa (size before relaxing)
 .debug_str     0x000019f4       0x6c .\CortexM3\ARM_GCC_473\Debug\Design01.a(CW_CCW_3.o)
                                0x1aa (size before relaxing)
 .debug_str     0x00001a60       0x6c .\CortexM3\ARM_GCC_473\Debug\Design01.a(CW_CCW_4.o)
                                0x1aa (size before relaxing)
 .debug_str     0x00001acc       0x7b .\CortexM3\ARM_GCC_473\Debug\Design01.a(RUN_BRAKE_1.o)
                                0x1b9 (size before relaxing)
 .debug_str     0x00001b47       0x7b .\CortexM3\ARM_GCC_473\Debug\Design01.a(RUN_BRAKE_2.o)
                                0x1b9 (size before relaxing)
 .debug_str     0x00001bc2       0x7b .\CortexM3\ARM_GCC_473\Debug\Design01.a(RUN_BRAKE_3.o)
                                0x1b9 (size before relaxing)
 .debug_str     0x00001c3d       0x7b .\CortexM3\ARM_GCC_473\Debug\Design01.a(RUN_BRAKE_4.o)
                                0x1b9 (size before relaxing)
 .debug_str     0x00001cb8      0x130 .\CortexM3\ARM_GCC_473\Debug\Design01.a(CyFlash.o)
                                0x29a (size before relaxing)
 .debug_str     0x00001de8       0xfe .\CortexM3\ARM_GCC_473\Debug\Design01.a(CySpc.o)
                                0x276 (size before relaxing)

.debug_loc      0x00000000     0x3310
 *(.debug_loc)
 .debug_loc     0x00000000      0x214 .\CortexM3\ARM_GCC_473\Debug\main.o
 .debug_loc     0x00000214      0x100 .\CortexM3\ARM_GCC_473\Debug\Cm3Start.o
 .debug_loc     0x00000314      0x1f8 .\CortexM3\ARM_GCC_473\Debug\Design01.a(cyfitter_cfg.o)
 .debug_loc     0x0000050c       0xc8 .\CortexM3\ARM_GCC_473\Debug\Design01.a(B_LED.o)
 .debug_loc     0x000005d4       0xc8 .\CortexM3\ARM_GCC_473\Debug\Design01.a(R_LED.o)
 .debug_loc     0x0000069c      0xce0 .\CortexM3\ARM_GCC_473\Debug\Design01.a(CyLib.o)
 .debug_loc     0x0000137c      0x2e8 .\CortexM3\ARM_GCC_473\Debug\Design01.a(cyPm.o)
 .debug_loc     0x00001664      0x320 .\CortexM3\ARM_GCC_473\Debug\Design01.a(PWM_1.o)
 .debug_loc     0x00001984      0x3a8 .\CortexM3\ARM_GCC_473\Debug\Design01.a(UART_1.o)
 .debug_loc     0x00001d2c       0x38 .\CortexM3\ARM_GCC_473\Debug\Design01.a(UART_1_INT.o)
 .debug_loc     0x00001d64      0x278 .\CortexM3\ARM_GCC_473\Debug\Design01.a(isr_1.o)
 .debug_loc     0x00001fdc      0x22c .\CortexM3\ARM_GCC_473\Debug\Design01.a(UART_1_IntClock.o)
 .debug_loc     0x00002208      0x190 .\CortexM3\ARM_GCC_473\Debug\Design01.a(VDAC8_1.o)
 .debug_loc     0x00002398      0x190 .\CortexM3\ARM_GCC_473\Debug\Design01.a(VDAC8_2.o)
 .debug_loc     0x00002528      0x190 .\CortexM3\ARM_GCC_473\Debug\Design01.a(VDAC8_3.o)
 .debug_loc     0x000026b8      0x190 .\CortexM3\ARM_GCC_473\Debug\Design01.a(VDAC8_4.o)
 .debug_loc     0x00002848       0xc8 .\CortexM3\ARM_GCC_473\Debug\Design01.a(CW_CCW_1.o)
 .debug_loc     0x00002910       0xc8 .\CortexM3\ARM_GCC_473\Debug\Design01.a(CW_CCW_2.o)
 .debug_loc     0x000029d8       0xc8 .\CortexM3\ARM_GCC_473\Debug\Design01.a(CW_CCW_3.o)
 .debug_loc     0x00002aa0       0xc8 .\CortexM3\ARM_GCC_473\Debug\Design01.a(CW_CCW_4.o)
 .debug_loc     0x00002b68       0xc8 .\CortexM3\ARM_GCC_473\Debug\Design01.a(RUN_BRAKE_1.o)
 .debug_loc     0x00002c30       0xc8 .\CortexM3\ARM_GCC_473\Debug\Design01.a(RUN_BRAKE_2.o)
 .debug_loc     0x00002cf8       0xc8 .\CortexM3\ARM_GCC_473\Debug\Design01.a(RUN_BRAKE_3.o)
 .debug_loc     0x00002dc0       0xc8 .\CortexM3\ARM_GCC_473\Debug\Design01.a(RUN_BRAKE_4.o)
 .debug_loc     0x00002e88      0x258 .\CortexM3\ARM_GCC_473\Debug\Design01.a(CyFlash.o)
 .debug_loc     0x000030e0      0x230 .\CortexM3\ARM_GCC_473\Debug\Design01.a(CySpc.o)

.debug_macinfo
 *(.debug_macinfo)

.debug_ranges   0x00000000      0x8d8
 *(.debug_ranges)
 .debug_ranges  0x00000000       0x60 .\CortexM3\ARM_GCC_473\Debug\main.o
 .debug_ranges  0x00000060       0x30 .\CortexM3\ARM_GCC_473\Debug\Cm3Start.o
 .debug_ranges  0x00000090       0x50 .\CortexM3\ARM_GCC_473\Debug\Design01.a(cyfitter_cfg.o)
 .debug_ranges  0x000000e0       0x28 .\CortexM3\ARM_GCC_473\Debug\Design01.a(B_LED.o)
 .debug_ranges  0x00000108       0x28 .\CortexM3\ARM_GCC_473\Debug\Design01.a(R_LED.o)
 .debug_ranges  0x00000130      0x208 .\CortexM3\ARM_GCC_473\Debug\Design01.a(CyLib.o)
 .debug_ranges  0x00000338       0x80 .\CortexM3\ARM_GCC_473\Debug\Design01.a(cyPm.o)
 .debug_ranges  0x000003b8       0x88 .\CortexM3\ARM_GCC_473\Debug\Design01.a(PWM_1.o)
 .debug_ranges  0x00000440       0x98 .\CortexM3\ARM_GCC_473\Debug\Design01.a(UART_1.o)
 .debug_ranges  0x000004d8       0x10 .\CortexM3\ARM_GCC_473\Debug\Design01.a(UART_1_INT.o)
 .debug_ranges  0x000004e8       0x70 .\CortexM3\ARM_GCC_473\Debug\Design01.a(isr_1.o)
 .debug_ranges  0x00000558       0x60 .\CortexM3\ARM_GCC_473\Debug\Design01.a(UART_1_IntClock.o)
 .debug_ranges  0x000005b8       0x48 .\CortexM3\ARM_GCC_473\Debug\Design01.a(VDAC8_1.o)
 .debug_ranges  0x00000600       0x48 .\CortexM3\ARM_GCC_473\Debug\Design01.a(VDAC8_2.o)
 .debug_ranges  0x00000648       0x48 .\CortexM3\ARM_GCC_473\Debug\Design01.a(VDAC8_3.o)
 .debug_ranges  0x00000690       0x48 .\CortexM3\ARM_GCC_473\Debug\Design01.a(VDAC8_4.o)
 .debug_ranges  0x000006d8       0x28 .\CortexM3\ARM_GCC_473\Debug\Design01.a(CW_CCW_1.o)
 .debug_ranges  0x00000700       0x28 .\CortexM3\ARM_GCC_473\Debug\Design01.a(CW_CCW_2.o)
 .debug_ranges  0x00000728       0x28 .\CortexM3\ARM_GCC_473\Debug\Design01.a(CW_CCW_3.o)
 .debug_ranges  0x00000750       0x28 .\CortexM3\ARM_GCC_473\Debug\Design01.a(CW_CCW_4.o)
 .debug_ranges  0x00000778       0x28 .\CortexM3\ARM_GCC_473\Debug\Design01.a(RUN_BRAKE_1.o)
 .debug_ranges  0x000007a0       0x28 .\CortexM3\ARM_GCC_473\Debug\Design01.a(RUN_BRAKE_2.o)
 .debug_ranges  0x000007c8       0x28 .\CortexM3\ARM_GCC_473\Debug\Design01.a(RUN_BRAKE_3.o)
 .debug_ranges  0x000007f0       0x28 .\CortexM3\ARM_GCC_473\Debug\Design01.a(RUN_BRAKE_4.o)
 .debug_ranges  0x00000818       0x68 .\CortexM3\ARM_GCC_473\Debug\Design01.a(CyFlash.o)
 .debug_ranges  0x00000880       0x58 .\CortexM3\ARM_GCC_473\Debug\Design01.a(CySpc.o)

.comment        0x00000000       0x70
 .comment       0x00000000       0x70 .\CortexM3\ARM_GCC_473\Debug\main.o
                                 0x71 (size before relaxing)
 .comment       0x00000000       0x71 .\CortexM3\ARM_GCC_473\Debug\cymetadata.o
 .comment       0x00000000       0x71 .\CortexM3\ARM_GCC_473\Debug\Cm3Start.o
 .comment       0x00000000       0x71 .\CortexM3\ARM_GCC_473\Debug\Design01.a(cyfitter_cfg.o)
 .comment       0x00000000       0x71 .\CortexM3\ARM_GCC_473\Debug\Design01.a(B_LED.o)
 .comment       0x00000000       0x71 .\CortexM3\ARM_GCC_473\Debug\Design01.a(R_LED.o)
 .comment       0x00000000       0x71 .\CortexM3\ARM_GCC_473\Debug\Design01.a(CyLib.o)
 .comment       0x00000000       0x71 .\CortexM3\ARM_GCC_473\Debug\Design01.a(cyPm.o)
 .comment       0x00000000       0x71 .\CortexM3\ARM_GCC_473\Debug\Design01.a(PWM_1.o)
 .comment       0x00000000       0x71 .\CortexM3\ARM_GCC_473\Debug\Design01.a(UART_1.o)
 .comment       0x00000000       0x71 .\CortexM3\ARM_GCC_473\Debug\Design01.a(UART_1_INT.o)
 .comment       0x00000000       0x71 .\CortexM3\ARM_GCC_473\Debug\Design01.a(isr_1.o)
 .comment       0x00000000       0x71 .\CortexM3\ARM_GCC_473\Debug\Design01.a(UART_1_IntClock.o)
 .comment       0x00000000       0x71 .\CortexM3\ARM_GCC_473\Debug\Design01.a(VDAC8_1.o)
 .comment       0x00000000       0x71 .\CortexM3\ARM_GCC_473\Debug\Design01.a(VDAC8_2.o)
 .comment       0x00000000       0x71 .\CortexM3\ARM_GCC_473\Debug\Design01.a(VDAC8_3.o)
 .comment       0x00000000       0x71 .\CortexM3\ARM_GCC_473\Debug\Design01.a(VDAC8_4.o)
 .comment       0x00000000       0x71 .\CortexM3\ARM_GCC_473\Debug\Design01.a(CW_CCW_1.o)
 .comment       0x00000000       0x71 .\CortexM3\ARM_GCC_473\Debug\Design01.a(CW_CCW_2.o)
 .comment       0x00000000       0x71 .\CortexM3\ARM_GCC_473\Debug\Design01.a(CW_CCW_3.o)
 .comment       0x00000000       0x71 .\CortexM3\ARM_GCC_473\Debug\Design01.a(CW_CCW_4.o)
 .comment       0x00000000       0x71 .\CortexM3\ARM_GCC_473\Debug\Design01.a(RUN_BRAKE_1.o)
 .comment       0x00000000       0x71 .\CortexM3\ARM_GCC_473\Debug\Design01.a(RUN_BRAKE_2.o)
 .comment       0x00000000       0x71 .\CortexM3\ARM_GCC_473\Debug\Design01.a(RUN_BRAKE_3.o)
 .comment       0x00000000       0x71 .\CortexM3\ARM_GCC_473\Debug\Design01.a(RUN_BRAKE_4.o)
 .comment       0x00000000       0x71 .\CortexM3\ARM_GCC_473\Debug\Design01.a(CyFlash.o)
 .comment       0x00000000       0x71 .\CortexM3\ARM_GCC_473\Debug\Design01.a(CySpc.o)

.debug_weaknames
 *(.debug_weaknames)

.debug_funcnames
 *(.debug_funcnames)

.debug_typenames
 *(.debug_typenames)

.debug_varnames
 *(.debug_varnames)

.note.gnu.arm.ident
 *(.note.gnu.arm.ident)

.ARM.attributes
                0x00000000       0x29
 *(.ARM.attributes)
 .ARM.attributes
                0x00000000       0x1d c:/program files (x86)/cypress/psoc creator/3.0/psoc creator/import/gnu_cs/arm/4.7.3/bin/../lib/gcc/arm-none-eabi/4.7.3/armv7-m/crti.o
 .ARM.attributes
                0x0000001d       0x2d c:/program files (x86)/cypress/psoc creator/3.0/psoc creator/import/gnu_cs/arm/4.7.3/bin/../lib/gcc/arm-none-eabi/4.7.3/armv7-m/crtbegin.o
 .ARM.attributes
                0x0000004a       0x1b c:/program files (x86)/cypress/psoc creator/3.0/psoc creator/import/gnu_cs/arm/4.7.3/bin/../lib/gcc/arm-none-eabi/4.7.3/../../../../arm-none-eabi/lib/armv7-m/crt0.o
 .ARM.attributes
                0x00000065       0x33 .\CortexM3\ARM_GCC_473\Debug\main.o
 .ARM.attributes
                0x00000098       0x33 .\CortexM3\ARM_GCC_473\Debug\cymetadata.o
 .ARM.attributes
                0x000000cb       0x33 .\CortexM3\ARM_GCC_473\Debug\Cm3Start.o
 .ARM.attributes
                0x000000fe       0x33 .\CortexM3\ARM_GCC_473\Debug\Design01.a(cyfitter_cfg.o)
 .ARM.attributes
                0x00000131       0x33 .\CortexM3\ARM_GCC_473\Debug\Design01.a(B_LED.o)
 .ARM.attributes
                0x00000164       0x33 .\CortexM3\ARM_GCC_473\Debug\Design01.a(R_LED.o)
 .ARM.attributes
                0x00000197       0x21 .\CortexM3\ARM_GCC_473\Debug\Design01.a(CyBootAsmGnu.o)
 .ARM.attributes
                0x000001b8       0x33 .\CortexM3\ARM_GCC_473\Debug\Design01.a(CyLib.o)
 .ARM.attributes
                0x000001eb       0x33 .\CortexM3\ARM_GCC_473\Debug\Design01.a(cyPm.o)
 .ARM.attributes
                0x0000021e       0x33 .\CortexM3\ARM_GCC_473\Debug\Design01.a(PWM_1.o)
 .ARM.attributes
                0x00000251       0x33 .\CortexM3\ARM_GCC_473\Debug\Design01.a(UART_1.o)
 .ARM.attributes
                0x00000284       0x33 .\CortexM3\ARM_GCC_473\Debug\Design01.a(UART_1_INT.o)
 .ARM.attributes
                0x000002b7       0x33 .\CortexM3\ARM_GCC_473\Debug\Design01.a(isr_1.o)
 .ARM.attributes
                0x000002ea       0x33 .\CortexM3\ARM_GCC_473\Debug\Design01.a(UART_1_IntClock.o)
 .ARM.attributes
                0x0000031d       0x33 .\CortexM3\ARM_GCC_473\Debug\Design01.a(VDAC8_1.o)
 .ARM.attributes
                0x00000350       0x33 .\CortexM3\ARM_GCC_473\Debug\Design01.a(VDAC8_2.o)
 .ARM.attributes
                0x00000383       0x33 .\CortexM3\ARM_GCC_473\Debug\Design01.a(VDAC8_3.o)
 .ARM.attributes
                0x000003b6       0x33 .\CortexM3\ARM_GCC_473\Debug\Design01.a(VDAC8_4.o)
 .ARM.attributes
                0x000003e9       0x33 .\CortexM3\ARM_GCC_473\Debug\Design01.a(CW_CCW_1.o)
 .ARM.attributes
                0x0000041c       0x33 .\CortexM3\ARM_GCC_473\Debug\Design01.a(CW_CCW_2.o)
 .ARM.attributes
                0x0000044f       0x33 .\CortexM3\ARM_GCC_473\Debug\Design01.a(CW_CCW_3.o)
 .ARM.attributes
                0x00000482       0x33 .\CortexM3\ARM_GCC_473\Debug\Design01.a(CW_CCW_4.o)
 .ARM.attributes
                0x000004b5       0x33 .\CortexM3\ARM_GCC_473\Debug\Design01.a(RUN_BRAKE_1.o)
 .ARM.attributes
                0x000004e8       0x33 .\CortexM3\ARM_GCC_473\Debug\Design01.a(RUN_BRAKE_2.o)
 .ARM.attributes
                0x0000051b       0x33 .\CortexM3\ARM_GCC_473\Debug\Design01.a(RUN_BRAKE_3.o)
 .ARM.attributes
                0x0000054e       0x33 .\CortexM3\ARM_GCC_473\Debug\Design01.a(RUN_BRAKE_4.o)
 .ARM.attributes
                0x00000581       0x33 .\CortexM3\ARM_GCC_473\Debug\Design01.a(CyFlash.o)
 .ARM.attributes
                0x000005b4       0x33 .\CortexM3\ARM_GCC_473\Debug\Design01.a(CySpc.o)
 .ARM.attributes
                0x000005e7       0x2d c:/program files (x86)/cypress/psoc creator/3.0/psoc creator/import/gnu_cs/arm/4.7.3/bin/../lib/gcc/arm-none-eabi/4.7.3/../../../../arm-none-eabi/lib/armv7-m\libc_s.a(lib_a-__atexit2.o)
 .ARM.attributes
                0x00000614       0x2d c:/program files (x86)/cypress/psoc creator/3.0/psoc creator/import/gnu_cs/arm/4.7.3/bin/../lib/gcc/arm-none-eabi/4.7.3/../../../../arm-none-eabi/lib/armv7-m\libc_s.a(lib_a-exit.o)
 .ARM.attributes
                0x00000641       0x2d c:/program files (x86)/cypress/psoc creator/3.0/psoc creator/import/gnu_cs/arm/4.7.3/bin/../lib/gcc/arm-none-eabi/4.7.3/../../../../arm-none-eabi/lib/armv7-m\libc_s.a(lib_a-fini.o)
 .ARM.attributes
                0x0000066e       0x2d c:/program files (x86)/cypress/psoc creator/3.0/psoc creator/import/gnu_cs/arm/4.7.3/bin/../lib/gcc/arm-none-eabi/4.7.3/../../../../arm-none-eabi/lib/armv7-m\libc_s.a(lib_a-impure.o)
 .ARM.attributes
                0x0000069b       0x2d c:/program files (x86)/cypress/psoc creator/3.0/psoc creator/import/gnu_cs/arm/4.7.3/bin/../lib/gcc/arm-none-eabi/4.7.3/../../../../arm-none-eabi/lib/armv7-m\libc_s.a(lib_a-init.o)
 .ARM.attributes
                0x000006c8       0x2d c:/program files (x86)/cypress/psoc creator/3.0/psoc creator/import/gnu_cs/arm/4.7.3/bin/../lib/gcc/arm-none-eabi/4.7.3/../../../../arm-none-eabi/lib/armv7-m\libc_s.a(lib_a-memcpy.o)
 .ARM.attributes
                0x000006f5       0x2d c:/program files (x86)/cypress/psoc creator/3.0/psoc creator/import/gnu_cs/arm/4.7.3/bin/../lib/gcc/arm-none-eabi/4.7.3/../../../../arm-none-eabi/lib/armv7-m\libc_s.a(lib_a-memset.o)
 .ARM.attributes
                0x00000722       0x2d c:/program files (x86)/cypress/psoc creator/3.0/psoc creator/import/gnu_cs/arm/4.7.3/bin/../lib/gcc/arm-none-eabi/4.7.3/armv7-m/crtend.o
 .ARM.attributes
                0x0000074f       0x1d c:/program files (x86)/cypress/psoc creator/3.0/psoc creator/import/gnu_cs/arm/4.7.3/bin/../lib/gcc/arm-none-eabi/4.7.3/armv7-m/crtn.o

/DISCARD/
 *(.note.GNU-stack)
OUTPUT(.\CortexM3\ARM_GCC_473\Debug\Design01.elf elf32-littlearm)
