Archive member included because of file (symbol)

.\CortexM3\ARM_GCC_484\Debug\Design01.a(cyfitter_cfg.o)
                              .\CortexM3\ARM_GCC_484\Debug\Cm3Start.o (cyfitter_cfg)
.\CortexM3\ARM_GCC_484\Debug\Design01.a(B_LED.o)
                              .\CortexM3\ARM_GCC_484\Debug\main.o (B_LED_Write)
.\CortexM3\ARM_GCC_484\Debug\Design01.a(R_LED.o)
                              .\CortexM3\ARM_GCC_484\Debug\main.o (R_LED_Write)
.\CortexM3\ARM_GCC_484\Debug\Design01.a(CyBootAsmGnu.o)
                              .\CortexM3\ARM_GCC_484\Debug\Design01.a(cyfitter_cfg.o) (CyDelayCycles)
.\CortexM3\ARM_GCC_484\Debug\Design01.a(CyLib.o)
                              .\CortexM3\ARM_GCC_484\Debug\Cm3Start.o (CyResetStatus)
.\CortexM3\ARM_GCC_484\Debug\Design01.a(cyPm.o)
                              .\CortexM3\ARM_GCC_484\Debug\Design01.a(CyLib.o) (CyPmReadStatus)
.\CortexM3\ARM_GCC_484\Debug\Design01.a(PWM_1.o)
                              .\CortexM3\ARM_GCC_484\Debug\main.o (PWM_1_Start)
.\CortexM3\ARM_GCC_484\Debug\Design01.a(I2C_1.o)
                              .\CortexM3\ARM_GCC_484\Debug\main.o (I2C_1_Enable)
.\CortexM3\ARM_GCC_484\Debug\Design01.a(I2C_1_INT.o)
                              .\CortexM3\ARM_GCC_484\Debug\Design01.a(I2C_1.o) (I2C_1_ISR)
.\CortexM3\ARM_GCC_484\Debug\Design01.a(I2C_1_MASTER.o)
                              .\CortexM3\ARM_GCC_484\Debug\Design01.a(I2C_1_INT.o) (I2C_1_mstrStatus)
.\CortexM3\ARM_GCC_484\Debug\Design01.a(I2C_2.o)
                              .\CortexM3\ARM_GCC_484\Debug\main.o (I2C_2_Start)
.\CortexM3\ARM_GCC_484\Debug\Design01.a(I2C_2_INT.o)
                              .\CortexM3\ARM_GCC_484\Debug\Design01.a(I2C_2.o) (I2C_2_ISR)
.\CortexM3\ARM_GCC_484\Debug\Design01.a(I2C_2_MASTER.o)
                              .\CortexM3\ARM_GCC_484\Debug\Design01.a(I2C_2_INT.o) (I2C_2_mstrStatus)
.\CortexM3\ARM_GCC_484\Debug\Design01.a(Enable2.o)
                              .\CortexM3\ARM_GCC_484\Debug\main.o (Enable2_Write)
.\CortexM3\ARM_GCC_484\Debug\Design01.a(UART_1.o)
                              .\CortexM3\ARM_GCC_484\Debug\main.o (UART_1_Start)
.\CortexM3\ARM_GCC_484\Debug\Design01.a(UART_1_INT.o)
                              .\CortexM3\ARM_GCC_484\Debug\Design01.a(UART_1.o) (UART_1_RXISR)
.\CortexM3\ARM_GCC_484\Debug\Design01.a(isr_1.o)
                              .\CortexM3\ARM_GCC_484\Debug\main.o (isr_1_Enable)
.\CortexM3\ARM_GCC_484\Debug\Design01.a(UART_1_IntClock.o)
                              .\CortexM3\ARM_GCC_484\Debug\Design01.a(UART_1.o) (UART_1_IntClock_Start)
.\CortexM3\ARM_GCC_484\Debug\Design01.a(VDAC8_1.o)
                              .\CortexM3\ARM_GCC_484\Debug\main.o (VDAC8_1_Start)
.\CortexM3\ARM_GCC_484\Debug\Design01.a(VDAC8_2.o)
                              .\CortexM3\ARM_GCC_484\Debug\main.o (VDAC8_2_Start)
.\CortexM3\ARM_GCC_484\Debug\Design01.a(VDAC8_3.o)
                              .\CortexM3\ARM_GCC_484\Debug\main.o (VDAC8_3_Start)
.\CortexM3\ARM_GCC_484\Debug\Design01.a(VDAC8_4.o)
                              .\CortexM3\ARM_GCC_484\Debug\main.o (VDAC8_4_Start)
.\CortexM3\ARM_GCC_484\Debug\Design01.a(CW_CCW_1.o)
                              .\CortexM3\ARM_GCC_484\Debug\main.o (CW_CCW_1_Write)
.\CortexM3\ARM_GCC_484\Debug\Design01.a(CW_CCW_2.o)
                              .\CortexM3\ARM_GCC_484\Debug\main.o (CW_CCW_2_Write)
.\CortexM3\ARM_GCC_484\Debug\Design01.a(CW_CCW_3.o)
                              .\CortexM3\ARM_GCC_484\Debug\main.o (CW_CCW_3_Write)
.\CortexM3\ARM_GCC_484\Debug\Design01.a(CW_CCW_4.o)
                              .\CortexM3\ARM_GCC_484\Debug\main.o (CW_CCW_4_Write)
.\CortexM3\ARM_GCC_484\Debug\Design01.a(RUN_BRAKE_1.o)
                              .\CortexM3\ARM_GCC_484\Debug\main.o (RUN_BRAKE_1_Write)
.\CortexM3\ARM_GCC_484\Debug\Design01.a(RUN_BRAKE_2.o)
                              .\CortexM3\ARM_GCC_484\Debug\main.o (RUN_BRAKE_2_Write)
.\CortexM3\ARM_GCC_484\Debug\Design01.a(RUN_BRAKE_3.o)
                              .\CortexM3\ARM_GCC_484\Debug\main.o (RUN_BRAKE_3_Write)
.\CortexM3\ARM_GCC_484\Debug\Design01.a(RUN_BRAKE_4.o)
                              .\CortexM3\ARM_GCC_484\Debug\main.o (RUN_BRAKE_4_Write)
.\CortexM3\ARM_GCC_484\Debug\Design01.a(UART_2.o)
                              .\CortexM3\ARM_GCC_484\Debug\main.o (UART_2_Start)
.\CortexM3\ARM_GCC_484\Debug\Design01.a(UART_2_IntClock.o)
                              .\CortexM3\ARM_GCC_484\Debug\Design01.a(UART_2.o) (UART_2_IntClock_Start)
.\CortexM3\ARM_GCC_484\Debug\Design01.a(timer1.o)
                              .\CortexM3\ARM_GCC_484\Debug\main.o (timer1_Disable)
.\CortexM3\ARM_GCC_484\Debug\Design01.a(isr_2.o)
                              .\CortexM3\ARM_GCC_484\Debug\main.o (isr_2_Enable)
.\CortexM3\ARM_GCC_484\Debug\Design01.a(CyFlash.o)
                              .\CortexM3\ARM_GCC_484\Debug\Design01.a(cyPm.o) (CyFlash_SetWaitCycles)
.\CortexM3\ARM_GCC_484\Debug\Design01.a(CySpc.o)
[...]
Memory Configuration

Name             Origin             Length             Attributes
rom              0x00000000         0x00040000         xr
ram              0x1fff8000         0x00010000         xrw
*default*        0x00000000         0xffffffff

Linker script and memory map

LOAD c:/program files (x86)/cypress/psoc creator/3.2/psoc creator/import/gnu/arm/4.8.4/bin/../lib/gcc/arm-none-eabi/4.8.4/armv7-m/crti.o
LOAD c:/program files (x86)/cypress/psoc creator/3.2/psoc creator/import/gnu/arm/4.8.4/bin/../lib/gcc/arm-none-eabi/4.8.4/armv7-m/crtbegin.o
LOAD c:/program files (x86)/cypress/psoc creator/3.2/psoc creator/import/gnu/arm/4.8.4/bin/../lib/gcc/arm-none-eabi/4.8.4/../../../../arm-none-eabi/lib/armv7-m/crt0.o
START GROUP
LOAD .\CortexM3\ARM_GCC_484\Debug\main.o
LOAD .\CortexM3\ARM_GCC_484\Debug\cymetadata.o
LOAD .\CortexM3\ARM_GCC_484\Debug\Cm3Start.o
LOAD .\CortexM3\ARM_GCC_484\Debug\Design01.a
LOAD C:\Program Files (x86)\Cypress\PSoC Creator\3.2\PSoC Creator\psoc\content\cycomponentlibrary\CyComponentLibrary.cylib\CortexM3\ARM_GCC_484\Debug\CyComponentLibrary.a
END GROUP
START GROUP
LOAD c:/program files (x86)/cypress/psoc creator/3.2/psoc creator/import/gnu/arm/4.8.4/bin/../lib/gcc/arm-none-eabi/4.8.4/armv7-m\libgcc.a
LOAD c:/program files (x86)/cypress/psoc creator/3.2/psoc creator/import/gnu/arm/4.8.4/bin/../lib/gcc/arm-none-eabi/4.8.4/../../../../arm-none-eabi/lib/armv7-m\libg_s.a
LOAD c:/program files (x86)/cypress/psoc creator/3.2/psoc creator/import/gnu/arm/4.8.4/bin/../lib/gcc/arm-none-eabi/4.8.4/../../../../arm-none-eabi/lib/armv7-m\libc_s.a
END GROUP
START GROUP
LOAD c:/program files (x86)/cypress/psoc creator/3.2/psoc creator/import/gnu/arm/4.8.4/bin/../lib/gcc/arm-none-eabi/4.8.4/armv7-m\libgcc.a
LOAD c:/program files (x86)/cypress/psoc creator/3.2/psoc creator/import/gnu/arm/4.8.4/bin/../lib/gcc/arm-none-eabi/4.8.4/../../../../arm-none-eabi/lib/armv7-m\libc_s.a
END GROUP
LOAD c:/program files (x86)/cypress/psoc creator/3.2/psoc creator/import/gnu/arm/4.8.4/bin/../lib/gcc/arm-none-eabi/4.8.4/armv7-m/crtend.o
LOAD c:/program files (x86)/cypress/psoc creator/3.2/psoc creator/import/gnu/arm/4.8.4/bin/../lib/gcc/arm-none-eabi/4.8.4/armv7-m/crtn.o
START GROUP
LOAD c:/program files (x86)/cypress/psoc creator/3.2/psoc creator/import/gnu/arm/4.8.4/bin/../lib/gcc/arm-none-eabi/4.8.4/armv7-m\libgcc.a
LOAD c:/program files (x86)/cypress/psoc creator/3.2/psoc creator/import/gnu/arm/4.8.4/bin/../lib/gcc/arm-none-eabi/4.8.4/../../../../arm-none-eabi/lib/armv7-m\libc.a
LOAD c:/program files (x86)/cypress/psoc creator/3.2/psoc creator/import/gnu/arm/4.8.4/bin/../lib/gcc/arm-none-eabi/4.8.4/../../../../arm-none-eabi/lib/armv7-m\libnosys.a
END GROUP
                0x00000000                CY_APPL_ORIGIN = 0x0
                0x00000100                CY_FLASH_ROW_SIZE = 0x100
                0x00000020                CY_ECC_ROW_SIZE = 0x20
                0x00000000                CY_EE_IN_BTLDR = 0x0
                0x00000000                CY_APPL_LOADABLE = 0x0
                0x00000800                CY_EE_SIZE = 0x800
                0x00000001                CY_APPL_NUM = 0x1
                0x00000001                CY_APPL_MAX = 0x1
                0x00000040                CY_METADATA_SIZE = 0x40
                0x1fff8318                PROVIDE (__cy_heap_start, _end)
                0x00000001                PROVIDE (__cy_region_num, ((__cy_regions_end - __cy_regions) / 0x10))
                0x20008000                PROVIDE (__cy_stack, (ORIGIN (ram) + 0x10000))
                0x20004000                PROVIDE (__cy_heap_end, (__cy_stack - 0x4000))

.cybootloader   0x00000000        0x0
 *(.cybootloader)
                0x00000000                appl1_start = CY_APPL_ORIGIN?CY_APPL_ORIGIN:ALIGN (CY_FLASH_ROW_SIZE)
                0x0001ff00                appl2_start = (appl1_start + ALIGN ((((0x40000 - appl1_start) - (0x2 * CY_FLASH_ROW_SIZE)) / 0x2), CY_FLASH_ROW_SIZE))
                0x00000000                appl_start = (CY_APPL_NUM == 0x1)?appl1_start:appl2_start
                0x00000000                ecc_offset = ((appl_start / CY_FLASH_ROW_SIZE) * CY_ECC_ROW_SIZE)
                0x00000000                ee_offset = (CY_APPL_LOADABLE && ! (CY_EE_IN_BTLDR))?((CY_EE_SIZE / CY_APPL_MAX) * (CY_APPL_NUM - 0x1)):0x0
                0x00000800                ee_size = (CY_APPL_LOADABLE && ! (CY_EE_IN_BTLDR))?(CY_EE_SIZE / CY_APPL_MAX):CY_EE_SIZE
                0x00000000                PROVIDE (CY_ECC_OFFSET, ecc_offset)

.text           0x00000000     0x4346
 CREATE_OBJECT_SYMBOLS
                0x00000000                PROVIDE (__cy_interrupt_vector, RomVectors)
 *(.romvectors)
 .romvectors    0x00000000       0x10 .\CortexM3\ARM_GCC_484\Debug\Cm3Start.o
                0x00000000                RomVectors
                0x00000001                ASSERT ((. != __cy_interrupt_vector), No interrupt vector)
                0x00000001                ASSERT (CY_APPL_ORIGIN?(SIZEOF (.cybootloader) <= CY_APPL_ORIGIN):0x1, Wrong image location)
                0x00000010                PROVIDE (__cy_reset, Reset)
 *(.text.Reset)
 .text.Reset    0x00000010       0x18 .\CortexM3\ARM_GCC_484\Debug\Cm3Start.o
                0x00000010                Reset
                0x00000001                ASSERT ((. != __cy_reset), No reset code)
 *(.dma_init)
                0x00000001                ASSERT ((((appl_start + .) <= 0x10000) || 0x1), DMA Init must be within the first 64k of flash)
 *(.text .text.* .gnu.linkonce.t.*)
 .text          0x00000028       0x54 c:/program files (x86)/cypress/psoc creator/3.2/psoc creator/import/gnu/arm/4.8.4/bin/../lib/gcc/arm-none-eabi/4.8.4/armv7-m/crtbegin.o
 .text.mytimer1
                0x0000007c      0x144 .\CortexM3\ARM_GCC_484\Debug\main.o
                0x0000007c                mytimer1
 .text.myHandler2
                0x000001c0       0x20 .\CortexM3\ARM_GCC_484\Debug\main.o
                0x000001c0                myHandler2
 .text.myHandler
                0x000001e0      0x114 .\CortexM3\ARM_GCC_484\Debug\main.o
                0x000001e0                myHandler
 .text.CheckRFID
                0x000002f4       0x58 .\CortexM3\ARM_GCC_484\Debug\main.o
                0x000002f4                CheckRFID
 .text.AssignmentRFID
                0x0000034c       0x44 .\CortexM3\ARM_GCC_484\Debug\main.o
                0x0000034c                AssignmentRFID
 .text.CalMotorSpeed
                0x00000390      0x174 .\CortexM3\ARM_GCC_484\Debug\main.o
                0x00000390                CalMotorSpeed
 .text.RightFrontMotor
                0x00000504       0x68 .\CortexM3\ARM_GCC_484\Debug\main.o
                0x00000504                RightFrontMotor
 .text.RightRearMotor
                0x0000056c       0x68 .\CortexM3\ARM_GCC_484\Debug\main.o
                0x0000056c                RightRearMotor
 .text.LeftFrontMotor
                0x000005d4       0x68 .\CortexM3\ARM_GCC_484\Debug\main.o
                0x000005d4                LeftFrontMotor
 .text.LeftRearMotor
                0x0000063c       0x68 .\CortexM3\ARM_GCC_484\Debug\main.o
                0x0000063c                LeftRearMotor
 .text.configPSoC
                0x000006a4      0x124 .\CortexM3\ARM_GCC_484\Debug\main.o
                0x000006a4                configPSoC
 .text.CalcRLRotate
                0x000007c8      0x168 .\CortexM3\ARM_GCC_484\Debug\main.o
                0x000007c8                CalcRLRotate
 .text.AcceleratingFR
                0x00000930       0x50 .\CortexM3\ARM_GCC_484\Debug\main.o
                0x00000930                AcceleratingFR
 .text.AcceleratingRL
                0x00000980       0x50 .\CortexM3\ARM_GCC_484\Debug\main.o
                0x00000980                AcceleratingRL
 .text.Core     0x000009d0      0x498 .\CortexM3\ARM_GCC_484\Debug\main.o
                0x000009d0                Core
 .text.CatchRFID
                0x00000e68       0xdc .\CortexM3\ARM_GCC_484\Debug\main.o
                0x00000e68                CatchRFID
 .text.main     0x00000f44       0xec .\CortexM3\ARM_GCC_484\Debug\main.o
                0x00000f44                main
 .text.PI       0x00001030       0x20 .\CortexM3\ARM_GCC_484\Debug\main.o
                0x00001030                PI
 .text.PIII     0x00001050       0x24 .\CortexM3\ARM_GCC_484\Debug\main.o
                0x00001050                PIII
 .text.R_LED_ON
                0x00001074        0xc .\CortexM3\ARM_GCC_484\Debug\main.o
                0x00001074                R_LED_ON
 .text.R_LED_OFF
                0x00001080        0xc .\CortexM3\ARM_GCC_484\Debug\main.o
                0x00001080                R_LED_OFF
 .text.B_LED_ON
                0x0000108c        0xc .\CortexM3\ARM_GCC_484\Debug\main.o
                0x0000108c                B_LED_ON
 .text.B_LED_OFF
                0x00001098        0xc .\CortexM3\ARM_GCC_484\Debug\main.o
                0x00001098                B_LED_OFF
 .text.IntDefaultHandler
                0x000010a4        0x8 .\CortexM3\ARM_GCC_484\Debug\Cm3Start.o
                0x000010a4                IntDefaultHandler
 .text.Start_c  0x000010ac       0x94 .\CortexM3\ARM_GCC_484\Debug\Cm3Start.o
                0x000010ac                Start_c
 .text.initialize_psoc
                0x00001140       0x8c .\CortexM3\ARM_GCC_484\Debug\Cm3Start.o
                0x00001140                initialize_psoc
 .text.CYMEMZERO
                0x000011cc       0x1c .\CortexM3\ARM_GCC_484\Debug\Design01.a(cyfitter_cfg.o)
 .text.CYCONFIGCPY
                0x000011e8       0x1c .\CortexM3\ARM_GCC_484\Debug\Design01.a(cyfitter_cfg.o)
 .text.CyClockStartupError
                0x00001204        0xc .\CortexM3\ARM_GCC_484\Debug\Design01.a(cyfitter_cfg.o)
 .text.cfg_write_bytes32
                0x00001210       0x74 .\CortexM3\ARM_GCC_484\Debug\Design01.a(cyfitter_cfg.o)
 .text.ClockSetup
                0x00001284      0x168 .\CortexM3\ARM_GCC_484\Debug\Design01.a(cyfitter_cfg.o)
 .text.AnalogSetDefault
                0x000013ec       0x8c .\CortexM3\ARM_GCC_484\Debug\Design01.a(cyfitter_cfg.o)
 .text.cyfitter_cfg
                0x00001478      0x1c4 .\CortexM3\ARM_GCC_484\Debug\Design01.a(cyfitter_cfg.o)
                0x00001478                cyfitter_cfg
 .text.B_LED_Write
                0x0000163c       0x34 .\CortexM3\ARM_GCC_484\Debug\Design01.a(B_LED.o)
                0x0000163c                B_LED_Write
 .text.R_LED_Write
                0x00001670       0x34 .\CortexM3\ARM_GCC_484\Debug\Design01.a(R_LED.o)
                0x00001670                R_LED_Write
 *fill*         0x000016a4        0x4 
 .text          0x000016a8       0x28 .\CortexM3\ARM_GCC_484\Debug\Design01.a(CyBootAsmGnu.o)
                0x000016a8                CyDelayCycles
                0x000016bc                CyEnterCriticalSection
                0x000016c4                CyExitCriticalSection
 .text.CyHalt   0x000016d0       0x18 .\CortexM3\ARM_GCC_484\Debug\Design01.a(CyLib.o)
                0x000016d0                CyHalt
 .text.CyDelay  0x000016e8       0x44 .\CortexM3\ARM_GCC_484\Debug\Design01.a(CyLib.o)
                0x000016e8                CyDelay
 .text.CyIntSetVector
                0x0000172c       0x50 .\CortexM3\ARM_GCC_484\Debug\Design01.a(CyLib.o)
                0x0000172c                CyIntSetVector
 .text.CyIntSetPriority
                0x0000177c       0x44 .\CortexM3\ARM_GCC_484\Debug\Design01.a(CyLib.o)
                0x0000177c                CyIntSetPriority
 .text.PWM_1_Start
                0x000017c0       0x20 .\CortexM3\ARM_GCC_484\Debug\Design01.a(PWM_1.o)
                0x000017c0                PWM_1_Start
 .text.PWM_1_Init
                0x000017e0       0xbc .\CortexM3\ARM_GCC_484\Debug\Design01.a(PWM_1.o)
                0x000017e0                PWM_1_Init
 .text.PWM_1_Enable
                0x0000189c       0x48 .\CortexM3\ARM_GCC_484\Debug\Design01.a(PWM_1.o)
                0x0000189c                PWM_1_Enable
 .text.PWM_1_Stop
                0x000018e4       0x48 .\CortexM3\ARM_GCC_484\Debug\Design01.a(PWM_1.o)
                0x000018e4                PWM_1_Stop
 .text.PWM_1_WritePeriod
                0x0000192c       0x20 .\CortexM3\ARM_GCC_484\Debug\Design01.a(PWM_1.o)
                0x0000192c                PWM_1_WritePeriod
 .text.PWM_1_WriteCompare
                0x0000194c       0x20 .\CortexM3\ARM_GCC_484\Debug\Design01.a(PWM_1.o)
                0x0000194c                PWM_1_WriteCompare
 .text.PWM_1_SetInterruptMode
                0x0000196c       0x20 .\CortexM3\ARM_GCC_484\Debug\Design01.a(PWM_1.o)
                0x0000196c                PWM_1_SetInterruptMode
 .text.I2C_1_Init
                0x0000198c       0x8c .\CortexM3\ARM_GCC_484\Debug\Design01.a(I2C_1.o)
                0x0000198c                I2C_1_Init
 .text.I2C_1_Enable
                0x00001a18       0x20 .\CortexM3\ARM_GCC_484\Debug\Design01.a(I2C_1.o)
                0x00001a18                I2C_1_Enable
 .text.I2C_1_Start
                0x00001a38       0x2c .\CortexM3\ARM_GCC_484\Debug\Design01.a(I2C_1.o)
                0x00001a38                I2C_1_Start
 .text.I2C_1_ISR
                0x00001a64      0x3c8 .\CortexM3\ARM_GCC_484\Debug\Design01.a(I2C_1_INT.o)
                0x00001a64                I2C_1_ISR
 .text.I2C_1_MasterClearStatus
                0x00001e2c       0x24 .\CortexM3\ARM_GCC_484\Debug\Design01.a(I2C_1_MASTER.o)
                0x00001e2c                I2C_1_MasterClearStatus
 .text.I2C_1_MasterClearReadBuf
                0x00001e50       0x2c .\CortexM3\ARM_GCC_484\Debug\Design01.a(I2C_1_MASTER.o)
                0x00001e50                I2C_1_MasterClearReadBuf
 .text.I2C_1_MasterClearWriteBuf
                0x00001e7c       0x2c .\CortexM3\ARM_GCC_484\Debug\Design01.a(I2C_1_MASTER.o)
                0x00001e7c                I2C_1_MasterClearWriteBuf
 .text.I2C_1_Workaround
                0x00001ea8        0xc .\CortexM3\ARM_GCC_484\Debug\Design01.a(I2C_1_MASTER.o)
                0x00001ea8                I2C_1_Workaround
 .text.I2C_2_Init
                0x00001eb4       0x8c .\CortexM3\ARM_GCC_484\Debug\Design01.a(I2C_2.o)
                0x00001eb4                I2C_2_Init
 .text.I2C_2_Enable
                0x00001f40       0x20 .\CortexM3\ARM_GCC_484\Debug\Design01.a(I2C_2.o)
                0x00001f40                I2C_2_Enable
 .text.I2C_2_Start
                0x00001f60       0x2c .\CortexM3\ARM_GCC_484\Debug\Design01.a(I2C_2.o)
                0x00001f60                I2C_2_Start
 .text.I2C_2_ISR
                0x00001f8c      0x3c8 .\CortexM3\ARM_GCC_484\Debug\Design01.a(I2C_2_INT.o)
                0x00001f8c                I2C_2_ISR
 .text.I2C_2_MasterSendStart
                0x00002354       0xc0 .\CortexM3\ARM_GCC_484\Debug\Design01.a(I2C_2_MASTER.o)
                0x00002354                I2C_2_MasterSendStart
 .text.I2C_2_MasterSendStop
                0x00002414       0x6c .\CortexM3\ARM_GCC_484\Debug\Design01.a(I2C_2_MASTER.o)
                0x00002414                I2C_2_MasterSendStop
 .text.I2C_2_MasterWriteByte
                0x00002480       0x9c .\CortexM3\ARM_GCC_484\Debug\Design01.a(I2C_2_MASTER.o)
                0x00002480                I2C_2_MasterWriteByte
 .text.I2C_2_MasterReadByte
                0x0000251c       0xac .\CortexM3\ARM_GCC_484\Debug\Design01.a(I2C_2_MASTER.o)
                0x0000251c                I2C_2_MasterReadByte
 .text.I2C_2_MasterClearStatus
                0x000025c8       0x24 .\CortexM3\ARM_GCC_484\Debug\Design01.a(I2C_2_MASTER.o)
                0x000025c8                I2C_2_MasterClearStatus
 .text.I2C_2_MasterClearReadBuf
                0x000025ec       0x2c .\CortexM3\ARM_GCC_484\Debug\Design01.a(I2C_2_MASTER.o)
                0x000025ec                I2C_2_MasterClearReadBuf
 .text.I2C_2_MasterClearWriteBuf
                0x00002618       0x2c .\CortexM3\ARM_GCC_484\Debug\Design01.a(I2C_2_MASTER.o)
                0x00002618                I2C_2_MasterClearWriteBuf
 .text.I2C_2_Workaround
                0x00002644        0xc .\CortexM3\ARM_GCC_484\Debug\Design01.a(I2C_2_MASTER.o)
                0x00002644                I2C_2_Workaround
 .text.Enable2_Write
                0x00002650       0x3c .\CortexM3\ARM_GCC_484\Debug\Design01.a(Enable2.o)
                0x00002650                Enable2_Write
 .text.UART_1_Start
                0x0000268c       0x20 .\CortexM3\ARM_GCC_484\Debug\Design01.a(UART_1.o)
                0x0000268c                UART_1_Start
 .text.UART_1_Init
                0x000026ac       0x60 .\CortexM3\ARM_GCC_484\Debug\Design01.a(UART_1.o)
                0x000026ac                UART_1_Init
 .text.UART_1_Enable
                0x0000270c       0x6c .\CortexM3\ARM_GCC_484\Debug\Design01.a(UART_1.o)
                0x0000270c                UART_1_Enable
 .text.UART_1_EnableRxInt
                0x00002778       0x18 .\CortexM3\ARM_GCC_484\Debug\Design01.a(UART_1.o)
                0x00002778                UART_1_EnableRxInt
 .text.UART_1_DisableRxInt
                0x00002790       0x18 .\CortexM3\ARM_GCC_484\Debug\Design01.a(UART_1.o)
                0x00002790                UART_1_DisableRxInt
 .text.UART_1_ReadRxData
                0x000027a8       0x98 .\CortexM3\ARM_GCC_484\Debug\Design01.a(UART_1.o)
                0x000027a8                UART_1_ReadRxData
 .text.UART_1_RXISR
                0x00002840       0xcc .\CortexM3\ARM_GCC_484\Debug\Design01.a(UART_1_INT.o)
                0x00002840                UART_1_RXISR
 .text.UART_1_TXISR
                0x0000290c       0x70 .\CortexM3\ARM_GCC_484\Debug\Design01.a(UART_1_INT.o)
                0x0000290c                UART_1_TXISR
 .text.isr_1_StartEx
                0x0000297c       0x24 .\CortexM3\ARM_GCC_484\Debug\Design01.a(isr_1.o)
                0x0000297c                isr_1_StartEx
 .text.isr_1_SetVector
                0x000029a0       0x24 .\CortexM3\ARM_GCC_484\Debug\Design01.a(isr_1.o)
                0x000029a0                isr_1_SetVector
 .text.isr_1_SetPriority
                0x000029c4       0x24 .\CortexM3\ARM_GCC_484\Debug\Design01.a(isr_1.o)
                0x000029c4                isr_1_SetPriority
 .text.isr_1_Enable
                0x000029e8       0x18 .\CortexM3\ARM_GCC_484\Debug\Design01.a(isr_1.o)
                0x000029e8                isr_1_Enable
 .text.isr_1_Disable
                0x00002a00       0x18 .\CortexM3\ARM_GCC_484\Debug\Design01.a(isr_1.o)
                0x00002a00                isr_1_Disable
 .text.isr_1_ClearPending
                0x00002a18       0x18 .\CortexM3\ARM_GCC_484\Debug\Design01.a(isr_1.o)
                0x00002a18                isr_1_ClearPending
 .text.UART_1_IntClock_Start
                0x00002a30       0x34 .\CortexM3\ARM_GCC_484\Debug\Design01.a(UART_1_IntClock.o)
                0x00002a30                UART_1_IntClock_Start
 .text.VDAC8_1_Init
                0x00002a64       0x28 .\CortexM3\ARM_GCC_484\Debug\Design01.a(VDAC8_1.o)
                0x00002a64                VDAC8_1_Init
 .text.VDAC8_1_Enable
                0x00002a8c       0x34 .\CortexM3\ARM_GCC_484\Debug\Design01.a(VDAC8_1.o)
                0x00002a8c                VDAC8_1_Enable
 .text.VDAC8_1_Start
                0x00002ac0       0x28 .\CortexM3\ARM_GCC_484\Debug\Design01.a(VDAC8_1.o)
                0x00002ac0                VDAC8_1_Start
 .text.VDAC8_1_SetSpeed
                0x00002ae8       0x40 .\CortexM3\ARM_GCC_484\Debug\Design01.a(VDAC8_1.o)
                0x00002ae8                VDAC8_1_SetSpeed
 .text.VDAC8_1_SetRange
                0x00002b28       0x40 .\CortexM3\ARM_GCC_484\Debug\Design01.a(VDAC8_1.o)
                0x00002b28                VDAC8_1_SetRange
 .text.VDAC8_1_SetValue
                0x00002b68       0x20 .\CortexM3\ARM_GCC_484\Debug\Design01.a(VDAC8_1.o)
                0x00002b68                VDAC8_1_SetValue
 .text.VDAC8_1_DacTrim
                0x00002b88       0x3c .\CortexM3\ARM_GCC_484\Debug\Design01.a(VDAC8_1.o)
                0x00002b88                VDAC8_1_DacTrim
 .text.VDAC8_2_Init
                0x00002bc4       0x28 .\CortexM3\ARM_GCC_484\Debug\Design01.a(VDAC8_2.o)
                0x00002bc4                VDAC8_2_Init
 .text.VDAC8_2_Enable
                0x00002bec       0x34 .\CortexM3\ARM_GCC_484\Debug\Design01.a(VDAC8_2.o)
                0x00002bec                VDAC8_2_Enable
 .text.VDAC8_2_Start
                0x00002c20       0x28 .\CortexM3\ARM_GCC_484\Debug\Design01.a(VDAC8_2.o)
                0x00002c20                VDAC8_2_Start
 .text.VDAC8_2_SetSpeed
                0x00002c48       0x40 .\CortexM3\ARM_GCC_484\Debug\Design01.a(VDAC8_2.o)
                0x00002c48                VDAC8_2_SetSpeed
 .text.VDAC8_2_SetRange
                0x00002c88       0x40 .\CortexM3\ARM_GCC_484\Debug\Design01.a(VDAC8_2.o)
                0x00002c88                VDAC8_2_SetRange
 .text.VDAC8_2_SetValue
                0x00002cc8       0x20 .\CortexM3\ARM_GCC_484\Debug\Design01.a(VDAC8_2.o)
                0x00002cc8                VDAC8_2_SetValue
 .text.VDAC8_2_DacTrim
                0x00002ce8       0x3c .\CortexM3\ARM_GCC_484\Debug\Design01.a(VDAC8_2.o)
                0x00002ce8                VDAC8_2_DacTrim
 .text.VDAC8_3_Init
                0x00002d24       0x28 .\CortexM3\ARM_GCC_484\Debug\Design01.a(VDAC8_3.o)
                0x00002d24                VDAC8_3_Init
 .text.VDAC8_3_Enable
                0x00002d4c       0x34 .\CortexM3\ARM_GCC_484\Debug\Design01.a(VDAC8_3.o)
                0x00002d4c                VDAC8_3_Enable
 .text.VDAC8_3_Start
                0x00002d80       0x28 .\CortexM3\ARM_GCC_484\Debug\Design01.a(VDAC8_3.o)
                0x00002d80                VDAC8_3_Start
 .text.VDAC8_3_SetSpeed
                0x00002da8       0x40 .\CortexM3\ARM_GCC_484\Debug\Design01.a(VDAC8_3.o)
                0x00002da8                VDAC8_3_SetSpeed
 .text.VDAC8_3_SetRange
                0x00002de8       0x40 .\CortexM3\ARM_GCC_484\Debug\Design01.a(VDAC8_3.o)
                0x00002de8                VDAC8_3_SetRange
 .text.VDAC8_3_SetValue
                0x00002e28       0x20 .\CortexM3\ARM_GCC_484\Debug\Design01.a(VDAC8_3.o)
                0x00002e28                VDAC8_3_SetValue
 .text.VDAC8_3_DacTrim
                0x00002e48       0x3c .\CortexM3\ARM_GCC_484\Debug\Design01.a(VDAC8_3.o)
                0x00002e48                VDAC8_3_DacTrim
 .text.VDAC8_4_Init
                0x00002e84       0x28 .\CortexM3\ARM_GCC_484\Debug\Design01.a(VDAC8_4.o)
                0x00002e84                VDAC8_4_Init
 .text.VDAC8_4_Enable
                0x00002eac       0x34 .\CortexM3\ARM_GCC_484\Debug\Design01.a(VDAC8_4.o)
                0x00002eac                VDAC8_4_Enable
 .text.VDAC8_4_Start
                0x00002ee0       0x28 .\CortexM3\ARM_GCC_484\Debug\Design01.a(VDAC8_4.o)
                0x00002ee0                VDAC8_4_Start
 .text.VDAC8_4_SetSpeed
                0x00002f08       0x40 .\CortexM3\ARM_GCC_484\Debug\Design01.a(VDAC8_4.o)
                0x00002f08                VDAC8_4_SetSpeed
 .text.VDAC8_4_SetRange
                0x00002f48       0x40 .\CortexM3\ARM_GCC_484\Debug\Design01.a(VDAC8_4.o)
                0x00002f48                VDAC8_4_SetRange
 .text.VDAC8_4_SetValue
                0x00002f88       0x20 .\CortexM3\ARM_GCC_484\Debug\Design01.a(VDAC8_4.o)
                0x00002f88                VDAC8_4_SetValue
 .text.VDAC8_4_DacTrim
                0x00002fa8       0x3c .\CortexM3\ARM_GCC_484\Debug\Design01.a(VDAC8_4.o)
                0x00002fa8                VDAC8_4_DacTrim
 .text.CW_CCW_1_Write
                0x00002fe4       0x3c .\CortexM3\ARM_GCC_484\Debug\Design01.a(CW_CCW_1.o)
                0x00002fe4                CW_CCW_1_Write
 .text.CW_CCW_2_Write
                0x00003020       0x3c .\CortexM3\ARM_GCC_484\Debug\Design01.a(CW_CCW_2.o)
                0x00003020                CW_CCW_2_Write
 .text.CW_CCW_3_Write
                0x0000305c       0x3c .\CortexM3\ARM_GCC_484\Debug\Design01.a(CW_CCW_3.o)
                0x0000305c                CW_CCW_3_Write
 .text.CW_CCW_4_Write
                0x00003098       0x34 .\CortexM3\ARM_GCC_484\Debug\Design01.a(CW_CCW_4.o)
                0x00003098                CW_CCW_4_Write
 .text.RUN_BRAKE_1_Write
                0x000030cc       0x3c .\CortexM3\ARM_GCC_484\Debug\Design01.a(RUN_BRAKE_1.o)
                0x000030cc                RUN_BRAKE_1_Write
 .text.RUN_BRAKE_2_Write
                0x00003108       0x3c .\CortexM3\ARM_GCC_484\Debug\Design01.a(RUN_BRAKE_2.o)
                0x00003108                RUN_BRAKE_2_Write
 .text.RUN_BRAKE_3_Write
                0x00003144       0x3c .\CortexM3\ARM_GCC_484\Debug\Design01.a(RUN_BRAKE_3.o)
                0x00003144                RUN_BRAKE_3_Write
 .text.RUN_BRAKE_4_Write
                0x00003180       0x34 .\CortexM3\ARM_GCC_484\Debug\Design01.a(RUN_BRAKE_4.o)
                0x00003180                RUN_BRAKE_4_Write
 .text.UART_2_Start
                0x000031b4       0x20 .\CortexM3\ARM_GCC_484\Debug\Design01.a(UART_2.o)
                0x000031b4                UART_2_Start
 .text.UART_2_Init
                0x000031d4       0x40 .\CortexM3\ARM_GCC_484\Debug\Design01.a(UART_2.o)
                0x000031d4                UART_2_Init
 .text.UART_2_Enable
                0x00003214       0x5c .\CortexM3\ARM_GCC_484\Debug\Design01.a(UART_2.o)
                0x00003214                UART_2_Enable
 .text.UART_2_ReadRxData
                0x00003270       0x20 .\CortexM3\ARM_GCC_484\Debug\Design01.a(UART_2.o)
                0x00003270                UART_2_ReadRxData
 .text.UART_2_PutChar
                0x00003290       0x34 .\CortexM3\ARM_GCC_484\Debug\Design01.a(UART_2.o)
                0x00003290                UART_2_PutChar
 .text.UART_2_PutString
                0x000032c4       0x40 .\CortexM3\ARM_GCC_484\Debug\Design01.a(UART_2.o)
                0x000032c4                UART_2_PutString
 .text.UART_2_PutArray
                0x00003304       0x40 .\CortexM3\ARM_GCC_484\Debug\Design01.a(UART_2.o)
                0x00003304                UART_2_PutArray
 .text.UART_2_IntClock_Start
                0x00003344       0x34 .\CortexM3\ARM_GCC_484\Debug\Design01.a(UART_2_IntClock.o)
                0x00003344                UART_2_IntClock_Start
 .text.timer1_StartEx
                0x00003378       0x24 .\CortexM3\ARM_GCC_484\Debug\Design01.a(timer1.o)
                0x00003378                timer1_StartEx
 .text.timer1_SetVector
                0x0000339c       0x24 .\CortexM3\ARM_GCC_484\Debug\Design01.a(timer1.o)
                0x0000339c                timer1_SetVector
 .text.timer1_SetPriority
                0x000033c0       0x24 .\CortexM3\ARM_GCC_484\Debug\Design01.a(timer1.o)
                0x000033c0                timer1_SetPriority
 .text.timer1_Enable
                0x000033e4       0x18 .\CortexM3\ARM_GCC_484\Debug\Design01.a(timer1.o)
                0x000033e4                timer1_Enable
 .text.timer1_Disable
                0x000033fc       0x18 .\CortexM3\ARM_GCC_484\Debug\Design01.a(timer1.o)
                0x000033fc                timer1_Disable
 .text.isr_2_StartEx
                0x00003414       0x24 .\CortexM3\ARM_GCC_484\Debug\Design01.a(isr_2.o)
                0x00003414                isr_2_StartEx
 .text.isr_2_SetVector
                0x00003438       0x24 .\CortexM3\ARM_GCC_484\Debug\Design01.a(isr_2.o)
                0x00003438                isr_2_SetVector
 .text.isr_2_SetPriority
                0x0000345c       0x24 .\CortexM3\ARM_GCC_484\Debug\Design01.a(isr_2.o)
                0x0000345c                isr_2_SetPriority
 .text.isr_2_Enable
                0x00003480       0x18 .\CortexM3\ARM_GCC_484\Debug\Design01.a(isr_2.o)
                0x00003480                isr_2_Enable
 .text.isr_2_Disable
                0x00003498       0x18 .\CortexM3\ARM_GCC_484\Debug\Design01.a(isr_2.o)
                0x00003498                isr_2_Disable
 .text          0x000034b0      0x370 c:/program files (x86)/cypress/psoc creator/3.2/psoc creator/import/gnu/arm/4.8.4/bin/../lib/gcc/arm-none-eabi/4.8.4/armv7-m\libgcc.a(_arm_addsubdf3.o)
                0x000034b0                __aeabi_drsub
                0x000034b8                __aeabi_dsub
                0x000034b8                __subdf3
                0x000034bc                __aeabi_dadd
                0x000034bc                __adddf3
                0x00003734                __floatunsidf
                0x00003734                __aeabi_ui2d
                0x00003754                __floatsidf
                0x00003754                __aeabi_i2d
                0x00003778                __aeabi_f2d
                0x00003778                __extendsfdf2
                0x000037b4                __floatundidf
                0x000037b4                __aeabi_ul2d
                0x000037c4                __floatdidf
                0x000037c4                __aeabi_l2d
 .text          0x00003820      0x424 c:/program files (x86)/cypress/psoc creator/3.2/psoc creator/import/gnu/arm/4.8.4/bin/../lib/gcc/arm-none-eabi/4.8.4/armv7-m\libgcc.a(_arm_muldivdf3.o)
                0x00003820                __aeabi_dmul
                0x00003820                __muldf3
                0x00003a74                __divdf3
                0x00003a74                __aeabi_ddiv
 .text          0x00003c44       0xa0 c:/program files (x86)/cypress/psoc creator/3.2/psoc creator/import/gnu/arm/4.8.4/bin/../lib/gcc/arm-none-eabi/4.8.4/armv7-m\libgcc.a(_arm_truncdfsf2.o)
                0x00003c44                __truncdfsf2
                0x00003c44                __aeabi_d2f
 .text          0x00003ce4      0x21c c:/program files (x86)/cypress/psoc creator/3.2/psoc creator/import/gnu/arm/4.8.4/bin/../lib/gcc/arm-none-eabi/4.8.4/armv7-m\libgcc.a(_arm_addsubsf3.o)
                0x00003ce4                __aeabi_frsub
                0x00003cec                __subsf3
                0x00003cec                __aeabi_fsub
                0x00003cf0                __aeabi_fadd
                0x00003cf0                __addsf3
                0x00003e50                __aeabi_ui2f
                0x00003e50                __floatunsisf
                0x00003e58                __aeabi_i2f
                0x00003e58                __floatsisf
                0x00003e74                __aeabi_ul2f
                0x00003e74                __floatundisf
                0x00003e84                __aeabi_l2f
                0x00003e84                __floatdisf
 .text          0x00003f00      0x2a0 c:/program files (x86)/cypress/psoc creator/3.2/psoc creator/import/gnu/arm/4.8.4/bin/../lib/gcc/arm-none-eabi/4.8.4/armv7-m\libgcc.a(_arm_muldivsf3.o)
                0x00003f00                __mulsf3
                0x00003f00                __aeabi_fmul
                0x00004068                __aeabi_fdiv
                0x00004068                __divsf3
 .text          0x000041a0       0xec c:/program files (x86)/cypress/psoc creator/3.2/psoc creator/import/gnu/arm/4.8.4/bin/../lib/gcc/arm-none-eabi/4.8.4/armv7-m\libgcc.a(_arm_cmpsf2.o)
                0x000041a0                __gesf2
                0x000041a0                __gtsf2
                0x000041a8                __lesf2
                0x000041a8                __ltsf2
                0x000041b0                __nesf2
                0x000041b0                __eqsf2
                0x000041b0                __cmpsf2
                0x00004210                __aeabi_cfrcmple
                0x00004218                __aeabi_cfcmpeq
                0x00004218                __aeabi_cfcmple
                0x00004228                __aeabi_fcmpeq
                0x0000423c                __aeabi_fcmplt
                0x00004250                __aeabi_fcmple
                0x00004264                __aeabi_fcmpge
                0x00004278                __aeabi_fcmpgt
 .text          0x0000428c       0x4c c:/program files (x86)/cypress/psoc creator/3.2/psoc creator/import/gnu/arm/4.8.4/bin/../lib/gcc/arm-none-eabi/4.8.4/armv7-m\libgcc.a(_arm_fixsfsi.o)
                0x0000428c                __aeabi_f2iz
                0x0000428c                __fixsfsi
 .text.__libc_init_array
                0x000042d8       0x4c c:/program files (x86)/cypress/psoc creator/3.2/psoc creator/import/gnu/arm/4.8.4/bin/../lib/gcc/arm-none-eabi/4.8.4/../../../../arm-none-eabi/lib/armv7-m\libg_s.a(lib_a-init.o)
                0x000042d8                __libc_init_array
 .text.memcpy   0x00004324       0x12 c:/program files (x86)/cypress/psoc creator/3.2/psoc creator/import/gnu/arm/4.8.4/bin/../lib/gcc/arm-none-eabi/4.8.4/../../../../arm-none-eabi/lib/armv7-m\libg_s.a(lib_a-memcpy-stub.o)
                0x00004324                memcpy
 .text.memset   0x00004336       0x10 c:/program files (x86)/cypress/psoc creator/3.2/psoc creator/import/gnu/arm/4.8.4/bin/../lib/gcc/arm-none-eabi/4.8.4/../../../../arm-none-eabi/lib/armv7-m\libg_s.a(lib_a-memset.o)
                0x00004336                memset
 *(.plt)
 *(.gnu.warning)
 *(.glue_7t)
 .glue_7t       0x00000000        0x0 linker stubs
 *(.glue_7)
 .glue_7        0x00000000        0x0 linker stubs
 *(.vfp11_veneer)
 .vfp11_veneer  0x00000000        0x0 linker stubs
 *(.bootloader)
 *(.ARM.extab* .gnu.linkonce.armextab.*)
 *(.gcc_except_table)

.v4_bx          0x00004348        0x0
 .v4_bx         0x00000000        0x0 linker stubs

.iplt           0x00004348        0x0
 .iplt          0x00000000        0x0 c:/program files (x86)/cypress/psoc creator/3.2/psoc creator/import/gnu/arm/4.8.4/bin/../lib/gcc/arm-none-eabi/4.8.4/armv7-m/crtbegin.o

.eh_frame_hdr
 *(.eh_frame_hdr)

.eh_frame       0x00004348        0x4
 *(.eh_frame)
 .eh_frame      0x00004348        0x0 c:/program files (x86)/cypress/psoc creator/3.2/psoc creator/import/gnu/arm/4.8.4/bin/../lib/gcc/arm-none-eabi/4.8.4/armv7-m/crtbegin.o
 .eh_frame      0x00004348        0x4 c:/program files (x86)/cypress/psoc creator/3.2/psoc creator/import/gnu/arm/4.8.4/bin/../lib/gcc/arm-none-eabi/4.8.4/armv7-m/crtend.o
                0x0000434c                PROVIDE (__exidx_start, .)

.ARM.exidx
 *(.ARM.exidx* .gnu.linkonce.armexidx.*)
                0x0000434c                __exidx_end = .

.rodata         0x0000434c       0x8c
 *(.rodata .rodata.* .gnu.linkonce.r.*)
 .rodata        0x0000434c        0x4 .\CortexM3\ARM_GCC_484\Debug\main.o
 .rodata        0x00004350       0x50 .\CortexM3\ARM_GCC_484\Debug\Design01.a(cyfitter_cfg.o)
                0x000043a0                . = ALIGN (0x4)
 *(.init)
 .init          0x000043a0        0x4 c:/program files (x86)/cypress/psoc creator/3.2/psoc creator/import/gnu/arm/4.8.4/bin/../lib/gcc/arm-none-eabi/4.8.4/armv7-m/crti.o
                0x000043a0                _init
 .init          0x000043a4        0x8 c:/program files (x86)/cypress/psoc creator/3.2/psoc creator/import/gnu/arm/4.8.4/bin/../lib/gcc/arm-none-eabi/4.8.4/armv7-m/crtn.o
                0x000043ac                . = ALIGN (0x4)
                0x000043ac                __preinit_array_start = .
 *(.preinit_array)
                0x000043ac                __preinit_array_end = .
                0x000043ac                . = ALIGN (0x4)
                0x000043ac                __init_array_start = .
 *(SORT(.init_array.*))
 *(.init_array)
 .init_array    0x000043ac        0x4 c:/program files (x86)/cypress/psoc creator/3.2/psoc creator/import/gnu/arm/4.8.4/bin/../lib/gcc/arm-none-eabi/4.8.4/armv7-m/crtbegin.o
 .init_array    0x000043b0        0x4 .\CortexM3\ARM_GCC_484\Debug\Cm3Start.o
                0x000043b4                __init_array_end = .
                0x000043b4                . = ALIGN (0x4)
 *(.fini)
 .fini          0x000043b4        0x4 c:/program files (x86)/cypress/psoc creator/3.2/psoc creator/import/gnu/arm/4.8.4/bin/../lib/gcc/arm-none-eabi/4.8.4/armv7-m/crti.o
                0x000043b4                _fini
 .fini          0x000043b8        0x8 c:/program files (x86)/cypress/psoc creator/3.2/psoc creator/import/gnu/arm/4.8.4/bin/../lib/gcc/arm-none-eabi/4.8.4/armv7-m/crtn.o
                0x000043c0                . = ALIGN (0x4)
                0x000043c0                __fini_array_start = .
 *(.fini_array)
 .fini_array    0x000043c0        0x4 c:/program files (x86)/cypress/psoc creator/3.2/psoc creator/import/gnu/arm/4.8.4/bin/../lib/gcc/arm-none-eabi/4.8.4/armv7-m/crtbegin.o
 *(SORT(.fini_array.*))
                0x000043c4                __fini_array_end = .
                0x000043c4                . = ALIGN (0x4)
 *crtbegin.o(.ctors)
 *(EXCLUDE_FILE(*crtend.o) .ctors)
 *(SORT(.ctors.*))
 *crtend.o(.ctors)
                0x000043c4                . = ALIGN (0x4)
 *crtbegin.o(.dtors)
 *(EXCLUDE_FILE(*crtend.o) .dtors)
 *(SORT(.dtors.*))
 *crtend.o(.dtors)
                0x000043c4                . = ALIGN (0x4)
                0x000043c4                __cy_regions = .
                0x000043c4        0x4 LONG 0x43d8 __cy_region_init_ram
                0x000043c8        0x4 LONG 0x1fff8108 __cy_region_start_data
                0x000043cc        0x4 LONG 0x30 __cy_region_init_size_ram
                0x000043d0        0x4 LONG 0x1e0 __cy_region_zero_size_ram
                0x000043d4                __cy_regions_end = .
                0x000043d8                . = ALIGN (0x8)
 *fill*         0x000043d4        0x4 
                0x000043d8                _etext = .

.ramvectors     0x1fff8000      0x100
                0x1fff8000                __cy_region_start_ram = .
 *(.ramvectors)
 .ramvectors    0x1fff8000      0x100 .\CortexM3\ARM_GCC_484\Debug\Cm3Start.o
                0x1fff8000                CyRamVectors

.noinit         0x1fff8100        0x5
 *(.noinit)
 .noinit        0x1fff8100        0x4 .\CortexM3\ARM_GCC_484\Debug\Cm3Start.o
 .noinit        0x1fff8104        0x1 .\CortexM3\ARM_GCC_484\Debug\Design01.a(CyLib.o)
                0x1fff8104                CyResetStatus

.data           0x1fff8108       0x30 load address 0x000043d8
                0x1fff8108                __cy_region_start_data = .
 *(.jcr)
 .jcr           0x1fff8108        0x0 c:/program files (x86)/cypress/psoc creator/3.2/psoc creator/import/gnu/arm/4.8.4/bin/../lib/gcc/arm-none-eabi/4.8.4/armv7-m/crtbegin.o
 .jcr           0x1fff8108        0x4 c:/program files (x86)/cypress/psoc creator/3.2/psoc creator/import/gnu/arm/4.8.4/bin/../lib/gcc/arm-none-eabi/4.8.4/armv7-m/crtend.o
 *(.got.plt)
 *(.got)
 *(.shdata)
 *(.data .data.* .gnu.linkonce.d.*)
 .data          0x1fff810c       0x18 .\CortexM3\ARM_GCC_484\Debug\main.o
                0x1fff810c                Sforward
                0x1fff810d                Sback
                0x1fff810e                Sleft
                0x1fff810f                Sright
                0x1fff8110                Speed
                0x1fff8111                x1
                0x1fff8112                maxSpeed
                0x1fff8114                delaytime
                0x1fff8116                OffSetRotate
                0x1fff8117                OffSetRL
                0x1fff8118                Kp
                0x1fff811c                ki
                0x1fff8120                kd
 .data          0x1fff8124       0x10 .\CortexM3\ARM_GCC_484\Debug\Design01.a(CyLib.o)
                0x1fff8124                cydelay_freq_hz
                0x1fff8128                cydelay_freq_khz
                0x1fff812c                cydelay_freq_mhz
                0x1fff8130                cydelay_32k_ms
                0x1fff8138                . = ALIGN (0x8)
 *fill*         0x1fff8134        0x4 
 *(.ram)
                0x1fff8138                _edata = .

.igot.plt       0x1fff8138        0x0 load address 0x00004408
 .igot.plt      0x00000000        0x0 c:/program files (x86)/cypress/psoc creator/3.2/psoc creator/import/gnu/arm/4.8.4/bin/../lib/gcc/arm-none-eabi/4.8.4/armv7-m/crtbegin.o

.bss            0x1fff8138      0x1e0 load address 0x00004408
                0x1fff8138                PROVIDE (__bss_start__, .)
 *(.shbss)
 *(.bss .bss.* .gnu.linkonce.b.*)
 .bss           0x1fff8138       0x1c c:/program files (x86)/cypress/psoc creator/3.2/psoc creator/import/gnu/arm/4.8.4/bin/../lib/gcc/arm-none-eabi/4.8.4/armv7-m/crtbegin.o
 .bss           0x1fff8154        0x1 .\CortexM3\ARM_GCC_484\Debug\main.o
                0x1fff8154                flgZigBeeMode
 .bss           0x1fff8155        0x1 .\CortexM3\ARM_GCC_484\Debug\Design01.a(PWM_1.o)
                0x1fff8155                PWM_1_initVar
 .bss           0x1fff8156        0x1 .\CortexM3\ARM_GCC_484\Debug\Design01.a(I2C_1.o)
                0x1fff8156                I2C_1_initVar
 .bss           0x1fff8157        0x1 .\CortexM3\ARM_GCC_484\Debug\Design01.a(I2C_2.o)
                0x1fff8157                I2C_2_initVar
 .bss           0x1fff8158        0x8 .\CortexM3\ARM_GCC_484\Debug\Design01.a(UART_1.o)
                0x1fff8158                UART_1_initVar
                0x1fff8159                UART_1_txBufferRead
                0x1fff815a                UART_1_txBufferWrite
                0x1fff815b                UART_1_rxBufferRead
                0x1fff815c                UART_1_rxBufferWrite
                0x1fff815d                UART_1_rxBufferLoopDetect
                0x1fff815e                UART_1_rxBufferOverflow
 .bss           0x1fff8160        0x1 .\CortexM3\ARM_GCC_484\Debug\Design01.a(VDAC8_1.o)
                0x1fff8160                VDAC8_1_initVar
 .bss           0x1fff8161        0x1 .\CortexM3\ARM_GCC_484\Debug\Design01.a(VDAC8_2.o)
                0x1fff8161                VDAC8_2_initVar
 .bss           0x1fff8162        0x1 .\CortexM3\ARM_GCC_484\Debug\Design01.a(VDAC8_3.o)
                0x1fff8162                VDAC8_3_initVar
 .bss           0x1fff8163        0x1 .\CortexM3\ARM_GCC_484\Debug\Design01.a(VDAC8_4.o)
                0x1fff8163                VDAC8_4_initVar
 .bss           0x1fff8164        0x2 .\CortexM3\ARM_GCC_484\Debug\Design01.a(UART_2.o)
                0x1fff8164                UART_2_initVar
 *(COMMON)
 *fill*         0x1fff8166        0x2 
 COMMON         0x1fff8168       0x81 .\CortexM3\ARM_GCC_484\Debug\main.o
                0x1fff8168                CheckSumRFID
                0x1fff816c                OLD_RFID
                0x1fff8174                DirectionRL
                0x1fff8175                flgZigBeeReceived
                0x1fff8178                astic
                0x1fff817c                ZigBeeMsg
                0x1fff8180                RFID
                0x1fff8189                EnabelPS3
                0x1fff818a                i3
                0x1fff818b                flgErr
                0x1fff818c                flgCaught
                0x1fff8190                LineSensor
                0x1fff8194                flgCompA
                0x1fff8198                nFR
                0x1fff819c                i2
                0x1fff819d                ZigBeeModeStage
                0x1fff819e                i5
                0x1fff819f                flgSlide
                0x1fff81a0                mode
                0x1fff81a4                nRL
                0x1fff81a8                dx
                0x1fff81ac                dvx
                0x1fff81ae                goalFR
                0x1fff81b0                num
                0x1fff81c2                dvangle
                0x1fff81c4                nRotate
                0x1fff81c8                flgNewRFID
                0x1fff81c9                sum1
                0x1fff81cc                dy
                0x1fff81d0                oldRFID
                0x1fff81d1                CheckSum
                0x1fff81d2                dvy
                0x1fff81d4                i4
                0x1fff81d5                ButtonStatus2
                0x1fff81d6                flgPIPI
                0x1fff81d8                dangle
                0x1fff81dc                DirectionNextFR
                0x1fff81dd                AutoModeStage
                0x1fff81de                DirectionFR
                0x1fff81df                i1
                0x1fff81e0                ButtonStatus1
                0x1fff81e4                SendData
                0x1fff81e8                flgException
 COMMON         0x1fff81e9        0x1 .\CortexM3\ARM_GCC_484\Debug\Design01.a(I2C_1.o)
                0x1fff81e9                I2C_1_state
 *fill*         0x1fff81ea        0x2 
 COMMON         0x1fff81ec       0x11 .\CortexM3\ARM_GCC_484\Debug\Design01.a(I2C_1_MASTER.o)
                0x1fff81ec                I2C_1_mstrWrBufIndex
                0x1fff81ed                I2C_1_mstrControl
                0x1fff81ee                I2C_1_mstrStatus
                0x1fff81ef                I2C_1_mstrWrBufSize
                0x1fff81f0                I2C_1_mstrRdBufIndex
                0x1fff81f4                I2C_1_mstrWrBufPtr
                0x1fff81f8                I2C_1_mstrRdBufPtr
                0x1fff81fc                I2C_1_mstrRdBufSize
 COMMON         0x1fff81fd        0x1 .\CortexM3\ARM_GCC_484\Debug\Design01.a(I2C_2.o)
                0x1fff81fd                I2C_2_state
 *fill*         0x1fff81fe        0x2 
 COMMON         0x1fff8200       0x11 .\CortexM3\ARM_GCC_484\Debug\Design01.a(I2C_2_MASTER.o)
                0x1fff8200                I2C_2_mstrRdBufPtr
                0x1fff8204                I2C_2_mstrControl
                0x1fff8205                I2C_2_mstrWrBufIndex
                0x1fff8206                I2C_2_mstrRdBufSize
                0x1fff8207                I2C_2_mstrStatus
                0x1fff8208                I2C_2_mstrWrBufSize
                0x1fff820c                I2C_2_mstrWrBufPtr
                0x1fff8210                I2C_2_mstrRdBufIndex
 *fill*         0x1fff8211        0x3 
 COMMON         0x1fff8214      0x100 .\CortexM3\ARM_GCC_484\Debug\Design01.a(UART_1.o)
                0x1fff8214                UART_1_txBuffer
                0x1fff8294                UART_1_rxBuffer
                0x1fff8318                . = ALIGN (0x8)
 *fill*         0x1fff8314        0x4 
 *(.ram.b)
                0x1fff8318                _end = .
                0x1fff8318                __end = .
                0x1fff8318                PROVIDE (end, .)
                0x1fff8318                PROVIDE (__bss_end__, .)
                0x000043d8                __cy_region_init_ram = LOADADDR (.data)
                0x00000030                __cy_region_init_size_ram = (_edata - ADDR (.data))
                0x000001e0                __cy_region_zero_size_ram = (_end - _edata)

.heap           0x1fff8318     0x1000 load address 0x00004408
                0x1fff8318                . = _end
                0x1fff9318                . = (. + 0x1000)
 *fill*         0x1fff8318     0x1000 
                0x1fff9318                __cy_heap_limit = .

.stack          0x20004000     0x4000
                0x20004000                __cy_stack_limit = .
                0x20008000                . = (. + 0x4000)
 *fill*         0x20004000     0x4000 
                0x00000001                ASSERT ((__cy_stack_limit >= __cy_heap_limit), region RAM overflowed with stack)

.cyloadermeta
 *(.cyloadermeta)

.cyloadablemeta
 *(.cyloadablemeta)

.cyconfigecc    0x80000000     0x1084
 *(.cyconfigecc)
 .cyconfigecc   0x80000000     0x1084 .\CortexM3\ARM_GCC_484\Debug\cymetadata.o
                0x80000000                cy_meta_configecc

.cycustnvl      0x90000000        0x4
 *(.cycustnvl)
 .cycustnvl     0x90000000        0x4 .\CortexM3\ARM_GCC_484\Debug\cymetadata.o
                0x90000000                cy_meta_custnvl

.cywolatch      0x90100000        0x4
 *(.cywolatch)
 .cywolatch     0x90100000        0x4 .\CortexM3\ARM_GCC_484\Debug\cymetadata.o
                0x90100000                cy_meta_wonvl

.cyeeprom       0x90200000        0x0
 *(.cyeeprom)
                0x00000001                ASSERT ((. <= ((0x90200000 + ee_offset) + ee_size)), .cyeeprom data will not fit in EEPROM)

.cyflashprotect
                0x90400000      0x100
 *(.cyflashprotect)
 .cyflashprotect
                0x90400000      0x100 .\CortexM3\ARM_GCC_484\Debug\cymetadata.o
                0x90400000                cy_meta_flashprotect

.cymeta         0x90500000        0xc
 *(.cymeta)
 .cymeta        0x90500000        0xc .\CortexM3\ARM_GCC_484\Debug\cymetadata.o
                0x90500000                cy_metadata

.rel.dyn        0x00004408        0x0 load address 0x9050000c
 .rel.iplt      0x00000000        0x0 c:/program files (x86)/cypress/psoc creator/3.2/psoc creator/import/gnu/arm/4.8.4/bin/../lib/gcc/arm-none-eabi/4.8.4/armv7-m/crtbegin.o

.stab
 *(.stab)

.stabstr
 *(.stabstr)

.debug
 *(.debug)

.line
 *(.line)

.debug_srcinfo
 *(.debug_srcinfo)

.debug_sfnames
 *(.debug_sfnames)

.debug_aranges  0x00000000      0xfc8
 *(.debug_aranges)
 .debug_aranges
                0x00000000       0xe0 .\CortexM3\ARM_GCC_484\Debug\main.o
 .debug_aranges
                0x000000e0       0x18 .\CortexM3\ARM_GCC_484\Debug\cymetadata.o
 .debug_aranges
                0x000000f8       0x40 .\CortexM3\ARM_GCC_484\Debug\Cm3Start.o
 .debug_aranges
                0x00000138       0x60 .\CortexM3\ARM_GCC_484\Debug\Design01.a(cyfitter_cfg.o)
 .debug_aranges
                0x00000198       0x38 .\CortexM3\ARM_GCC_484\Debug\Design01.a(B_LED.o)
 .debug_aranges
                0x000001d0       0x38 .\CortexM3\ARM_GCC_484\Debug\Design01.a(R_LED.o)
 .debug_aranges
                0x00000208       0x20 .\CortexM3\ARM_GCC_484\Debug\Design01.a(CyBootAsmGnu.o)
 .debug_aranges
                0x00000228      0x218 .\CortexM3\ARM_GCC_484\Debug\Design01.a(CyLib.o)
 .debug_aranges
                0x00000440       0x90 .\CortexM3\ARM_GCC_484\Debug\Design01.a(cyPm.o)
 .debug_aranges
                0x000004d0       0x78 .\CortexM3\ARM_GCC_484\Debug\Design01.a(PWM_1.o)
 .debug_aranges
                0x00000548       0x38 .\CortexM3\ARM_GCC_484\Debug\Design01.a(I2C_1.o)
 .debug_aranges
                0x00000580       0x20 .\CortexM3\ARM_GCC_484\Debug\Design01.a(I2C_1_INT.o)
 .debug_aranges
                0x000005a0       0x88 .\CortexM3\ARM_GCC_484\Debug\Design01.a(I2C_1_MASTER.o)
 .debug_aranges
                0x00000628       0x38 .\CortexM3\ARM_GCC_484\Debug\Design01.a(I2C_2.o)
 .debug_aranges
                0x00000660       0x20 .\CortexM3\ARM_GCC_484\Debug\Design01.a(I2C_2_INT.o)
 .debug_aranges
                0x00000680       0x88 .\CortexM3\ARM_GCC_484\Debug\Design01.a(I2C_2_MASTER.o)
 .debug_aranges
                0x00000708       0x38 .\CortexM3\ARM_GCC_484\Debug\Design01.a(Enable2.o)
 .debug_aranges
                0x00000740      0x110 .\CortexM3\ARM_GCC_484\Debug\Design01.a(UART_1.o)
 .debug_aranges
                0x00000850       0x28 .\CortexM3\ARM_GCC_484\Debug\Design01.a(UART_1_INT.o)
 .debug_aranges
                0x00000878       0x80 .\CortexM3\ARM_GCC_484\Debug\Design01.a(isr_1.o)
 .debug_aranges
                0x000008f8       0x70 .\CortexM3\ARM_GCC_484\Debug\Design01.a(UART_1_IntClock.o)
 .debug_aranges
                0x00000968       0x58 .\CortexM3\ARM_GCC_484\Debug\Design01.a(VDAC8_1.o)
 .debug_aranges
                0x000009c0       0x58 .\CortexM3\ARM_GCC_484\Debug\Design01.a(VDAC8_2.o)
 .debug_aranges
                0x00000a18       0x58 .\CortexM3\ARM_GCC_484\Debug\Design01.a(VDAC8_3.o)
 .debug_aranges
                0x00000a70       0x58 .\CortexM3\ARM_GCC_484\Debug\Design01.a(VDAC8_4.o)
 .debug_aranges
                0x00000ac8       0x38 .\CortexM3\ARM_GCC_484\Debug\Design01.a(CW_CCW_1.o)
 .debug_aranges
                0x00000b00       0x38 .\CortexM3\ARM_GCC_484\Debug\Design01.a(CW_CCW_2.o)
 .debug_aranges
                0x00000b38       0x38 .\CortexM3\ARM_GCC_484\Debug\Design01.a(CW_CCW_3.o)
 .debug_aranges
                0x00000b70       0x38 .\CortexM3\ARM_GCC_484\Debug\Design01.a(CW_CCW_4.o)
 .debug_aranges
                0x00000ba8       0x38 .\CortexM3\ARM_GCC_484\Debug\Design01.a(RUN_BRAKE_1.o)
 .debug_aranges
                0x00000be0       0x38 .\CortexM3\ARM_GCC_484\Debug\Design01.a(RUN_BRAKE_2.o)
 .debug_aranges
                0x00000c18       0x38 .\CortexM3\ARM_GCC_484\Debug\Design01.a(RUN_BRAKE_3.o)
 .debug_aranges
                0x00000c50       0x38 .\CortexM3\ARM_GCC_484\Debug\Design01.a(RUN_BRAKE_4.o)
 .debug_aranges
                0x00000c88       0xf0 .\CortexM3\ARM_GCC_484\Debug\Design01.a(UART_2.o)
 .debug_aranges
                0x00000d78       0x70 .\CortexM3\ARM_GCC_484\Debug\Design01.a(UART_2_IntClock.o)
 .debug_aranges
                0x00000de8       0x80 .\CortexM3\ARM_GCC_484\Debug\Design01.a(timer1.o)
 .debug_aranges
                0x00000e68       0x80 .\CortexM3\ARM_GCC_484\Debug\Design01.a(isr_2.o)
 .debug_aranges
                0x00000ee8       0x78 .\CortexM3\ARM_GCC_484\Debug\Design01.a(CyFlash.o)
 .debug_aranges
                0x00000f60       0x68 .\CortexM3\ARM_GCC_484\Debug\Design01.a(CySpc.o)

.debug_pubnames
 *(.debug_pubnames)

.debug_info     0x00000000     0x61a3
 *(.debug_info .gnu.linkonce.wi.*)
 .debug_info    0x00000000      0x7cc .\CortexM3\ARM_GCC_484\Debug\main.o
 .debug_info    0x000007cc      0x13e .\CortexM3\ARM_GCC_484\Debug\cymetadata.o
 .debug_info    0x0000090a      0x2bc .\CortexM3\ARM_GCC_484\Debug\Cm3Start.o
 .debug_info    0x00000bc6      0x446 .\CortexM3\ARM_GCC_484\Debug\Design01.a(cyfitter_cfg.o)
 .debug_info    0x0000100c      0x11c .\CortexM3\ARM_GCC_484\Debug\Design01.a(B_LED.o)
 .debug_info    0x00001128      0x11c .\CortexM3\ARM_GCC_484\Debug\Design01.a(R_LED.o)
 .debug_info    0x00001244       0x77 .\CortexM3\ARM_GCC_484\Debug\Design01.a(CyBootAsmGnu.o)
 .debug_info    0x000012bb      0xb90 .\CortexM3\ARM_GCC_484\Debug\Design01.a(CyLib.o)
 .debug_info    0x00001e4b      0x534 .\CortexM3\ARM_GCC_484\Debug\Design01.a(cyPm.o)
 .debug_info    0x0000237f      0x23e .\CortexM3\ARM_GCC_484\Debug\Design01.a(PWM_1.o)
 .debug_info    0x000025bd      0x137 .\CortexM3\ARM_GCC_484\Debug\Design01.a(I2C_1.o)
 .debug_info    0x000026f4      0x14b .\CortexM3\ARM_GCC_484\Debug\Design01.a(I2C_1_INT.o)
 .debug_info    0x0000283f      0x3ff .\CortexM3\ARM_GCC_484\Debug\Design01.a(I2C_1_MASTER.o)
 .debug_info    0x00002c3e      0x137 .\CortexM3\ARM_GCC_484\Debug\Design01.a(I2C_2.o)
 .debug_info    0x00002d75      0x14b .\CortexM3\ARM_GCC_484\Debug\Design01.a(I2C_2_INT.o)
 .debug_info    0x00002ec0      0x3ff .\CortexM3\ARM_GCC_484\Debug\Design01.a(I2C_2_MASTER.o)
 .debug_info    0x000032bf      0x11c .\CortexM3\ARM_GCC_484\Debug\Design01.a(Enable2.o)
 .debug_info    0x000033db      0x65e .\CortexM3\ARM_GCC_484\Debug\Design01.a(UART_1.o)
 .debug_info    0x00003a39      0x17b .\CortexM3\ARM_GCC_484\Debug\Design01.a(UART_1_INT.o)
 .debug_info    0x00003bb4      0x234 .\CortexM3\ARM_GCC_484\Debug\Design01.a(isr_1.o)
 .debug_info    0x00003de8      0x259 .\CortexM3\ARM_GCC_484\Debug\Design01.a(UART_1_IntClock.o)
 .debug_info    0x00004041      0x183 .\CortexM3\ARM_GCC_484\Debug\Design01.a(VDAC8_1.o)
 .debug_info    0x000041c4      0x183 .\CortexM3\ARM_GCC_484\Debug\Design01.a(VDAC8_2.o)
 .debug_info    0x00004347      0x183 .\CortexM3\ARM_GCC_484\Debug\Design01.a(VDAC8_3.o)
 .debug_info    0x000044ca      0x183 .\CortexM3\ARM_GCC_484\Debug\Design01.a(VDAC8_4.o)
 .debug_info    0x0000464d      0x11c .\CortexM3\ARM_GCC_484\Debug\Design01.a(CW_CCW_1.o)
 .debug_info    0x00004769      0x11c .\CortexM3\ARM_GCC_484\Debug\Design01.a(CW_CCW_2.o)
 .debug_info    0x00004885      0x11c .\CortexM3\ARM_GCC_484\Debug\Design01.a(CW_CCW_3.o)
 .debug_info    0x000049a1      0x11c .\CortexM3\ARM_GCC_484\Debug\Design01.a(CW_CCW_4.o)
 .debug_info    0x00004abd      0x11c .\CortexM3\ARM_GCC_484\Debug\Design01.a(RUN_BRAKE_1.o)
 .debug_info    0x00004bd9      0x11c .\CortexM3\ARM_GCC_484\Debug\Design01.a(RUN_BRAKE_2.o)
 .debug_info    0x00004cf5      0x11c .\CortexM3\ARM_GCC_484\Debug\Design01.a(RUN_BRAKE_3.o)
 .debug_info    0x00004e11      0x11c .\CortexM3\ARM_GCC_484\Debug\Design01.a(RUN_BRAKE_4.o)
 .debug_info    0x00004f2d      0x4ff .\CortexM3\ARM_GCC_484\Debug\Design01.a(UART_2.o)
 .debug_info    0x0000542c      0x259 .\CortexM3\ARM_GCC_484\Debug\Design01.a(UART_2_IntClock.o)
 .debug_info    0x00005685      0x234 .\CortexM3\ARM_GCC_484\Debug\Design01.a(timer1.o)
 .debug_info    0x000058b9      0x234 .\CortexM3\ARM_GCC_484\Debug\Design01.a(isr_2.o)
 .debug_info    0x00005aed      0x314 .\CortexM3\ARM_GCC_484\Debug\Design01.a(CyFlash.o)
 .debug_info    0x00005e01      0x3a2 .\CortexM3\ARM_GCC_484\Debug\Design01.a(CySpc.o)

.debug_abbrev   0x00000000     0x254f
 *(.debug_abbrev)
 .debug_abbrev  0x00000000      0x208 .\CortexM3\ARM_GCC_484\Debug\main.o
 .debug_abbrev  0x00000208       0x77 .\CortexM3\ARM_GCC_484\Debug\cymetadata.o
 .debug_abbrev  0x0000027f      0x173 .\CortexM3\ARM_GCC_484\Debug\Cm3Start.o
 .debug_abbrev  0x000003f2      0x1b7 .\CortexM3\ARM_GCC_484\Debug\Design01.a(cyfitter_cfg.o)
 .debug_abbrev  0x000005a9       0x90 .\CortexM3\ARM_GCC_484\Debug\Design01.a(B_LED.o)
 .debug_abbrev  0x00000639       0x90 .\CortexM3\ARM_GCC_484\Debug\Design01.a(R_LED.o)
 .debug_abbrev  0x000006c9       0x14 .\CortexM3\ARM_GCC_484\Debug\Design01.a(CyBootAsmGnu.o)
 .debug_abbrev  0x000006dd      0x205 .\CortexM3\ARM_GCC_484\Debug\Design01.a(CyLib.o)
 .debug_abbrev  0x000008e2      0x16e .\CortexM3\ARM_GCC_484\Debug\Design01.a(cyPm.o)
 .debug_abbrev  0x00000a50      0x116 .\CortexM3\ARM_GCC_484\Debug\Design01.a(PWM_1.o)
 .debug_abbrev  0x00000b66       0xa8 .\CortexM3\ARM_GCC_484\Debug\Design01.a(I2C_1.o)
 .debug_abbrev  0x00000c0e       0x81 .\CortexM3\ARM_GCC_484\Debug\Design01.a(I2C_1_INT.o)
 .debug_abbrev  0x00000c8f      0x11e .\CortexM3\ARM_GCC_484\Debug\Design01.a(I2C_1_MASTER.o)
 .debug_abbrev  0x00000dad       0xa8 .\CortexM3\ARM_GCC_484\Debug\Design01.a(I2C_2.o)
 .debug_abbrev  0x00000e55       0x81 .\CortexM3\ARM_GCC_484\Debug\Design01.a(I2C_2_INT.o)
 .debug_abbrev  0x00000ed6      0x11e .\CortexM3\ARM_GCC_484\Debug\Design01.a(I2C_2_MASTER.o)
 .debug_abbrev  0x00000ff4       0x90 .\CortexM3\ARM_GCC_484\Debug\Design01.a(Enable2.o)
 .debug_abbrev  0x00001084      0x191 .\CortexM3\ARM_GCC_484\Debug\Design01.a(UART_1.o)
 .debug_abbrev  0x00001215       0xa2 .\CortexM3\ARM_GCC_484\Debug\Design01.a(UART_1_INT.o)
 .debug_abbrev  0x000012b7      0x156 .\CortexM3\ARM_GCC_484\Debug\Design01.a(isr_1.o)
 .debug_abbrev  0x0000140d      0x11d .\CortexM3\ARM_GCC_484\Debug\Design01.a(UART_1_IntClock.o)
 .debug_abbrev  0x0000152a       0xeb .\CortexM3\ARM_GCC_484\Debug\Design01.a(VDAC8_1.o)
 .debug_abbrev  0x00001615       0xeb .\CortexM3\ARM_GCC_484\Debug\Design01.a(VDAC8_2.o)
 .debug_abbrev  0x00001700       0xeb .\CortexM3\ARM_GCC_484\Debug\Design01.a(VDAC8_3.o)
 .debug_abbrev  0x000017eb       0xeb .\CortexM3\ARM_GCC_484\Debug\Design01.a(VDAC8_4.o)
 .debug_abbrev  0x000018d6       0x90 .\CortexM3\ARM_GCC_484\Debug\Design01.a(CW_CCW_1.o)
 .debug_abbrev  0x00001966       0x90 .\CortexM3\ARM_GCC_484\Debug\Design01.a(CW_CCW_2.o)
 .debug_abbrev  0x000019f6       0x90 .\CortexM3\ARM_GCC_484\Debug\Design01.a(CW_CCW_3.o)
 .debug_abbrev  0x00001a86       0x90 .\CortexM3\ARM_GCC_484\Debug\Design01.a(CW_CCW_4.o)
 .debug_abbrev  0x00001b16       0x90 .\CortexM3\ARM_GCC_484\Debug\Design01.a(RUN_BRAKE_1.o)
 .debug_abbrev  0x00001ba6       0x90 .\CortexM3\ARM_GCC_484\Debug\Design01.a(RUN_BRAKE_2.o)
 .debug_abbrev  0x00001c36       0x90 .\CortexM3\ARM_GCC_484\Debug\Design01.a(RUN_BRAKE_3.o)
 .debug_abbrev  0x00001cc6       0x90 .\CortexM3\ARM_GCC_484\Debug\Design01.a(RUN_BRAKE_4.o)
 .debug_abbrev  0x00001d56      0x163 .\CortexM3\ARM_GCC_484\Debug\Design01.a(UART_2.o)
 .debug_abbrev  0x00001eb9      0x11d .\CortexM3\ARM_GCC_484\Debug\Design01.a(UART_2_IntClock.o)
 .debug_abbrev  0x00001fd6      0x156 .\CortexM3\ARM_GCC_484\Debug\Design01.a(timer1.o)
 .debug_abbrev  0x0000212c      0x156 .\CortexM3\ARM_GCC_484\Debug\Design01.a(isr_2.o)
 .debug_abbrev  0x00002282      0x170 .\CortexM3\ARM_GCC_484\Debug\Design01.a(CyFlash.o)
 .debug_abbrev  0x000023f2      0x15d .\CortexM3\ARM_GCC_484\Debug\Design01.a(CySpc.o)

.debug_line     0x00000000     0x39c7
 *(.debug_line)
 .debug_line    0x00000000      0x51b .\CortexM3\ARM_GCC_484\Debug\main.o
 .debug_line    0x0000051b       0x53 .\CortexM3\ARM_GCC_484\Debug\cymetadata.o
 .debug_line    0x0000056e      0x1a6 .\CortexM3\ARM_GCC_484\Debug\Cm3Start.o
 .debug_line    0x00000714      0x22b .\CortexM3\ARM_GCC_484\Debug\Design01.a(cyfitter_cfg.o)
 .debug_line    0x0000093f       0x96 .\CortexM3\ARM_GCC_484\Debug\Design01.a(B_LED.o)
 .debug_line    0x000009d5       0x96 .\CortexM3\ARM_GCC_484\Debug\Design01.a(R_LED.o)
 .debug_line    0x00000a6b       0x68 .\CortexM3\ARM_GCC_484\Debug\Design01.a(CyBootAsmGnu.o)
 .debug_line    0x00000ad3      0x705 .\CortexM3\ARM_GCC_484\Debug\Design01.a(CyLib.o)
 .debug_line    0x000011d8      0x366 .\CortexM3\ARM_GCC_484\Debug\Design01.a(cyPm.o)
 .debug_line    0x0000153e      0x143 .\CortexM3\ARM_GCC_484\Debug\Design01.a(PWM_1.o)
 .debug_line    0x00001681       0xb4 .\CortexM3\ARM_GCC_484\Debug\Design01.a(I2C_1.o)
 .debug_line    0x00001735      0x110 .\CortexM3\ARM_GCC_484\Debug\Design01.a(I2C_1_INT.o)
 .debug_line    0x00001845      0x217 .\CortexM3\ARM_GCC_484\Debug\Design01.a(I2C_1_MASTER.o)
 .debug_line    0x00001a5c       0xb4 .\CortexM3\ARM_GCC_484\Debug\Design01.a(I2C_2.o)
 .debug_line    0x00001b10      0x110 .\CortexM3\ARM_GCC_484\Debug\Design01.a(I2C_2_INT.o)
 .debug_line    0x00001c20      0x217 .\CortexM3\ARM_GCC_484\Debug\Design01.a(I2C_2_MASTER.o)
 .debug_line    0x00001e37       0x98 .\CortexM3\ARM_GCC_484\Debug\Design01.a(Enable2.o)
 .debug_line    0x00001ecf      0x3ad .\CortexM3\ARM_GCC_484\Debug\Design01.a(UART_1.o)
 .debug_line    0x0000227c       0xbd .\CortexM3\ARM_GCC_484\Debug\Design01.a(UART_1_INT.o)
 .debug_line    0x00002339      0x167 .\CortexM3\ARM_GCC_484\Debug\Design01.a(isr_1.o)
 .debug_line    0x000024a0      0x1be .\CortexM3\ARM_GCC_484\Debug\Design01.a(UART_1_IntClock.o)
 .debug_line    0x0000265e       0xf2 .\CortexM3\ARM_GCC_484\Debug\Design01.a(VDAC8_1.o)
 .debug_line    0x00002750       0xf2 .\CortexM3\ARM_GCC_484\Debug\Design01.a(VDAC8_2.o)
 .debug_line    0x00002842       0xf2 .\CortexM3\ARM_GCC_484\Debug\Design01.a(VDAC8_3.o)
 .debug_line    0x00002934       0xf2 .\CortexM3\ARM_GCC_484\Debug\Design01.a(VDAC8_4.o)
 .debug_line    0x00002a26       0x99 .\CortexM3\ARM_GCC_484\Debug\Design01.a(CW_CCW_1.o)
 .debug_line    0x00002abf       0x99 .\CortexM3\ARM_GCC_484\Debug\Design01.a(CW_CCW_2.o)
 .debug_line    0x00002b58       0x99 .\CortexM3\ARM_GCC_484\Debug\Design01.a(CW_CCW_3.o)
 .debug_line    0x00002bf1       0x99 .\CortexM3\ARM_GCC_484\Debug\Design01.a(CW_CCW_4.o)
 .debug_line    0x00002c8a       0x9c .\CortexM3\ARM_GCC_484\Debug\Design01.a(RUN_BRAKE_1.o)
 .debug_line    0x00002d26       0x9c .\CortexM3\ARM_GCC_484\Debug\Design01.a(RUN_BRAKE_2.o)
 .debug_line    0x00002dc2       0x9c .\CortexM3\ARM_GCC_484\Debug\Design01.a(RUN_BRAKE_3.o)
 .debug_line    0x00002e5e       0x9c .\CortexM3\ARM_GCC_484\Debug\Design01.a(RUN_BRAKE_4.o)
 .debug_line    0x00002efa      0x2ee .\CortexM3\ARM_GCC_484\Debug\Design01.a(UART_2.o)
 .debug_line    0x000031e8      0x1be .\CortexM3\ARM_GCC_484\Debug\Design01.a(UART_2_IntClock.o)
 .debug_line    0x000033a6      0x168 .\CortexM3\ARM_GCC_484\Debug\Design01.a(timer1.o)
 .debug_line    0x0000350e      0x167 .\CortexM3\ARM_GCC_484\Debug\Design01.a(isr_2.o)
 .debug_line    0x00003675      0x1af .\CortexM3\ARM_GCC_484\Debug\Design01.a(CyFlash.o)
 .debug_line    0x00003824      0x1a3 .\CortexM3\ARM_GCC_484\Debug\Design01.a(CySpc.o)

.debug_frame    0x00000000     0x2ed4
 *(.debug_frame)
 .debug_frame   0x00000000      0x2f8 .\CortexM3\ARM_GCC_484\Debug\main.o
 .debug_frame   0x000002f8       0xa4 .\CortexM3\ARM_GCC_484\Debug\Cm3Start.o
 .debug_frame   0x0000039c      0x120 .\CortexM3\ARM_GCC_484\Debug\Design01.a(cyfitter_cfg.o)
 .debug_frame   0x000004bc       0x80 .\CortexM3\ARM_GCC_484\Debug\Design01.a(B_LED.o)
 .debug_frame   0x0000053c       0x80 .\CortexM3\ARM_GCC_484\Debug\Design01.a(R_LED.o)
 .debug_frame   0x000005bc      0x778 .\CortexM3\ARM_GCC_484\Debug\Design01.a(CyLib.o)
 .debug_frame   0x00000d34      0x1d0 .\CortexM3\ARM_GCC_484\Debug\Design01.a(cyPm.o)
 .debug_frame   0x00000f04      0x164 .\CortexM3\ARM_GCC_484\Debug\Design01.a(PWM_1.o)
 .debug_frame   0x00001068       0x84 .\CortexM3\ARM_GCC_484\Debug\Design01.a(I2C_1.o)
 .debug_frame   0x000010ec       0x30 .\CortexM3\ARM_GCC_484\Debug\Design01.a(I2C_1_INT.o)
 .debug_frame   0x0000111c      0x198 .\CortexM3\ARM_GCC_484\Debug\Design01.a(I2C_1_MASTER.o)
 .debug_frame   0x000012b4       0x84 .\CortexM3\ARM_GCC_484\Debug\Design01.a(I2C_2.o)
 .debug_frame   0x00001338       0x30 .\CortexM3\ARM_GCC_484\Debug\Design01.a(I2C_2_INT.o)
 .debug_frame   0x00001368      0x198 .\CortexM3\ARM_GCC_484\Debug\Design01.a(I2C_2_MASTER.o)
 .debug_frame   0x00001500       0x80 .\CortexM3\ARM_GCC_484\Debug\Design01.a(Enable2.o)
 .debug_frame   0x00001580      0x3ac .\CortexM3\ARM_GCC_484\Debug\Design01.a(UART_1.o)
 .debug_frame   0x0000192c       0x48 .\CortexM3\ARM_GCC_484\Debug\Design01.a(UART_1_INT.o)
 .debug_frame   0x00001974      0x180 .\CortexM3\ARM_GCC_484\Debug\Design01.a(isr_1.o)
 .debug_frame   0x00001af4      0x14c .\CortexM3\ARM_GCC_484\Debug\Design01.a(UART_1_IntClock.o)
 .debug_frame   0x00001c40       0xf4 .\CortexM3\ARM_GCC_484\Debug\Design01.a(VDAC8_1.o)
 .debug_frame   0x00001d34       0xf4 .\CortexM3\ARM_GCC_484\Debug\Design01.a(VDAC8_2.o)
 .debug_frame   0x00001e28       0xf4 .\CortexM3\ARM_GCC_484\Debug\Design01.a(VDAC8_3.o)
 .debug_frame   0x00001f1c       0xf4 .\CortexM3\ARM_GCC_484\Debug\Design01.a(VDAC8_4.o)
 .debug_frame   0x00002010       0x80 .\CortexM3\ARM_GCC_484\Debug\Design01.a(CW_CCW_1.o)
 .debug_frame   0x00002090       0x80 .\CortexM3\ARM_GCC_484\Debug\Design01.a(CW_CCW_2.o)
 .debug_frame   0x00002110       0x80 .\CortexM3\ARM_GCC_484\Debug\Design01.a(CW_CCW_3.o)
 .debug_frame   0x00002190       0x80 .\CortexM3\ARM_GCC_484\Debug\Design01.a(CW_CCW_4.o)
 .debug_frame   0x00002210       0x80 .\CortexM3\ARM_GCC_484\Debug\Design01.a(RUN_BRAKE_1.o)
 .debug_frame   0x00002290       0x80 .\CortexM3\ARM_GCC_484\Debug\Design01.a(RUN_BRAKE_2.o)
 .debug_frame   0x00002310       0x80 .\CortexM3\ARM_GCC_484\Debug\Design01.a(RUN_BRAKE_3.o)
 .debug_frame   0x00002390       0x80 .\CortexM3\ARM_GCC_484\Debug\Design01.a(RUN_BRAKE_4.o)
 .debug_frame   0x00002410      0x328 .\CortexM3\ARM_GCC_484\Debug\Design01.a(UART_2.o)
 .debug_frame   0x00002738      0x14c .\CortexM3\ARM_GCC_484\Debug\Design01.a(UART_2_IntClock.o)
 .debug_frame   0x00002884      0x180 .\CortexM3\ARM_GCC_484\Debug\Design01.a(timer1.o)
 .debug_frame   0x00002a04      0x180 .\CortexM3\ARM_GCC_484\Debug\Design01.a(isr_2.o)
 .debug_frame   0x00002b84      0x178 .\CortexM3\ARM_GCC_484\Debug\Design01.a(CyFlash.o)
 .debug_frame   0x00002cfc      0x13c .\CortexM3\ARM_GCC_484\Debug\Design01.a(CySpc.o)
 .debug_frame   0x00002e38       0x28 c:/program files (x86)/cypress/psoc creator/3.2/psoc creator/import/gnu/arm/4.8.4/bin/../lib/gcc/arm-none-eabi/4.8.4/../../../../arm-none-eabi/lib/armv7-m\libg_s.a(lib_a-exit.o)
 .debug_frame   0x00002e60       0x2c c:/program files (x86)/cypress/psoc creator/3.2/psoc creator/import/gnu/arm/4.8.4/bin/../lib/gcc/arm-none-eabi/4.8.4/../../../../arm-none-eabi/lib/armv7-m\libg_s.a(lib_a-init.o)
 .debug_frame   0x00002e8c       0x28 c:/program files (x86)/cypress/psoc creator/3.2/psoc creator/import/gnu/arm/4.8.4/bin/../lib/gcc/arm-none-eabi/4.8.4/../../../../arm-none-eabi/lib/armv7-m\libg_s.a(lib_a-memcpy-stub.o)
 .debug_frame   0x00002eb4       0x20 c:/program files (x86)/cypress/psoc creator/3.2/psoc creator/import/gnu/arm/4.8.4/bin/../lib/gcc/arm-none-eabi/4.8.4/../../../../arm-none-eabi/lib/armv7-m\libg_s.a(lib_a-memset.o)

.debug_str      0x00000000     0x2d84
 *(.debug_str)
 .debug_str     0x00000000      0x3d5 .\CortexM3\ARM_GCC_484\Debug\main.o
                                0x43d (size before relaxing)
 .debug_str     0x000003d5       0x77 .\CortexM3\ARM_GCC_484\Debug\cymetadata.o
                                0x1bf (size before relaxing)
 .debug_str     0x0000044c      0x10c .\CortexM3\ARM_GCC_484\Debug\Cm3Start.o
                                0x27b (size before relaxing)
 .debug_str     0x00000558      0x18c .\CortexM3\ARM_GCC_484\Debug\Design01.a(cyfitter_cfg.o)
                                0x301 (size before relaxing)
 .debug_str     0x000006e4       0x68 .\CortexM3\ARM_GCC_484\Debug\Design01.a(B_LED.o)
                                0x1b7 (size before relaxing)
 .debug_str     0x0000074c       0x5d .\CortexM3\ARM_GCC_484\Debug\Design01.a(R_LED.o)
                                0x1b7 (size before relaxing)
 .debug_str     0x000007a9      0x637 .\CortexM3\ARM_GCC_484\Debug\Design01.a(CyLib.o)
                                0x7e1 (size before relaxing)
 .debug_str     0x00000de0      0x371 .\CortexM3\ARM_GCC_484\Debug\Design01.a(cyPm.o)
                                0x4f0 (size before relaxing)
 .debug_str     0x00001151      0x135 .\CortexM3\ARM_GCC_484\Debug\Design01.a(PWM_1.o)
                                0x296 (size before relaxing)
 .debug_str     0x00001286       0x7b .\CortexM3\ARM_GCC_484\Debug\Design01.a(I2C_1.o)
                                0x1d5 (size before relaxing)
 .debug_str     0x00001301       0xd1 .\CortexM3\ARM_GCC_484\Debug\Design01.a(I2C_1_INT.o)
                                0x237 (size before relaxing)
 .debug_str     0x000013d2      0x19f .\CortexM3\ARM_GCC_484\Debug\Design01.a(I2C_1_MASTER.o)
                                0x3ac (size before relaxing)
 .debug_str     0x00001571       0x6a .\CortexM3\ARM_GCC_484\Debug\Design01.a(I2C_2.o)
                                0x1d5 (size before relaxing)
 .debug_str     0x000015db       0xca .\CortexM3\ARM_GCC_484\Debug\Design01.a(I2C_2_INT.o)
                                0x237 (size before relaxing)
 .debug_str     0x000016a5      0x165 .\CortexM3\ARM_GCC_484\Debug\Design01.a(I2C_2_MASTER.o)
                                0x3ac (size before relaxing)
 .debug_str     0x0000180a       0x67 .\CortexM3\ARM_GCC_484\Debug\Design01.a(Enable2.o)
                                0x1c1 (size before relaxing)
 .debug_str     0x00001871      0x3dd .\CortexM3\ARM_GCC_484\Debug\Design01.a(UART_1.o)
                                0x56b (size before relaxing)
 .debug_str     0x00001c4e       0x5b .\CortexM3\ARM_GCC_484\Debug\Design01.a(UART_1_INT.o)
                                0x259 (size before relaxing)
 .debug_str     0x00001ca9       0xe8 .\CortexM3\ARM_GCC_484\Debug\Design01.a(isr_1.o)
                                0x26f (size before relaxing)
 .debug_str     0x00001d91      0x1c4 .\CortexM3\ARM_GCC_484\Debug\Design01.a(UART_1_IntClock.o)
                                0x323 (size before relaxing)
 .debug_str     0x00001f55       0xb9 .\CortexM3\ARM_GCC_484\Debug\Design01.a(VDAC8_1.o)
                                0x208 (size before relaxing)
 .debug_str     0x0000200e       0xad .\CortexM3\ARM_GCC_484\Debug\Design01.a(VDAC8_2.o)
                                0x208 (size before relaxing)
 .debug_str     0x000020bb       0xad .\CortexM3\ARM_GCC_484\Debug\Design01.a(VDAC8_3.o)
                                0x208 (size before relaxing)
 .debug_str     0x00002168       0xad .\CortexM3\ARM_GCC_484\Debug\Design01.a(VDAC8_4.o)
                                0x208 (size before relaxing)
 .debug_str     0x00002215       0x6c .\CortexM3\ARM_GCC_484\Debug\Design01.a(CW_CCW_1.o)
                                0x1c6 (size before relaxing)
 .debug_str     0x00002281       0x6c .\CortexM3\ARM_GCC_484\Debug\Design01.a(CW_CCW_2.o)
                                0x1c6 (size before relaxing)
 .debug_str     0x000022ed       0x6c .\CortexM3\ARM_GCC_484\Debug\Design01.a(CW_CCW_3.o)
                                0x1c6 (size before relaxing)
 .debug_str     0x00002359       0x6c .\CortexM3\ARM_GCC_484\Debug\Design01.a(CW_CCW_4.o)
                                0x1c6 (size before relaxing)
 .debug_str     0x000023c5       0x7b .\CortexM3\ARM_GCC_484\Debug\Design01.a(RUN_BRAKE_1.o)
                                0x1d5 (size before relaxing)
 .debug_str     0x00002440       0x7b .\CortexM3\ARM_GCC_484\Debug\Design01.a(RUN_BRAKE_2.o)
                                0x1d5 (size before relaxing)
 .debug_str     0x000024bb       0x7b .\CortexM3\ARM_GCC_484\Debug\Design01.a(RUN_BRAKE_3.o)
                                0x1d5 (size before relaxing)
 .debug_str     0x00002536       0x7b .\CortexM3\ARM_GCC_484\Debug\Design01.a(RUN_BRAKE_4.o)
                                0x1d5 (size before relaxing)
 .debug_str     0x000025b1      0x24e .\CortexM3\ARM_GCC_484\Debug\Design01.a(UART_2.o)
                                0x424 (size before relaxing)
 .debug_str     0x000027ff      0x179 .\CortexM3\ARM_GCC_484\Debug\Design01.a(UART_2_IntClock.o)
                                0x323 (size before relaxing)
 .debug_str     0x00002978       0xf6 .\CortexM3\ARM_GCC_484\Debug\Design01.a(timer1.o)
                                0x27d (size before relaxing)
 .debug_str     0x00002a6e       0xe8 .\CortexM3\ARM_GCC_484\Debug\Design01.a(isr_2.o)
                                0x26f (size before relaxing)
 .debug_str     0x00002b56      0x130 .\CortexM3\ARM_GCC_484\Debug\Design01.a(CyFlash.o)
                                0x2b6 (size before relaxing)
 .debug_str     0x00002c86       0xfe .\CortexM3\ARM_GCC_484\Debug\Design01.a(CySpc.o)
                                0x292 (size before relaxing)

.debug_loc
 *(.debug_loc)

.debug_macinfo
 *(.debug_macinfo)

.debug_ranges   0x00000000      0xd40
 *(.debug_ranges)
 .debug_ranges  0x00000000       0xd0 .\CortexM3\ARM_GCC_484\Debug\main.o
 .debug_ranges  0x000000d0       0x30 .\CortexM3\ARM_GCC_484\Debug\Cm3Start.o
 .debug_ranges  0x00000100       0x50 .\CortexM3\ARM_GCC_484\Debug\Design01.a(cyfitter_cfg.o)
 .debug_ranges  0x00000150       0x28 .\CortexM3\ARM_GCC_484\Debug\Design01.a(B_LED.o)
 .debug_ranges  0x00000178       0x28 .\CortexM3\ARM_GCC_484\Debug\Design01.a(R_LED.o)
 .debug_ranges  0x000001a0      0x208 .\CortexM3\ARM_GCC_484\Debug\Design01.a(CyLib.o)
 .debug_ranges  0x000003a8       0x80 .\CortexM3\ARM_GCC_484\Debug\Design01.a(cyPm.o)
 .debug_ranges  0x00000428       0x68 .\CortexM3\ARM_GCC_484\Debug\Design01.a(PWM_1.o)
 .debug_ranges  0x00000490       0x28 .\CortexM3\ARM_GCC_484\Debug\Design01.a(I2C_1.o)
 .debug_ranges  0x000004b8       0x10 .\CortexM3\ARM_GCC_484\Debug\Design01.a(I2C_1_INT.o)
 .debug_ranges  0x000004c8       0x78 .\CortexM3\ARM_GCC_484\Debug\Design01.a(I2C_1_MASTER.o)
 .debug_ranges  0x00000540       0x28 .\CortexM3\ARM_GCC_484\Debug\Design01.a(I2C_2.o)
 .debug_ranges  0x00000568       0x10 .\CortexM3\ARM_GCC_484\Debug\Design01.a(I2C_2_INT.o)
 .debug_ranges  0x00000578       0x78 .\CortexM3\ARM_GCC_484\Debug\Design01.a(I2C_2_MASTER.o)
 .debug_ranges  0x000005f0       0x28 .\CortexM3\ARM_GCC_484\Debug\Design01.a(Enable2.o)
 .debug_ranges  0x00000618      0x100 .\CortexM3\ARM_GCC_484\Debug\Design01.a(UART_1.o)
 .debug_ranges  0x00000718       0x18 .\CortexM3\ARM_GCC_484\Debug\Design01.a(UART_1_INT.o)
 .debug_ranges  0x00000730       0x70 .\CortexM3\ARM_GCC_484\Debug\Design01.a(isr_1.o)
 .debug_ranges  0x000007a0       0x60 .\CortexM3\ARM_GCC_484\Debug\Design01.a(UART_1_IntClock.o)
 .debug_ranges  0x00000800       0x48 .\CortexM3\ARM_GCC_484\Debug\Design01.a(VDAC8_1.o)
 .debug_ranges  0x00000848       0x48 .\CortexM3\ARM_GCC_484\Debug\Design01.a(VDAC8_2.o)
 .debug_ranges  0x00000890       0x48 .\CortexM3\ARM_GCC_484\Debug\Design01.a(VDAC8_3.o)
 .debug_ranges  0x000008d8       0x48 .\CortexM3\ARM_GCC_484\Debug\Design01.a(VDAC8_4.o)
 .debug_ranges  0x00000920       0x28 .\CortexM3\ARM_GCC_484\Debug\Design01.a(CW_CCW_1.o)
 .debug_ranges  0x00000948       0x28 .\CortexM3\ARM_GCC_484\Debug\Design01.a(CW_CCW_2.o)
 .debug_ranges  0x00000970       0x28 .\CortexM3\ARM_GCC_484\Debug\Design01.a(CW_CCW_3.o)
 .debug_ranges  0x00000998       0x28 .\CortexM3\ARM_GCC_484\Debug\Design01.a(CW_CCW_4.o)
 .debug_ranges  0x000009c0       0x28 .\CortexM3\ARM_GCC_484\Debug\Design01.a(RUN_BRAKE_1.o)
 .debug_ranges  0x000009e8       0x28 .\CortexM3\ARM_GCC_484\Debug\Design01.a(RUN_BRAKE_2.o)
 .debug_ranges  0x00000a10       0x28 .\CortexM3\ARM_GCC_484\Debug\Design01.a(RUN_BRAKE_3.o)
 .debug_ranges  0x00000a38       0x28 .\CortexM3\ARM_GCC_484\Debug\Design01.a(RUN_BRAKE_4.o)
 .debug_ranges  0x00000a60       0xe0 .\CortexM3\ARM_GCC_484\Debug\Design01.a(UART_2.o)
 .debug_ranges  0x00000b40       0x60 .\CortexM3\ARM_GCC_484\Debug\Design01.a(UART_2_IntClock.o)
 .debug_ranges  0x00000ba0       0x70 .\CortexM3\ARM_GCC_484\Debug\Design01.a(timer1.o)
 .debug_ranges  0x00000c10       0x70 .\CortexM3\ARM_GCC_484\Debug\Design01.a(isr_2.o)
 .debug_ranges  0x00000c80       0x68 .\CortexM3\ARM_GCC_484\Debug\Design01.a(CyFlash.o)
 .debug_ranges  0x00000ce8       0x58 .\CortexM3\ARM_GCC_484\Debug\Design01.a(CySpc.o)

.comment        0x00000000       0x70
 .comment       0x00000000       0x70 .\CortexM3\ARM_GCC_484\Debug\main.o
                                 0x71 (size before relaxing)
 .comment       0x00000000       0x71 .\CortexM3\ARM_GCC_484\Debug\cymetadata.o
 .comment       0x00000000       0x71 .\CortexM3\ARM_GCC_484\Debug\Cm3Start.o
 .comment       0x00000000       0x71 .\CortexM3\ARM_GCC_484\Debug\Design01.a(cyfitter_cfg.o)
 .comment       0x00000000       0x71 .\CortexM3\ARM_GCC_484\Debug\Design01.a(B_LED.o)
 .comment       0x00000000       0x71 .\CortexM3\ARM_GCC_484\Debug\Design01.a(R_LED.o)
 .comment       0x00000000       0x71 .\CortexM3\ARM_GCC_484\Debug\Design01.a(CyLib.o)
 .comment       0x00000000       0x71 .\CortexM3\ARM_GCC_484\Debug\Design01.a(cyPm.o)
 .comment       0x00000000       0x71 .\CortexM3\ARM_GCC_484\Debug\Design01.a(PWM_1.o)
 .comment       0x00000000       0x71 .\CortexM3\ARM_GCC_484\Debug\Design01.a(I2C_1.o)
 .comment       0x00000000       0x71 .\CortexM3\ARM_GCC_484\Debug\Design01.a(I2C_1_INT.o)
 .comment       0x00000000       0x71 .\CortexM3\ARM_GCC_484\Debug\Design01.a(I2C_1_MASTER.o)
 .comment       0x00000000       0x71 .\CortexM3\ARM_GCC_484\Debug\Design01.a(I2C_2.o)
 .comment       0x00000000       0x71 .\CortexM3\ARM_GCC_484\Debug\Design01.a(I2C_2_INT.o)
 .comment       0x00000000       0x71 .\CortexM3\ARM_GCC_484\Debug\Design01.a(I2C_2_MASTER.o)
 .comment       0x00000000       0x71 .\CortexM3\ARM_GCC_484\Debug\Design01.a(Enable2.o)
 .comment       0x00000000       0x71 .\CortexM3\ARM_GCC_484\Debug\Design01.a(UART_1.o)
 .comment       0x00000000       0x71 .\CortexM3\ARM_GCC_484\Debug\Design01.a(UART_1_INT.o)
 .comment       0x00000000       0x71 .\CortexM3\ARM_GCC_484\Debug\Design01.a(isr_1.o)
 .comment       0x00000000       0x71 .\CortexM3\ARM_GCC_484\Debug\Design01.a(UART_1_IntClock.o)
 .comment       0x00000000       0x71 .\CortexM3\ARM_GCC_484\Debug\Design01.a(VDAC8_1.o)
 .comment       0x00000000       0x71 .\CortexM3\ARM_GCC_484\Debug\Design01.a(VDAC8_2.o)
 .comment       0x00000000       0x71 .\CortexM3\ARM_GCC_484\Debug\Design01.a(VDAC8_3.o)
 .comment       0x00000000       0x71 .\CortexM3\ARM_GCC_484\Debug\Design01.a(VDAC8_4.o)
 .comment       0x00000000       0x71 .\CortexM3\ARM_GCC_484\Debug\Design01.a(CW_CCW_1.o)
 .comment       0x00000000       0x71 .\CortexM3\ARM_GCC_484\Debug\Design01.a(CW_CCW_2.o)
 .comment       0x00000000       0x71 .\CortexM3\ARM_GCC_484\Debug\Design01.a(CW_CCW_3.o)
 .comment       0x00000000       0x71 .\CortexM3\ARM_GCC_484\Debug\Design01.a(CW_CCW_4.o)
 .comment       0x00000000       0x71 .\CortexM3\ARM_GCC_484\Debug\Design01.a(RUN_BRAKE_1.o)
 .comment       0x00000000       0x71 .\CortexM3\ARM_GCC_484\Debug\Design01.a(RUN_BRAKE_2.o)
 .comment       0x00000000       0x71 .\CortexM3\ARM_GCC_484\Debug\Design01.a(RUN_BRAKE_3.o)
 .comment       0x00000000       0x71 .\CortexM3\ARM_GCC_484\Debug\Design01.a(RUN_BRAKE_4.o)
 .comment       0x00000000       0x71 .\CortexM3\ARM_GCC_484\Debug\Design01.a(UART_2.o)
 .comment       0x00000000       0x71 .\CortexM3\ARM_GCC_484\Debug\Design01.a(UART_2_IntClock.o)
 .comment       0x00000000       0x71 .\CortexM3\ARM_GCC_484\Debug\Design01.a(timer1.o)
 .comment       0x00000000       0x71 .\CortexM3\ARM_GCC_484\Debug\Design01.a(isr_2.o)
 .comment       0x00000000       0x71 .\CortexM3\ARM_GCC_484\Debug\Design01.a(CyFlash.o)
 .comment       0x00000000       0x71 .\CortexM3\ARM_GCC_484\Debug\Design01.a(CySpc.o)

.debug_weaknames
 *(.debug_weaknames)

.debug_funcnames
 *(.debug_funcnames)

.debug_typenames
 *(.debug_typenames)

.debug_varnames
 *(.debug_varnames)

.note.gnu.arm.ident
 *(.note.gnu.arm.ident)

.ARM.attributes
                0x00000000       0x29
 *(.ARM.attributes)
 .ARM.attributes
                0x00000000       0x1d c:/program files (x86)/cypress/psoc creator/3.2/psoc creator/import/gnu/arm/4.8.4/bin/../lib/gcc/arm-none-eabi/4.8.4/armv7-m/crti.o
 .ARM.attributes
                0x0000001d       0x2d c:/program files (x86)/cypress/psoc creator/3.2/psoc creator/import/gnu/arm/4.8.4/bin/../lib/gcc/arm-none-eabi/4.8.4/armv7-m/crtbegin.o
 .ARM.attributes
                0x0000004a       0x1b c:/program files (x86)/cypress/psoc creator/3.2/psoc creator/import/gnu/arm/4.8.4/bin/../lib/gcc/arm-none-eabi/4.8.4/../../../../arm-none-eabi/lib/armv7-m/crt0.o
 .ARM.attributes
                0x00000065       0x33 .\CortexM3\ARM_GCC_484\Debug\main.o
 .ARM.attributes
                0x00000098       0x33 .\CortexM3\ARM_GCC_484\Debug\cymetadata.o
 .ARM.attributes
                0x000000cb       0x33 .\CortexM3\ARM_GCC_484\Debug\Cm3Start.o
 .ARM.attributes
                0x000000fe       0x33 .\CortexM3\ARM_GCC_484\Debug\Design01.a(cyfitter_cfg.o)
 .ARM.attributes
                0x00000131       0x33 .\CortexM3\ARM_GCC_484\Debug\Design01.a(B_LED.o)
 .ARM.attributes
                0x00000164       0x33 .\CortexM3\ARM_GCC_484\Debug\Design01.a(R_LED.o)
 .ARM.attributes
                0x00000197       0x21 .\CortexM3\ARM_GCC_484\Debug\Design01.a(CyBootAsmGnu.o)
 .ARM.attributes
                0x000001b8       0x33 .\CortexM3\ARM_GCC_484\Debug\Design01.a(CyLib.o)
 .ARM.attributes
                0x000001eb       0x33 .\CortexM3\ARM_GCC_484\Debug\Design01.a(cyPm.o)
 .ARM.attributes
                0x0000021e       0x33 .\CortexM3\ARM_GCC_484\Debug\Design01.a(PWM_1.o)
 .ARM.attributes
                0x00000251       0x33 .\CortexM3\ARM_GCC_484\Debug\Design01.a(I2C_1.o)
 .ARM.attributes
                0x00000284       0x33 .\CortexM3\ARM_GCC_484\Debug\Design01.a(I2C_1_INT.o)
 .ARM.attributes
                0x000002b7       0x33 .\CortexM3\ARM_GCC_484\Debug\Design01.a(I2C_1_MASTER.o)
 .ARM.attributes
                0x000002ea       0x33 .\CortexM3\ARM_GCC_484\Debug\Design01.a(I2C_2.o)
 .ARM.attributes
                0x0000031d       0x33 .\CortexM3\ARM_GCC_484\Debug\Design01.a(I2C_2_INT.o)
 .ARM.attributes
                0x00000350       0x33 .\CortexM3\ARM_GCC_484\Debug\Design01.a(I2C_2_MASTER.o)
 .ARM.attributes
                0x00000383       0x33 .\CortexM3\ARM_GCC_484\Debug\Design01.a(Enable2.o)
 .ARM.attributes
                0x000003b6       0x33 .\CortexM3\ARM_GCC_484\Debug\Design01.a(UART_1.o)
 .ARM.attributes
                0x000003e9       0x33 .\CortexM3\ARM_GCC_484\Debug\Design01.a(UART_1_INT.o)
 .ARM.attributes
                0x0000041c       0x33 .\CortexM3\ARM_GCC_484\Debug\Design01.a(isr_1.o)
 .ARM.attributes
                0x0000044f       0x33 .\CortexM3\ARM_GCC_484\Debug\Design01.a(UART_1_IntClock.o)
 .ARM.attributes
                0x00000482       0x33 .\CortexM3\ARM_GCC_484\Debug\Design01.a(VDAC8_1.o)
 .ARM.attributes
                0x000004b5       0x33 .\CortexM3\ARM_GCC_484\Debug\Design01.a(VDAC8_2.o)
 .ARM.attributes
                0x000004e8       0x33 .\CortexM3\ARM_GCC_484\Debug\Design01.a(VDAC8_3.o)
 .ARM.attributes
                0x0000051b       0x33 .\CortexM3\ARM_GCC_484\Debug\Design01.a(VDAC8_4.o)
 .ARM.attributes
                0x0000054e       0x33 .\CortexM3\ARM_GCC_484\Debug\Design01.a(CW_CCW_1.o)
 .ARM.attributes
                0x00000581       0x33 .\CortexM3\ARM_GCC_484\Debug\Design01.a(CW_CCW_2.o)
 .ARM.attributes
                0x000005b4       0x33 .\CortexM3\ARM_GCC_484\Debug\Design01.a(CW_CCW_3.o)
 .ARM.attributes
                0x000005e7       0x33 .\CortexM3\ARM_GCC_484\Debug\Design01.a(CW_CCW_4.o)
 .ARM.attributes
                0x0000061a       0x33 .\CortexM3\ARM_GCC_484\Debug\Design01.a(RUN_BRAKE_1.o)
 .ARM.attributes
                0x0000064d       0x33 .\CortexM3\ARM_GCC_484\Debug\Design01.a(RUN_BRAKE_2.o)
 .ARM.attributes
                0x00000680       0x33 .\CortexM3\ARM_GCC_484\Debug\Design01.a(RUN_BRAKE_3.o)
 .ARM.attributes
                0x000006b3       0x33 .\CortexM3\ARM_GCC_484\Debug\Design01.a(RUN_BRAKE_4.o)
 .ARM.attributes
                0x000006e6       0x33 .\CortexM3\ARM_GCC_484\Debug\Design01.a(UART_2.o)
 .ARM.attributes
                0x00000719       0x33 .\CortexM3\ARM_GCC_484\Debug\Design01.a(UART_2_IntClock.o)
 .ARM.attributes
                0x0000074c       0x33 .\CortexM3\ARM_GCC_484\Debug\Design01.a(timer1.o)
 .ARM.attributes
                0x0000077f       0x33 .\CortexM3\ARM_GCC_484\Debug\Design01.a(isr_2.o)
 .ARM.attributes
                0x000007b2       0x33 .\CortexM3\ARM_GCC_484\Debug\Design01.a(CyFlash.o)
 .ARM.attributes
                0x000007e5       0x33 .\CortexM3\ARM_GCC_484\Debug\Design01.a(CySpc.o)
 .ARM.attributes
                0x00000818       0x1d c:/program files (x86)/cypress/psoc creator/3.2/psoc creator/import/gnu/arm/4.8.4/bin/../lib/gcc/arm-none-eabi/4.8.4/armv7-m\libgcc.a(_arm_addsubdf3.o)
 .ARM.attributes
                0x00000835       0x1d c:/program files (x86)/cypress/psoc creator/3.2/psoc creator/import/gnu/arm/4.8.4/bin/../lib/gcc/arm-none-eabi/4.8.4/armv7-m\libgcc.a(_arm_muldivdf3.o)
 .ARM.attributes
                0x00000852       0x1d c:/program files (x86)/cypress/psoc creator/3.2/psoc creator/import/gnu/arm/4.8.4/bin/../lib/gcc/arm-none-eabi/4.8.4/armv7-m\libgcc.a(_arm_truncdfsf2.o)
 .ARM.attributes
                0x0000086f       0x1d c:/program files (x86)/cypress/psoc creator/3.2/psoc creator/import/gnu/arm/4.8.4/bin/../lib/gcc/arm-none-eabi/4.8.4/armv7-m\libgcc.a(_arm_addsubsf3.o)
 .ARM.attributes
                0x0000088c       0x1d c:/program files (x86)/cypress/psoc creator/3.2/psoc creator/import/gnu/arm/4.8.4/bin/../lib/gcc/arm-none-eabi/4.8.4/armv7-m\libgcc.a(_arm_muldivsf3.o)
 .ARM.attributes
                0x000008a9       0x1d c:/program files (x86)/cypress/psoc creator/3.2/psoc creator/import/gnu/arm/4.8.4/bin/../lib/gcc/arm-none-eabi/4.8.4/armv7-m\libgcc.a(_arm_cmpsf2.o)
 .ARM.attributes
                0x000008c6       0x1d c:/program files (x86)/cypress/psoc creator/3.2/psoc creator/import/gnu/arm/4.8.4/bin/../lib/gcc/arm-none-eabi/4.8.4/armv7-m\libgcc.a(_arm_fixsfsi.o)
 .ARM.attributes
                0x000008e3       0x2d c:/program files (x86)/cypress/psoc creator/3.2/psoc creator/import/gnu/arm/4.8.4/bin/../lib/gcc/arm-none-eabi/4.8.4/../../../../arm-none-eabi/lib/armv7-m\libg_s.a(lib_a-exit.o)
 .ARM.attributes
                0x00000910       0x2d c:/program files (x86)/cypress/psoc creator/3.2/psoc creator/import/gnu/arm/4.8.4/bin/../lib/gcc/arm-none-eabi/4.8.4/../../../../arm-none-eabi/lib/armv7-m\libg_s.a(lib_a-impure.o)
 .ARM.attributes
                0x0000093d       0x2d c:/program files (x86)/cypress/psoc creator/3.2/psoc creator/import/gnu/arm/4.8.4/bin/../lib/gcc/arm-none-eabi/4.8.4/../../../../arm-none-eabi/lib/armv7-m\libg_s.a(lib_a-init.o)
 .ARM.attributes
                0x0000096a       0x2d c:/program files (x86)/cypress/psoc creator/3.2/psoc creator/import/gnu/arm/4.8.4/bin/../lib/gcc/arm-none-eabi/4.8.4/../../../../arm-none-eabi/lib/armv7-m\libg_s.a(lib_a-memcpy-stub.o)
 .ARM.attributes
                0x00000997       0x2d c:/program files (x86)/cypress/psoc creator/3.2/psoc creator/import/gnu/arm/4.8.4/bin/../lib/gcc/arm-none-eabi/4.8.4/../../../../arm-none-eabi/lib/armv7-m\libg_s.a(lib_a-memset.o)
 .ARM.attributes
                0x000009c4       0x2d c:/program files (x86)/cypress/psoc creator/3.2/psoc creator/import/gnu/arm/4.8.4/bin/../lib/gcc/arm-none-eabi/4.8.4/armv7-m/crtend.o
 .ARM.attributes
                0x000009f1       0x1d c:/program files (x86)/cypress/psoc creator/3.2/psoc creator/import/gnu/arm/4.8.4/bin/../lib/gcc/arm-none-eabi/4.8.4/armv7-m/crtn.o

/DISCARD/
 *(.note.GNU-stack)
OUTPUT(.\CortexM3\ARM_GCC_484\Debug\Design01.elf elf32-littlearm)
