ARM GAS  C:\Users\dskyNote\AppData\Local\Temp\ccnHxzcB.s 			page 1


   1              		.syntax unified
   2              		.cpu cortex-m3
   3              		.fpu softvfp
   4              		.eabi_attribute 20, 1
   5              		.eabi_attribute 21, 1
   6              		.eabi_attribute 23, 3
   7              		.eabi_attribute 24, 1
   8              		.eabi_attribute 25, 1
   9              		.eabi_attribute 26, 1
  10              		.eabi_attribute 30, 6
  11              		.eabi_attribute 34, 1
  12              		.eabi_attribute 18, 4
  13              		.thumb
  14              		.file	"I2C_1_PM.c"
  15              		.text
  16              	.Ltext0:
  17              		.cfi_sections	.debug_frame
  18              		.global	I2C_1_backup
  19              		.bss
  20              		.align	2
  21              		.type	I2C_1_backup, %object
  22              		.size	I2C_1_backup, 2
  23              	I2C_1_backup:
  24 0000 0000     		.space	2
  25 0002 0000     		.section	.text.I2C_1_SaveConfig,"ax",%progbits
  26              		.align	2
  27              		.global	I2C_1_SaveConfig
  28              		.thumb
  29              		.thumb_func
  30              		.type	I2C_1_SaveConfig, %function
  31              	I2C_1_SaveConfig:
  32              	.LFB0:
  33              		.file 1 ".\\Generated_Source\\PSoC5\\I2C_1_PM.c"
   1:.\Generated_Source\PSoC5/I2C_1_PM.c **** /*******************************************************************************
   2:.\Generated_Source\PSoC5/I2C_1_PM.c **** * File Name: I2C_1_PM.c
   3:.\Generated_Source\PSoC5/I2C_1_PM.c **** * Version 3.30
   4:.\Generated_Source\PSoC5/I2C_1_PM.c **** *
   5:.\Generated_Source\PSoC5/I2C_1_PM.c **** * Description:
   6:.\Generated_Source\PSoC5/I2C_1_PM.c **** *  This file provides Low power mode APIs for I2C component.
   7:.\Generated_Source\PSoC5/I2C_1_PM.c **** *
   8:.\Generated_Source\PSoC5/I2C_1_PM.c **** * Note:
   9:.\Generated_Source\PSoC5/I2C_1_PM.c **** *  None
  10:.\Generated_Source\PSoC5/I2C_1_PM.c **** *
  11:.\Generated_Source\PSoC5/I2C_1_PM.c **** ********************************************************************************
  12:.\Generated_Source\PSoC5/I2C_1_PM.c **** * Copyright 2008-2012, Cypress Semiconductor Corporation.  All rights reserved.
  13:.\Generated_Source\PSoC5/I2C_1_PM.c **** * You may use this file only in accordance with the license, terms, conditions,
  14:.\Generated_Source\PSoC5/I2C_1_PM.c **** * disclaimers, and limitations in the end user license agreement accompanying
  15:.\Generated_Source\PSoC5/I2C_1_PM.c **** * the software package with which this file was provided.
  16:.\Generated_Source\PSoC5/I2C_1_PM.c **** *******************************************************************************/
  17:.\Generated_Source\PSoC5/I2C_1_PM.c **** 
  18:.\Generated_Source\PSoC5/I2C_1_PM.c **** #include "I2C_1_PVT.h"
  19:.\Generated_Source\PSoC5/I2C_1_PM.c **** 
  20:.\Generated_Source\PSoC5/I2C_1_PM.c **** I2C_1_BACKUP_STRUCT I2C_1_backup =
  21:.\Generated_Source\PSoC5/I2C_1_PM.c **** {
  22:.\Generated_Source\PSoC5/I2C_1_PM.c ****     I2C_1_DISABLE, /* enableState */
  23:.\Generated_Source\PSoC5/I2C_1_PM.c **** 
  24:.\Generated_Source\PSoC5/I2C_1_PM.c ****     #if(I2C_1_FF_IMPLEMENTED)
ARM GAS  C:\Users\dskyNote\AppData\Local\Temp\ccnHxzcB.s 			page 2


  25:.\Generated_Source\PSoC5/I2C_1_PM.c ****         I2C_1_DEFAULT_XCFG,  /* xcfg */
  26:.\Generated_Source\PSoC5/I2C_1_PM.c ****         I2C_1_DEFAULT_CFG,   /* cfg  */
  27:.\Generated_Source\PSoC5/I2C_1_PM.c **** 
  28:.\Generated_Source\PSoC5/I2C_1_PM.c ****         #if(I2C_1_MODE_SLAVE_ENABLED)
  29:.\Generated_Source\PSoC5/I2C_1_PM.c ****             I2C_1_DEFAULT_ADDR, /* addr */
  30:.\Generated_Source\PSoC5/I2C_1_PM.c ****         #endif /* (I2C_1_MODE_SLAVE_ENABLED) */
  31:.\Generated_Source\PSoC5/I2C_1_PM.c **** 
  32:.\Generated_Source\PSoC5/I2C_1_PM.c ****         #if(CY_PSOC5A)
  33:.\Generated_Source\PSoC5/I2C_1_PM.c ****             LO8(I2C_1_DEFAULT_DIVIDE_FACTOR),  /* div */
  34:.\Generated_Source\PSoC5/I2C_1_PM.c ****         #else
  35:.\Generated_Source\PSoC5/I2C_1_PM.c ****             LO8(I2C_1_DEFAULT_DIVIDE_FACTOR), /* div1 */
  36:.\Generated_Source\PSoC5/I2C_1_PM.c ****             HI8(I2C_1_DEFAULT_DIVIDE_FACTOR), /* div2 */
  37:.\Generated_Source\PSoC5/I2C_1_PM.c ****         #endif /* (CY_PSOC5A) */
  38:.\Generated_Source\PSoC5/I2C_1_PM.c **** 
  39:.\Generated_Source\PSoC5/I2C_1_PM.c ****     #else  /* (I2C_1_UDB_IMPLEMENTED) */
  40:.\Generated_Source\PSoC5/I2C_1_PM.c ****         I2C_1_DEFAULT_CFG,    /* control */
  41:.\Generated_Source\PSoC5/I2C_1_PM.c **** 
  42:.\Generated_Source\PSoC5/I2C_1_PM.c ****         #if(CY_UDB_V0)
  43:.\Generated_Source\PSoC5/I2C_1_PM.c ****             I2C_1_INT_ENABLE_MASK, /* aux_ctl */
  44:.\Generated_Source\PSoC5/I2C_1_PM.c **** 
  45:.\Generated_Source\PSoC5/I2C_1_PM.c ****             #if(I2C_1_MODE_SLAVE_ENABLED)
  46:.\Generated_Source\PSoC5/I2C_1_PM.c ****                 I2C_1_DEFAULT_ADDR, /* addr_d0 */
  47:.\Generated_Source\PSoC5/I2C_1_PM.c ****             #endif /* (I2C_1_MODE_SLAVE_ENABLED) */
  48:.\Generated_Source\PSoC5/I2C_1_PM.c ****         #endif /* (CY_UDB_V0) */
  49:.\Generated_Source\PSoC5/I2C_1_PM.c ****     #endif /* (I2C_1_FF_IMPLEMENTED) */
  50:.\Generated_Source\PSoC5/I2C_1_PM.c **** 
  51:.\Generated_Source\PSoC5/I2C_1_PM.c ****     #if(I2C_1_TIMEOUT_ENABLED)
  52:.\Generated_Source\PSoC5/I2C_1_PM.c ****         I2C_1_DEFAULT_TMOUT_PERIOD,
  53:.\Generated_Source\PSoC5/I2C_1_PM.c ****         I2C_1_DEFAULT_TMOUT_INTR_MASK,
  54:.\Generated_Source\PSoC5/I2C_1_PM.c **** 
  55:.\Generated_Source\PSoC5/I2C_1_PM.c ****         #if(I2C_1_TIMEOUT_PRESCALER_ENABLED && CY_UDB_V0)
  56:.\Generated_Source\PSoC5/I2C_1_PM.c ****             I2C_1_DEFAULT_TMOUT_PRESCALER_PRD,
  57:.\Generated_Source\PSoC5/I2C_1_PM.c ****         #endif /* (I2C_1_TIMEOUT_PRESCALER_ENABLED) */
  58:.\Generated_Source\PSoC5/I2C_1_PM.c **** 
  59:.\Generated_Source\PSoC5/I2C_1_PM.c ****     #endif /* (I2C_1_TIMEOUT_ENABLED) */
  60:.\Generated_Source\PSoC5/I2C_1_PM.c **** };
  61:.\Generated_Source\PSoC5/I2C_1_PM.c **** 
  62:.\Generated_Source\PSoC5/I2C_1_PM.c **** #if((I2C_1_FF_IMPLEMENTED) && (I2C_1_WAKEUP_ENABLED))
  63:.\Generated_Source\PSoC5/I2C_1_PM.c ****     volatile uint8 I2C_1_wakeupSource;
  64:.\Generated_Source\PSoC5/I2C_1_PM.c **** #endif /* ((I2C_1_FF_IMPLEMENTED) && (I2C_1_WAKEUP_ENABLED)) */
  65:.\Generated_Source\PSoC5/I2C_1_PM.c **** 
  66:.\Generated_Source\PSoC5/I2C_1_PM.c **** 
  67:.\Generated_Source\PSoC5/I2C_1_PM.c **** /*******************************************************************************
  68:.\Generated_Source\PSoC5/I2C_1_PM.c **** * Function Name: I2C_1_SaveConfig
  69:.\Generated_Source\PSoC5/I2C_1_PM.c **** ********************************************************************************
  70:.\Generated_Source\PSoC5/I2C_1_PM.c **** *
  71:.\Generated_Source\PSoC5/I2C_1_PM.c **** * Summary:
  72:.\Generated_Source\PSoC5/I2C_1_PM.c **** *  Wakeup on address match enabled: disables I2C Master(if was enabled before go
  73:.\Generated_Source\PSoC5/I2C_1_PM.c **** *  to sleep), enables I2C backup regulator. Waits while on-going transaction be
  74:.\Generated_Source\PSoC5/I2C_1_PM.c **** *  will completed and I2C will be ready go to sleep. All incoming transaction
  75:.\Generated_Source\PSoC5/I2C_1_PM.c **** *  will be NACKed till power down will be asserted. The address match event
  76:.\Generated_Source\PSoC5/I2C_1_PM.c **** *  wakes up the chip.
  77:.\Generated_Source\PSoC5/I2C_1_PM.c **** *  Wakeup on address match disabled: saves I2C configuration and non-retention
  78:.\Generated_Source\PSoC5/I2C_1_PM.c **** *  register values.
  79:.\Generated_Source\PSoC5/I2C_1_PM.c **** *
  80:.\Generated_Source\PSoC5/I2C_1_PM.c **** * Parameters:
  81:.\Generated_Source\PSoC5/I2C_1_PM.c **** *  None
ARM GAS  C:\Users\dskyNote\AppData\Local\Temp\ccnHxzcB.s 			page 3


  82:.\Generated_Source\PSoC5/I2C_1_PM.c **** *
  83:.\Generated_Source\PSoC5/I2C_1_PM.c **** * Return:
  84:.\Generated_Source\PSoC5/I2C_1_PM.c **** *  None
  85:.\Generated_Source\PSoC5/I2C_1_PM.c **** *
  86:.\Generated_Source\PSoC5/I2C_1_PM.c **** * Global Variables:
  87:.\Generated_Source\PSoC5/I2C_1_PM.c **** *  I2C_1_backup - used to save component configuration and
  88:.\Generated_Source\PSoC5/I2C_1_PM.c **** *       none-retention registers before enter sleep mode.
  89:.\Generated_Source\PSoC5/I2C_1_PM.c **** *
  90:.\Generated_Source\PSoC5/I2C_1_PM.c **** * Reentrant:
  91:.\Generated_Source\PSoC5/I2C_1_PM.c **** *  No
  92:.\Generated_Source\PSoC5/I2C_1_PM.c **** *
  93:.\Generated_Source\PSoC5/I2C_1_PM.c **** *******************************************************************************/
  94:.\Generated_Source\PSoC5/I2C_1_PM.c **** void I2C_1_SaveConfig(void) 
  95:.\Generated_Source\PSoC5/I2C_1_PM.c **** {
  34              		.loc 1 95 0
  35              		.cfi_startproc
  36              		@ args = 0, pretend = 0, frame = 0
  37              		@ frame_needed = 1, uses_anonymous_args = 0
  38              		@ link register save eliminated.
  39 0000 80B4     		push	{r7}
  40              		.cfi_def_cfa_offset 4
  41              		.cfi_offset 7, -4
  42 0002 00AF     		add	r7, sp, #0
  43              		.cfi_def_cfa_register 7
  96:.\Generated_Source\PSoC5/I2C_1_PM.c ****     #if(I2C_1_FF_IMPLEMENTED)
  97:.\Generated_Source\PSoC5/I2C_1_PM.c ****         #if(I2C_1_WAKEUP_ENABLED)
  98:.\Generated_Source\PSoC5/I2C_1_PM.c ****             uint8 enableInterrupts;
  99:.\Generated_Source\PSoC5/I2C_1_PM.c ****         #endif /* (I2C_1_WAKEUP_ENABLED) */
 100:.\Generated_Source\PSoC5/I2C_1_PM.c **** 
 101:.\Generated_Source\PSoC5/I2C_1_PM.c ****         /* Store regiters in either Sleep mode */
 102:.\Generated_Source\PSoC5/I2C_1_PM.c ****         I2C_1_backup.cfg  = I2C_1_CFG_REG;
 103:.\Generated_Source\PSoC5/I2C_1_PM.c ****         I2C_1_backup.xcfg = I2C_1_XCFG_REG;
 104:.\Generated_Source\PSoC5/I2C_1_PM.c **** 
 105:.\Generated_Source\PSoC5/I2C_1_PM.c ****         #if(I2C_1_MODE_SLAVE_ENABLED)
 106:.\Generated_Source\PSoC5/I2C_1_PM.c ****             I2C_1_backup.addr = I2C_1_ADDR_REG;
 107:.\Generated_Source\PSoC5/I2C_1_PM.c ****         #endif /* (I2C_1_MODE_SLAVE_ENABLED) */
 108:.\Generated_Source\PSoC5/I2C_1_PM.c **** 
 109:.\Generated_Source\PSoC5/I2C_1_PM.c ****         #if(CY_PSOC5A)
 110:.\Generated_Source\PSoC5/I2C_1_PM.c ****             I2C_1_backup.clkDiv   = I2C_1_CLKDIV_REG;
 111:.\Generated_Source\PSoC5/I2C_1_PM.c ****         #else
 112:.\Generated_Source\PSoC5/I2C_1_PM.c ****             I2C_1_backup.clkDiv1  = I2C_1_CLKDIV1_REG;
 113:.\Generated_Source\PSoC5/I2C_1_PM.c ****             I2C_1_backup.clkDiv2  = I2C_1_CLKDIV2_REG;
 114:.\Generated_Source\PSoC5/I2C_1_PM.c ****         #endif /* (CY_PSOC5A) */
 115:.\Generated_Source\PSoC5/I2C_1_PM.c **** 
 116:.\Generated_Source\PSoC5/I2C_1_PM.c ****         #if(I2C_1_WAKEUP_ENABLED)
 117:.\Generated_Source\PSoC5/I2C_1_PM.c ****             /* Need to disable Master */
 118:.\Generated_Source\PSoC5/I2C_1_PM.c ****             I2C_1_CFG_REG &= ((uint8) ~I2C_1_ENABLE_MASTER);
 119:.\Generated_Source\PSoC5/I2C_1_PM.c **** 
 120:.\Generated_Source\PSoC5/I2C_1_PM.c ****             /* Enable the I2C regulator backup */
 121:.\Generated_Source\PSoC5/I2C_1_PM.c ****             enableInterrupts = CyEnterCriticalSection();
 122:.\Generated_Source\PSoC5/I2C_1_PM.c ****             I2C_1_PWRSYS_CR1_REG |= I2C_1_PWRSYS_CR1_I2C_REG_BACKUP;
 123:.\Generated_Source\PSoC5/I2C_1_PM.c ****             CyExitCriticalSection(enableInterrupts);
 124:.\Generated_Source\PSoC5/I2C_1_PM.c **** 
 125:.\Generated_Source\PSoC5/I2C_1_PM.c ****             /* 1) Set force NACK to ignore I2C transactions
 126:.\Generated_Source\PSoC5/I2C_1_PM.c ****                2) Wait while I2C will be ready go to Sleep
 127:.\Generated_Source\PSoC5/I2C_1_PM.c ****                3) These bits are cleared on wake up */
 128:.\Generated_Source\PSoC5/I2C_1_PM.c ****             I2C_1_XCFG_REG |= I2C_1_XCFG_FORCE_NACK;
ARM GAS  C:\Users\dskyNote\AppData\Local\Temp\ccnHxzcB.s 			page 4


 129:.\Generated_Source\PSoC5/I2C_1_PM.c ****             while(0u == (I2C_1_XCFG_REG & I2C_1_XCFG_RDY_TO_SLEEP))
 130:.\Generated_Source\PSoC5/I2C_1_PM.c ****             {
 131:.\Generated_Source\PSoC5/I2C_1_PM.c ****                 ; /* Wait when block is ready to Sleep */
 132:.\Generated_Source\PSoC5/I2C_1_PM.c ****             }
 133:.\Generated_Source\PSoC5/I2C_1_PM.c **** 
 134:.\Generated_Source\PSoC5/I2C_1_PM.c ****             /* Setup wakeup interrupt */
 135:.\Generated_Source\PSoC5/I2C_1_PM.c ****             I2C_1_DisableInt();
 136:.\Generated_Source\PSoC5/I2C_1_PM.c ****             (void) CyIntSetVector(I2C_1_ISR_NUMBER, &I2C_1_WAKEUP_ISR);
 137:.\Generated_Source\PSoC5/I2C_1_PM.c ****             I2C_1_wakeupSource = 0u;
 138:.\Generated_Source\PSoC5/I2C_1_PM.c ****             I2C_1_EnableInt();
 139:.\Generated_Source\PSoC5/I2C_1_PM.c **** 
 140:.\Generated_Source\PSoC5/I2C_1_PM.c ****         #endif /* (I2C_1_WAKEUP_ENABLED) */
 141:.\Generated_Source\PSoC5/I2C_1_PM.c **** 
 142:.\Generated_Source\PSoC5/I2C_1_PM.c ****     #else
 143:.\Generated_Source\PSoC5/I2C_1_PM.c ****         /* Store only address match bit */
 144:.\Generated_Source\PSoC5/I2C_1_PM.c ****         I2C_1_backup.control = (I2C_1_CFG_REG & I2C_1_CTRL_ANY_ADDRESS_MASK);
  44              		.loc 1 144 0
  45 0004 054B     		ldr	r3, .L2
  46 0006 1B78     		ldrb	r3, [r3]
  47 0008 DBB2     		uxtb	r3, r3
  48 000a 03F00803 		and	r3, r3, #8
  49 000e DAB2     		uxtb	r2, r3
  50 0010 034B     		ldr	r3, .L2+4
  51 0012 5A70     		strb	r2, [r3, #1]
 145:.\Generated_Source\PSoC5/I2C_1_PM.c **** 
 146:.\Generated_Source\PSoC5/I2C_1_PM.c ****         #if(CY_UDB_V0)
 147:.\Generated_Source\PSoC5/I2C_1_PM.c ****             /* Store interrupt mask bits */
 148:.\Generated_Source\PSoC5/I2C_1_PM.c ****             I2C_1_backup.intMask = I2C_1_INT_MASK_REG;
 149:.\Generated_Source\PSoC5/I2C_1_PM.c **** 
 150:.\Generated_Source\PSoC5/I2C_1_PM.c ****             #if(I2C_1_MODE & I2C_1_MODE_SLAVE)
 151:.\Generated_Source\PSoC5/I2C_1_PM.c ****                 I2C_1_backup.addr = I2C_1_ADDR_REG;
 152:.\Generated_Source\PSoC5/I2C_1_PM.c ****             #endif /* (I2C_1_MODE & I2C_1_MODE_SLAVE) */
 153:.\Generated_Source\PSoC5/I2C_1_PM.c **** 
 154:.\Generated_Source\PSoC5/I2C_1_PM.c ****         #endif /* (CY_UDB_V0) */
 155:.\Generated_Source\PSoC5/I2C_1_PM.c **** 
 156:.\Generated_Source\PSoC5/I2C_1_PM.c ****     #endif /* (I2C_1_FF_IMPLEMENTED) */
 157:.\Generated_Source\PSoC5/I2C_1_PM.c **** 
 158:.\Generated_Source\PSoC5/I2C_1_PM.c ****     #if(I2C_1_TIMEOUT_ENABLED)
 159:.\Generated_Source\PSoC5/I2C_1_PM.c ****         I2C_1_TimeoutSaveConfig();   /* Save Timeout config */
 160:.\Generated_Source\PSoC5/I2C_1_PM.c ****     #endif /* (I2C_1_TIMEOUT_ENABLED) */
 161:.\Generated_Source\PSoC5/I2C_1_PM.c **** }
  52              		.loc 1 161 0
  53 0014 BD46     		mov	sp, r7
  54              		@ sp needed
  55 0016 5DF8047B 		ldr	r7, [sp], #4
  56 001a 7047     		bx	lr
  57              	.L3:
  58              		.align	2
  59              	.L2:
  60 001c 73640040 		.word	1073767539
  61 0020 00000000 		.word	I2C_1_backup
  62              		.cfi_endproc
  63              	.LFE0:
  64              		.size	I2C_1_SaveConfig, .-I2C_1_SaveConfig
  65              		.section	.text.I2C_1_Sleep,"ax",%progbits
  66              		.align	2
  67              		.global	I2C_1_Sleep
ARM GAS  C:\Users\dskyNote\AppData\Local\Temp\ccnHxzcB.s 			page 5


  68              		.thumb
  69              		.thumb_func
  70              		.type	I2C_1_Sleep, %function
  71              	I2C_1_Sleep:
  72              	.LFB1:
 162:.\Generated_Source\PSoC5/I2C_1_PM.c **** 
 163:.\Generated_Source\PSoC5/I2C_1_PM.c **** 
 164:.\Generated_Source\PSoC5/I2C_1_PM.c **** /*******************************************************************************
 165:.\Generated_Source\PSoC5/I2C_1_PM.c **** * Function Name: I2C_1_Sleep
 166:.\Generated_Source\PSoC5/I2C_1_PM.c **** ********************************************************************************
 167:.\Generated_Source\PSoC5/I2C_1_PM.c **** *
 168:.\Generated_Source\PSoC5/I2C_1_PM.c **** * Summary:
 169:.\Generated_Source\PSoC5/I2C_1_PM.c **** *  Wakeup on address match enabled: All incoming transaction will be NACKed till
 170:.\Generated_Source\PSoC5/I2C_1_PM.c **** *  power down will be asserted. The address match event wakes up the chip.
 171:.\Generated_Source\PSoC5/I2C_1_PM.c **** *  Wakeup on address match disabled: Disables active mode power template bits or
 172:.\Generated_Source\PSoC5/I2C_1_PM.c **** *  clock gating as appropriate. Saves I2C configuration and non-retention
 173:.\Generated_Source\PSoC5/I2C_1_PM.c **** *  register values.
 174:.\Generated_Source\PSoC5/I2C_1_PM.c **** *  Disables I2C interrupt.
 175:.\Generated_Source\PSoC5/I2C_1_PM.c **** *
 176:.\Generated_Source\PSoC5/I2C_1_PM.c **** * Parameters:
 177:.\Generated_Source\PSoC5/I2C_1_PM.c **** *  None
 178:.\Generated_Source\PSoC5/I2C_1_PM.c **** *
 179:.\Generated_Source\PSoC5/I2C_1_PM.c **** * Return:
 180:.\Generated_Source\PSoC5/I2C_1_PM.c **** *  None
 181:.\Generated_Source\PSoC5/I2C_1_PM.c **** *
 182:.\Generated_Source\PSoC5/I2C_1_PM.c **** * Reentrant:
 183:.\Generated_Source\PSoC5/I2C_1_PM.c **** *  No
 184:.\Generated_Source\PSoC5/I2C_1_PM.c **** *
 185:.\Generated_Source\PSoC5/I2C_1_PM.c **** *******************************************************************************/
 186:.\Generated_Source\PSoC5/I2C_1_PM.c **** void I2C_1_Sleep(void) 
 187:.\Generated_Source\PSoC5/I2C_1_PM.c **** {
  73              		.loc 1 187 0
  74              		.cfi_startproc
  75              		@ args = 0, pretend = 0, frame = 0
  76              		@ frame_needed = 1, uses_anonymous_args = 0
  77 0000 80B5     		push	{r7, lr}
  78              		.cfi_def_cfa_offset 8
  79              		.cfi_offset 7, -8
  80              		.cfi_offset 14, -4
  81 0002 00AF     		add	r7, sp, #0
  82              		.cfi_def_cfa_register 7
 188:.\Generated_Source\PSoC5/I2C_1_PM.c ****     #if(I2C_1_WAKEUP_ENABLED)
 189:.\Generated_Source\PSoC5/I2C_1_PM.c ****         /* The I2C block should be always enabled if used as wakeup source */
 190:.\Generated_Source\PSoC5/I2C_1_PM.c ****         I2C_1_backup.enableState = I2C_1_DISABLE;
 191:.\Generated_Source\PSoC5/I2C_1_PM.c **** 
 192:.\Generated_Source\PSoC5/I2C_1_PM.c ****         #if(I2C_1_TIMEOUT_ENABLED)
 193:.\Generated_Source\PSoC5/I2C_1_PM.c ****             I2C_1_TimeoutStop();
 194:.\Generated_Source\PSoC5/I2C_1_PM.c ****         #endif /* (I2C_1_TIMEOUT_ENABLED) */
 195:.\Generated_Source\PSoC5/I2C_1_PM.c **** 
 196:.\Generated_Source\PSoC5/I2C_1_PM.c ****     #else
 197:.\Generated_Source\PSoC5/I2C_1_PM.c **** 
 198:.\Generated_Source\PSoC5/I2C_1_PM.c ****         I2C_1_backup.enableState = ((uint8) I2C_1_IS_ENABLED);
  83              		.loc 1 198 0
  84 0004 0C4B     		ldr	r3, .L6
  85 0006 1B78     		ldrb	r3, [r3]
  86 0008 DBB2     		uxtb	r3, r3
  87 000a 03F00203 		and	r3, r3, #2
ARM GAS  C:\Users\dskyNote\AppData\Local\Temp\ccnHxzcB.s 			page 6


  88 000e 002B     		cmp	r3, #0
  89 0010 0CBF     		ite	eq
  90 0012 0023     		moveq	r3, #0
  91 0014 0123     		movne	r3, #1
  92 0016 DBB2     		uxtb	r3, r3
  93 0018 1A46     		mov	r2, r3
  94 001a 084B     		ldr	r3, .L6+4
  95 001c 1A70     		strb	r2, [r3]
 199:.\Generated_Source\PSoC5/I2C_1_PM.c **** 
 200:.\Generated_Source\PSoC5/I2C_1_PM.c ****         if(I2C_1_IS_ENABLED)
  96              		.loc 1 200 0
  97 001e 064B     		ldr	r3, .L6
  98 0020 1B78     		ldrb	r3, [r3]
  99 0022 DBB2     		uxtb	r3, r3
 100 0024 03F00203 		and	r3, r3, #2
 101 0028 002B     		cmp	r3, #0
 102 002a 01D0     		beq	.L5
 201:.\Generated_Source\PSoC5/I2C_1_PM.c ****         {
 202:.\Generated_Source\PSoC5/I2C_1_PM.c ****             I2C_1_Stop();
 103              		.loc 1 202 0
 104 002c FFF7FEFF 		bl	I2C_1_Stop
 105              	.L5:
 203:.\Generated_Source\PSoC5/I2C_1_PM.c ****         }
 204:.\Generated_Source\PSoC5/I2C_1_PM.c ****     #endif /* (I2C_1_WAKEUP_ENABLED) */
 205:.\Generated_Source\PSoC5/I2C_1_PM.c **** 
 206:.\Generated_Source\PSoC5/I2C_1_PM.c ****     I2C_1_SaveConfig();
 106              		.loc 1 206 0
 107 0030 FFF7FEFF 		bl	I2C_1_SaveConfig
 207:.\Generated_Source\PSoC5/I2C_1_PM.c **** }
 108              		.loc 1 207 0
 109 0034 80BD     		pop	{r7, pc}
 110              	.L7:
 111 0036 00BF     		.align	2
 112              	.L6:
 113 0038 73640040 		.word	1073767539
 114 003c 00000000 		.word	I2C_1_backup
 115              		.cfi_endproc
 116              	.LFE1:
 117              		.size	I2C_1_Sleep, .-I2C_1_Sleep
 118              		.section	.text.I2C_1_RestoreConfig,"ax",%progbits
 119              		.align	2
 120              		.global	I2C_1_RestoreConfig
 121              		.thumb
 122              		.thumb_func
 123              		.type	I2C_1_RestoreConfig, %function
 124              	I2C_1_RestoreConfig:
 125              	.LFB2:
 208:.\Generated_Source\PSoC5/I2C_1_PM.c **** 
 209:.\Generated_Source\PSoC5/I2C_1_PM.c **** 
 210:.\Generated_Source\PSoC5/I2C_1_PM.c **** /*******************************************************************************
 211:.\Generated_Source\PSoC5/I2C_1_PM.c **** * Function Name: I2C_1_RestoreConfig
 212:.\Generated_Source\PSoC5/I2C_1_PM.c **** ********************************************************************************
 213:.\Generated_Source\PSoC5/I2C_1_PM.c **** *
 214:.\Generated_Source\PSoC5/I2C_1_PM.c **** * Summary:
 215:.\Generated_Source\PSoC5/I2C_1_PM.c **** *  Wakeup on address match enabled: enables I2C Master (if was enabled before go
 216:.\Generated_Source\PSoC5/I2C_1_PM.c **** *  to sleep), disables I2C backup regulator.
 217:.\Generated_Source\PSoC5/I2C_1_PM.c **** *  Wakeup on address match disabled: Restores I2C configuration and
ARM GAS  C:\Users\dskyNote\AppData\Local\Temp\ccnHxzcB.s 			page 7


 218:.\Generated_Source\PSoC5/I2C_1_PM.c **** *  non-retention register values.
 219:.\Generated_Source\PSoC5/I2C_1_PM.c **** *
 220:.\Generated_Source\PSoC5/I2C_1_PM.c **** * Parameters:
 221:.\Generated_Source\PSoC5/I2C_1_PM.c **** *  None
 222:.\Generated_Source\PSoC5/I2C_1_PM.c **** *
 223:.\Generated_Source\PSoC5/I2C_1_PM.c **** * Return:
 224:.\Generated_Source\PSoC5/I2C_1_PM.c **** *  None
 225:.\Generated_Source\PSoC5/I2C_1_PM.c **** *
 226:.\Generated_Source\PSoC5/I2C_1_PM.c **** * Global Variables:
 227:.\Generated_Source\PSoC5/I2C_1_PM.c **** *  I2C_1_backup - used to save component configuration and
 228:.\Generated_Source\PSoC5/I2C_1_PM.c **** *  none-retention registers before exit sleep mode.
 229:.\Generated_Source\PSoC5/I2C_1_PM.c **** *
 230:.\Generated_Source\PSoC5/I2C_1_PM.c **** *******************************************************************************/
 231:.\Generated_Source\PSoC5/I2C_1_PM.c **** void I2C_1_RestoreConfig(void) 
 232:.\Generated_Source\PSoC5/I2C_1_PM.c **** {
 126              		.loc 1 232 0
 127              		.cfi_startproc
 128              		@ args = 0, pretend = 0, frame = 0
 129              		@ frame_needed = 1, uses_anonymous_args = 0
 130              		@ link register save eliminated.
 131 0000 80B4     		push	{r7}
 132              		.cfi_def_cfa_offset 4
 133              		.cfi_offset 7, -4
 134 0002 00AF     		add	r7, sp, #0
 135              		.cfi_def_cfa_register 7
 233:.\Generated_Source\PSoC5/I2C_1_PM.c ****     #if(I2C_1_FF_IMPLEMENTED)
 234:.\Generated_Source\PSoC5/I2C_1_PM.c ****         uint8 enableInterrupts;
 235:.\Generated_Source\PSoC5/I2C_1_PM.c **** 
 236:.\Generated_Source\PSoC5/I2C_1_PM.c ****         if(I2C_1_CHECK_PWRSYS_I2C_BACKUP)    /* Enabled if was in Sleep */
 237:.\Generated_Source\PSoC5/I2C_1_PM.c ****         {
 238:.\Generated_Source\PSoC5/I2C_1_PM.c ****             /* Disable back-up regulator */
 239:.\Generated_Source\PSoC5/I2C_1_PM.c ****             enableInterrupts = CyEnterCriticalSection();
 240:.\Generated_Source\PSoC5/I2C_1_PM.c ****             I2C_1_PWRSYS_CR1_REG &= ((uint8) ~I2C_1_PWRSYS_CR1_I2C_REG_BACKUP);
 241:.\Generated_Source\PSoC5/I2C_1_PM.c ****             CyExitCriticalSection(enableInterrupts);
 242:.\Generated_Source\PSoC5/I2C_1_PM.c **** 
 243:.\Generated_Source\PSoC5/I2C_1_PM.c ****             /* Re-enable Master */
 244:.\Generated_Source\PSoC5/I2C_1_PM.c ****             I2C_1_CFG_REG = I2C_1_backup.cfg;
 245:.\Generated_Source\PSoC5/I2C_1_PM.c ****         }
 246:.\Generated_Source\PSoC5/I2C_1_PM.c ****         else /* The I2C_REG_BACKUP was cleaned by PM API: it means Hibernate or wake-up not set */
 247:.\Generated_Source\PSoC5/I2C_1_PM.c ****         {
 248:.\Generated_Source\PSoC5/I2C_1_PM.c ****             #if(I2C_1_WAKEUP_ENABLED)
 249:.\Generated_Source\PSoC5/I2C_1_PM.c ****                 /* Disable power to I2C block before register restore */
 250:.\Generated_Source\PSoC5/I2C_1_PM.c ****                 enableInterrupts = CyEnterCriticalSection();
 251:.\Generated_Source\PSoC5/I2C_1_PM.c ****                 I2C_1_ACT_PWRMGR_REG  &= ((uint8) ~I2C_1_ACT_PWR_EN);
 252:.\Generated_Source\PSoC5/I2C_1_PM.c ****                 I2C_1_STBY_PWRMGR_REG &= ((uint8) ~I2C_1_STBY_PWR_EN);
 253:.\Generated_Source\PSoC5/I2C_1_PM.c ****                 CyExitCriticalSection(enableInterrupts);
 254:.\Generated_Source\PSoC5/I2C_1_PM.c **** 
 255:.\Generated_Source\PSoC5/I2C_1_PM.c ****                 /* Enable component after restore complete */
 256:.\Generated_Source\PSoC5/I2C_1_PM.c ****                 I2C_1_backup.enableState = I2C_1_ENABLE;
 257:.\Generated_Source\PSoC5/I2C_1_PM.c ****             #endif /* (I2C_1_WAKEUP_ENABLED) */
 258:.\Generated_Source\PSoC5/I2C_1_PM.c **** 
 259:.\Generated_Source\PSoC5/I2C_1_PM.c ****             /* Restore component registers: Hibernate disable power */
 260:.\Generated_Source\PSoC5/I2C_1_PM.c ****             I2C_1_XCFG_REG = I2C_1_backup.xcfg;
 261:.\Generated_Source\PSoC5/I2C_1_PM.c ****             I2C_1_CFG_REG  = I2C_1_backup.cfg;
 262:.\Generated_Source\PSoC5/I2C_1_PM.c **** 
 263:.\Generated_Source\PSoC5/I2C_1_PM.c ****             #if(I2C_1_MODE_SLAVE_ENABLED)
 264:.\Generated_Source\PSoC5/I2C_1_PM.c ****                 I2C_1_ADDR_REG = I2C_1_backup.addr;
ARM GAS  C:\Users\dskyNote\AppData\Local\Temp\ccnHxzcB.s 			page 8


 265:.\Generated_Source\PSoC5/I2C_1_PM.c ****             #endif /* (I2C_1_MODE_SLAVE_ENABLED) */
 266:.\Generated_Source\PSoC5/I2C_1_PM.c **** 
 267:.\Generated_Source\PSoC5/I2C_1_PM.c ****             #if(CY_PSOC5A)
 268:.\Generated_Source\PSoC5/I2C_1_PM.c ****                 I2C_1_CLKDIV_REG  = I2C_1_backup.clkDiv;
 269:.\Generated_Source\PSoC5/I2C_1_PM.c ****             #else
 270:.\Generated_Source\PSoC5/I2C_1_PM.c ****                 I2C_1_CLKDIV1_REG = I2C_1_backup.clkDiv1;
 271:.\Generated_Source\PSoC5/I2C_1_PM.c ****                 I2C_1_CLKDIV2_REG = I2C_1_backup.clkDiv2;
 272:.\Generated_Source\PSoC5/I2C_1_PM.c ****             #endif /* (CY_PSOC5A) */
 273:.\Generated_Source\PSoC5/I2C_1_PM.c ****         }
 274:.\Generated_Source\PSoC5/I2C_1_PM.c **** 
 275:.\Generated_Source\PSoC5/I2C_1_PM.c ****         #if(I2C_1_WAKEUP_ENABLED)
 276:.\Generated_Source\PSoC5/I2C_1_PM.c ****             I2C_1_DisableInt();
 277:.\Generated_Source\PSoC5/I2C_1_PM.c ****             (void) CyIntSetVector(I2C_1_ISR_NUMBER, &I2C_1_ISR);
 278:.\Generated_Source\PSoC5/I2C_1_PM.c ****             if(0u != I2C_1_wakeupSource)
 279:.\Generated_Source\PSoC5/I2C_1_PM.c ****             {
 280:.\Generated_Source\PSoC5/I2C_1_PM.c ****                 I2C_1_SetPendingInt();   /* Generate interrupt to process incomming transcation */
 281:.\Generated_Source\PSoC5/I2C_1_PM.c ****             }
 282:.\Generated_Source\PSoC5/I2C_1_PM.c ****             I2C_1_EnableInt();
 283:.\Generated_Source\PSoC5/I2C_1_PM.c ****         #endif /* (I2C_1_WAKEUP_ENABLED) */
 284:.\Generated_Source\PSoC5/I2C_1_PM.c **** 
 285:.\Generated_Source\PSoC5/I2C_1_PM.c ****     #else
 286:.\Generated_Source\PSoC5/I2C_1_PM.c **** 
 287:.\Generated_Source\PSoC5/I2C_1_PM.c ****         #if(CY_UDB_V0)
 288:.\Generated_Source\PSoC5/I2C_1_PM.c ****             uint8 enableInterrupts;
 289:.\Generated_Source\PSoC5/I2C_1_PM.c **** 
 290:.\Generated_Source\PSoC5/I2C_1_PM.c ****             I2C_1_INT_MASK_REG |= I2C_1_backup.intMask;
 291:.\Generated_Source\PSoC5/I2C_1_PM.c **** 
 292:.\Generated_Source\PSoC5/I2C_1_PM.c ****             enableInterrupts = CyEnterCriticalSection();
 293:.\Generated_Source\PSoC5/I2C_1_PM.c ****             I2C_1_INT_ENABLE_REG |= I2C_1_INT_ENABLE_MASK;
 294:.\Generated_Source\PSoC5/I2C_1_PM.c ****             CyExitCriticalSection(enableInterrupts);
 295:.\Generated_Source\PSoC5/I2C_1_PM.c **** 
 296:.\Generated_Source\PSoC5/I2C_1_PM.c ****             #if(I2C_1_MODE_MASTER_ENABLED)
 297:.\Generated_Source\PSoC5/I2C_1_PM.c ****                 /* Restore Master Clock generator */
 298:.\Generated_Source\PSoC5/I2C_1_PM.c ****                 I2C_1_MCLK_PRD_REG = I2C_1_DEFAULT_MCLK_PRD;
 299:.\Generated_Source\PSoC5/I2C_1_PM.c ****                 I2C_1_MCLK_CMP_REG = I2C_1_DEFAULT_MCLK_CMP;
 300:.\Generated_Source\PSoC5/I2C_1_PM.c ****             #endif /* (I2C_1_MODE_MASTER_ENABLED) */
 301:.\Generated_Source\PSoC5/I2C_1_PM.c **** 
 302:.\Generated_Source\PSoC5/I2C_1_PM.c ****             #if(I2C_1_MODE_SLAVE_ENABLED)
 303:.\Generated_Source\PSoC5/I2C_1_PM.c ****                 I2C_1_ADDR_REG = I2C_1_backup.addr;
 304:.\Generated_Source\PSoC5/I2C_1_PM.c **** 
 305:.\Generated_Source\PSoC5/I2C_1_PM.c ****                 /* Restore slave bit counter period */
 306:.\Generated_Source\PSoC5/I2C_1_PM.c ****                 I2C_1_PERIOD_REG = I2C_1_DEFAULT_PERIOD;
 307:.\Generated_Source\PSoC5/I2C_1_PM.c ****             #endif /* (I2C_1_MODE_SLAVE_ENABLED) */
 308:.\Generated_Source\PSoC5/I2C_1_PM.c **** 
 309:.\Generated_Source\PSoC5/I2C_1_PM.c ****         #endif /* (CY_UDB_V0) */
 310:.\Generated_Source\PSoC5/I2C_1_PM.c **** 
 311:.\Generated_Source\PSoC5/I2C_1_PM.c ****         I2C_1_CFG_REG = I2C_1_backup.control;
 136              		.loc 1 311 0
 137 0004 034B     		ldr	r3, .L9
 138 0006 044A     		ldr	r2, .L9+4
 139 0008 5278     		ldrb	r2, [r2, #1]	@ zero_extendqisi2
 140 000a 1A70     		strb	r2, [r3]
 312:.\Generated_Source\PSoC5/I2C_1_PM.c **** 
 313:.\Generated_Source\PSoC5/I2C_1_PM.c ****     #endif /* (I2C_1_FF_IMPLEMENTED) */
 314:.\Generated_Source\PSoC5/I2C_1_PM.c **** 
 315:.\Generated_Source\PSoC5/I2C_1_PM.c ****     #if(I2C_1_TIMEOUT_ENABLED)
 316:.\Generated_Source\PSoC5/I2C_1_PM.c ****         I2C_1_TimeoutRestoreConfig();
ARM GAS  C:\Users\dskyNote\AppData\Local\Temp\ccnHxzcB.s 			page 9


 317:.\Generated_Source\PSoC5/I2C_1_PM.c ****     #endif /* (I2C_1_TIMEOUT_ENABLED) */
 318:.\Generated_Source\PSoC5/I2C_1_PM.c **** }
 141              		.loc 1 318 0
 142 000c BD46     		mov	sp, r7
 143              		@ sp needed
 144 000e 5DF8047B 		ldr	r7, [sp], #4
 145 0012 7047     		bx	lr
 146              	.L10:
 147              		.align	2
 148              	.L9:
 149 0014 73640040 		.word	1073767539
 150 0018 00000000 		.word	I2C_1_backup
 151              		.cfi_endproc
 152              	.LFE2:
 153              		.size	I2C_1_RestoreConfig, .-I2C_1_RestoreConfig
 154              		.section	.text.I2C_1_Wakeup,"ax",%progbits
 155              		.align	2
 156              		.global	I2C_1_Wakeup
 157              		.thumb
 158              		.thumb_func
 159              		.type	I2C_1_Wakeup, %function
 160              	I2C_1_Wakeup:
 161              	.LFB3:
 319:.\Generated_Source\PSoC5/I2C_1_PM.c **** 
 320:.\Generated_Source\PSoC5/I2C_1_PM.c **** 
 321:.\Generated_Source\PSoC5/I2C_1_PM.c **** /*******************************************************************************
 322:.\Generated_Source\PSoC5/I2C_1_PM.c **** * Function Name: I2C_1_Wakeup
 323:.\Generated_Source\PSoC5/I2C_1_PM.c **** ********************************************************************************
 324:.\Generated_Source\PSoC5/I2C_1_PM.c **** *
 325:.\Generated_Source\PSoC5/I2C_1_PM.c **** * Summary:
 326:.\Generated_Source\PSoC5/I2C_1_PM.c **** *  Wakeup on address match enabled: enables I2C Master (if was enabled before go
 327:.\Generated_Source\PSoC5/I2C_1_PM.c **** *  to sleep) and disables I2C backup regulator.
 328:.\Generated_Source\PSoC5/I2C_1_PM.c **** *  Wakeup on address match disabled: Restores I2C configuration and
 329:.\Generated_Source\PSoC5/I2C_1_PM.c **** *  non-retention register values. Restores Active mode power template bits or
 330:.\Generated_Source\PSoC5/I2C_1_PM.c **** *  clock gating as appropriate.
 331:.\Generated_Source\PSoC5/I2C_1_PM.c **** *  The I2C interrupt remains disabled after function call.
 332:.\Generated_Source\PSoC5/I2C_1_PM.c **** *
 333:.\Generated_Source\PSoC5/I2C_1_PM.c **** * Parameters:
 334:.\Generated_Source\PSoC5/I2C_1_PM.c **** *  None
 335:.\Generated_Source\PSoC5/I2C_1_PM.c **** *
 336:.\Generated_Source\PSoC5/I2C_1_PM.c **** * Return:
 337:.\Generated_Source\PSoC5/I2C_1_PM.c **** *  None
 338:.\Generated_Source\PSoC5/I2C_1_PM.c **** *
 339:.\Generated_Source\PSoC5/I2C_1_PM.c **** * Reentrant:
 340:.\Generated_Source\PSoC5/I2C_1_PM.c **** *  No
 341:.\Generated_Source\PSoC5/I2C_1_PM.c **** *
 342:.\Generated_Source\PSoC5/I2C_1_PM.c **** *******************************************************************************/
 343:.\Generated_Source\PSoC5/I2C_1_PM.c **** void I2C_1_Wakeup(void) 
 344:.\Generated_Source\PSoC5/I2C_1_PM.c **** {
 162              		.loc 1 344 0
 163              		.cfi_startproc
 164              		@ args = 0, pretend = 0, frame = 0
 165              		@ frame_needed = 1, uses_anonymous_args = 0
 166 0000 80B5     		push	{r7, lr}
 167              		.cfi_def_cfa_offset 8
 168              		.cfi_offset 7, -8
 169              		.cfi_offset 14, -4
ARM GAS  C:\Users\dskyNote\AppData\Local\Temp\ccnHxzcB.s 			page 10


 170 0002 00AF     		add	r7, sp, #0
 171              		.cfi_def_cfa_register 7
 345:.\Generated_Source\PSoC5/I2C_1_PM.c ****     I2C_1_RestoreConfig();   /* Restore I2C register settings */
 172              		.loc 1 345 0
 173 0004 FFF7FEFF 		bl	I2C_1_RestoreConfig
 346:.\Generated_Source\PSoC5/I2C_1_PM.c **** 
 347:.\Generated_Source\PSoC5/I2C_1_PM.c ****     /* Restore component enable state */
 348:.\Generated_Source\PSoC5/I2C_1_PM.c ****     if(0u != I2C_1_backup.enableState)
 174              		.loc 1 348 0
 175 0008 044B     		ldr	r3, .L13
 176 000a 1B78     		ldrb	r3, [r3]	@ zero_extendqisi2
 177 000c 002B     		cmp	r3, #0
 178 000e 04D0     		beq	.L11
 349:.\Generated_Source\PSoC5/I2C_1_PM.c ****     {
 350:.\Generated_Source\PSoC5/I2C_1_PM.c ****         I2C_1_Enable();
 179              		.loc 1 350 0
 180 0010 FFF7FEFF 		bl	I2C_1_Enable
 351:.\Generated_Source\PSoC5/I2C_1_PM.c ****         I2C_1_EnableInt();
 181              		.loc 1 351 0
 182 0014 024B     		ldr	r3, .L13+4
 183 0016 0122     		movs	r2, #1
 184 0018 1A60     		str	r2, [r3]
 185              	.L11:
 352:.\Generated_Source\PSoC5/I2C_1_PM.c ****     }
 353:.\Generated_Source\PSoC5/I2C_1_PM.c ****     else
 354:.\Generated_Source\PSoC5/I2C_1_PM.c ****     {
 355:.\Generated_Source\PSoC5/I2C_1_PM.c ****         #if(I2C_1_TIMEOUT_ENABLED)
 356:.\Generated_Source\PSoC5/I2C_1_PM.c ****             I2C_1_TimeoutEnable();
 357:.\Generated_Source\PSoC5/I2C_1_PM.c ****         #endif /* (I2C_1_TIMEOUT_ENABLED) */
 358:.\Generated_Source\PSoC5/I2C_1_PM.c ****     }
 359:.\Generated_Source\PSoC5/I2C_1_PM.c **** }
 186              		.loc 1 359 0
 187 001a 80BD     		pop	{r7, pc}
 188              	.L14:
 189              		.align	2
 190              	.L13:
 191 001c 00000000 		.word	I2C_1_backup
 192 0020 00E100E0 		.word	-536813312
 193              		.cfi_endproc
 194              	.LFE3:
 195              		.size	I2C_1_Wakeup, .-I2C_1_Wakeup
 196              		.text
 197              	.Letext0:
 198              		.file 2 ".\\Generated_Source\\PSoC5\\cytypes.h"
 199              		.file 3 ".\\Generated_Source\\PSoC5\\I2C_1.h"
 200              		.section	.debug_info,"",%progbits
 201              	.Ldebug_info0:
 202 0000 3C010000 		.4byte	0x13c
 203 0004 0400     		.2byte	0x4
 204 0006 00000000 		.4byte	.Ldebug_abbrev0
 205 000a 04       		.byte	0x4
 206 000b 01       		.uleb128 0x1
 207 000c 64010000 		.4byte	.LASF24
 208 0010 01       		.byte	0x1
 209 0011 B6000000 		.4byte	.LASF25
 210 0015 5B000000 		.4byte	.LASF26
 211 0019 00000000 		.4byte	.Ldebug_ranges0+0
ARM GAS  C:\Users\dskyNote\AppData\Local\Temp\ccnHxzcB.s 			page 11


 212 001d 00000000 		.4byte	0
 213 0021 00000000 		.4byte	.Ldebug_line0
 214 0025 02       		.uleb128 0x2
 215 0026 01       		.byte	0x1
 216 0027 06       		.byte	0x6
 217 0028 2A010000 		.4byte	.LASF0
 218 002c 02       		.uleb128 0x2
 219 002d 01       		.byte	0x1
 220 002e 08       		.byte	0x8
 221 002f DA000000 		.4byte	.LASF1
 222 0033 02       		.uleb128 0x2
 223 0034 02       		.byte	0x2
 224 0035 05       		.byte	0x5
 225 0036 5A010000 		.4byte	.LASF2
 226 003a 02       		.uleb128 0x2
 227 003b 02       		.byte	0x2
 228 003c 07       		.byte	0x7
 229 003d 17010000 		.4byte	.LASF3
 230 0041 02       		.uleb128 0x2
 231 0042 04       		.byte	0x4
 232 0043 05       		.byte	0x5
 233 0044 ED000000 		.4byte	.LASF4
 234 0048 02       		.uleb128 0x2
 235 0049 04       		.byte	0x4
 236 004a 07       		.byte	0x7
 237 004b 8D000000 		.4byte	.LASF5
 238 004f 02       		.uleb128 0x2
 239 0050 08       		.byte	0x8
 240 0051 05       		.byte	0x5
 241 0052 00000000 		.4byte	.LASF6
 242 0056 02       		.uleb128 0x2
 243 0057 08       		.byte	0x8
 244 0058 07       		.byte	0x7
 245 0059 9F000000 		.4byte	.LASF7
 246 005d 03       		.uleb128 0x3
 247 005e 04       		.byte	0x4
 248 005f 05       		.byte	0x5
 249 0060 696E7400 		.ascii	"int\000"
 250 0064 02       		.uleb128 0x2
 251 0065 04       		.byte	0x4
 252 0066 07       		.byte	0x7
 253 0067 21000000 		.4byte	.LASF8
 254 006b 04       		.uleb128 0x4
 255 006c 87000000 		.4byte	.LASF9
 256 0070 02       		.byte	0x2
 257 0071 5B       		.byte	0x5b
 258 0072 2C000000 		.4byte	0x2c
 259 0076 04       		.uleb128 0x4
 260 0077 0E000000 		.4byte	.LASF10
 261 007b 02       		.byte	0x2
 262 007c 5D       		.byte	0x5d
 263 007d 48000000 		.4byte	0x48
 264 0081 02       		.uleb128 0x2
 265 0082 04       		.byte	0x4
 266 0083 04       		.byte	0x4
 267 0084 54010000 		.4byte	.LASF11
 268 0088 02       		.uleb128 0x2
ARM GAS  C:\Users\dskyNote\AppData\Local\Temp\ccnHxzcB.s 			page 12


 269 0089 08       		.byte	0x8
 270 008a 04       		.byte	0x4
 271 008b F6000000 		.4byte	.LASF12
 272 008f 02       		.uleb128 0x2
 273 0090 01       		.byte	0x1
 274 0091 08       		.byte	0x8
 275 0092 E8000000 		.4byte	.LASF13
 276 0096 04       		.uleb128 0x4
 277 0097 82000000 		.4byte	.LASF14
 278 009b 02       		.byte	0x2
 279 009c F0       		.byte	0xf0
 280 009d A1000000 		.4byte	0xa1
 281 00a1 05       		.uleb128 0x5
 282 00a2 6B000000 		.4byte	0x6b
 283 00a6 04       		.uleb128 0x4
 284 00a7 11010000 		.4byte	.LASF15
 285 00ab 02       		.byte	0x2
 286 00ac F2       		.byte	0xf2
 287 00ad B1000000 		.4byte	0xb1
 288 00b1 05       		.uleb128 0x5
 289 00b2 76000000 		.4byte	0x76
 290 00b6 02       		.uleb128 0x2
 291 00b7 04       		.byte	0x4
 292 00b8 07       		.byte	0x7
 293 00b9 E8010000 		.4byte	.LASF16
 294 00bd 06       		.uleb128 0x6
 295 00be 02       		.byte	0x2
 296 00bf 03       		.byte	0x3
 297 00c0 78       		.byte	0x78
 298 00c1 DE000000 		.4byte	0xde
 299 00c5 07       		.uleb128 0x7
 300 00c6 15000000 		.4byte	.LASF17
 301 00ca 03       		.byte	0x3
 302 00cb 7A       		.byte	0x7a
 303 00cc 6B000000 		.4byte	0x6b
 304 00d0 00       		.byte	0
 305 00d1 07       		.uleb128 0x7
 306 00d2 E0010000 		.4byte	.LASF18
 307 00d6 03       		.byte	0x3
 308 00d7 8C       		.byte	0x8c
 309 00d8 6B000000 		.4byte	0x6b
 310 00dc 01       		.byte	0x1
 311 00dd 00       		.byte	0
 312 00de 04       		.uleb128 0x4
 313 00df 47000000 		.4byte	.LASF19
 314 00e3 03       		.byte	0x3
 315 00e4 A2       		.byte	0xa2
 316 00e5 BD000000 		.4byte	0xbd
 317 00e9 08       		.uleb128 0x8
 318 00ea 36010000 		.4byte	.LASF20
 319 00ee 01       		.byte	0x1
 320 00ef 5E       		.byte	0x5e
 321 00f0 00000000 		.4byte	.LFB0
 322 00f4 24000000 		.4byte	.LFE0-.LFB0
 323 00f8 01       		.uleb128 0x1
 324 00f9 9C       		.byte	0x9c
 325 00fa 09       		.uleb128 0x9
ARM GAS  C:\Users\dskyNote\AppData\Local\Temp\ccnHxzcB.s 			page 13


 326 00fb 2E000000 		.4byte	.LASF21
 327 00ff 01       		.byte	0x1
 328 0100 BA       		.byte	0xba
 329 0101 00000000 		.4byte	.LFB1
 330 0105 40000000 		.4byte	.LFE1-.LFB1
 331 0109 01       		.uleb128 0x1
 332 010a 9C       		.byte	0x9c
 333 010b 08       		.uleb128 0x8
 334 010c FD000000 		.4byte	.LASF22
 335 0110 01       		.byte	0x1
 336 0111 E7       		.byte	0xe7
 337 0112 00000000 		.4byte	.LFB2
 338 0116 1C000000 		.4byte	.LFE2-.LFB2
 339 011a 01       		.uleb128 0x1
 340 011b 9C       		.byte	0x9c
 341 011c 0A       		.uleb128 0xa
 342 011d 3A000000 		.4byte	.LASF23
 343 0121 01       		.byte	0x1
 344 0122 5701     		.2byte	0x157
 345 0124 00000000 		.4byte	.LFB3
 346 0128 24000000 		.4byte	.LFE3-.LFB3
 347 012c 01       		.uleb128 0x1
 348 012d 9C       		.byte	0x9c
 349 012e 0B       		.uleb128 0xb
 350 012f 47010000 		.4byte	.LASF27
 351 0133 01       		.byte	0x1
 352 0134 14       		.byte	0x14
 353 0135 DE000000 		.4byte	0xde
 354 0139 05       		.uleb128 0x5
 355 013a 03       		.byte	0x3
 356 013b 00000000 		.4byte	I2C_1_backup
 357 013f 00       		.byte	0
 358              		.section	.debug_abbrev,"",%progbits
 359              	.Ldebug_abbrev0:
 360 0000 01       		.uleb128 0x1
 361 0001 11       		.uleb128 0x11
 362 0002 01       		.byte	0x1
 363 0003 25       		.uleb128 0x25
 364 0004 0E       		.uleb128 0xe
 365 0005 13       		.uleb128 0x13
 366 0006 0B       		.uleb128 0xb
 367 0007 03       		.uleb128 0x3
 368 0008 0E       		.uleb128 0xe
 369 0009 1B       		.uleb128 0x1b
 370 000a 0E       		.uleb128 0xe
 371 000b 55       		.uleb128 0x55
 372 000c 17       		.uleb128 0x17
 373 000d 11       		.uleb128 0x11
 374 000e 01       		.uleb128 0x1
 375 000f 10       		.uleb128 0x10
 376 0010 17       		.uleb128 0x17
 377 0011 00       		.byte	0
 378 0012 00       		.byte	0
 379 0013 02       		.uleb128 0x2
 380 0014 24       		.uleb128 0x24
 381 0015 00       		.byte	0
 382 0016 0B       		.uleb128 0xb
ARM GAS  C:\Users\dskyNote\AppData\Local\Temp\ccnHxzcB.s 			page 14


 383 0017 0B       		.uleb128 0xb
 384 0018 3E       		.uleb128 0x3e
 385 0019 0B       		.uleb128 0xb
 386 001a 03       		.uleb128 0x3
 387 001b 0E       		.uleb128 0xe
 388 001c 00       		.byte	0
 389 001d 00       		.byte	0
 390 001e 03       		.uleb128 0x3
 391 001f 24       		.uleb128 0x24
 392 0020 00       		.byte	0
 393 0021 0B       		.uleb128 0xb
 394 0022 0B       		.uleb128 0xb
 395 0023 3E       		.uleb128 0x3e
 396 0024 0B       		.uleb128 0xb
 397 0025 03       		.uleb128 0x3
 398 0026 08       		.uleb128 0x8
 399 0027 00       		.byte	0
 400 0028 00       		.byte	0
 401 0029 04       		.uleb128 0x4
 402 002a 16       		.uleb128 0x16
 403 002b 00       		.byte	0
 404 002c 03       		.uleb128 0x3
 405 002d 0E       		.uleb128 0xe
 406 002e 3A       		.uleb128 0x3a
 407 002f 0B       		.uleb128 0xb
 408 0030 3B       		.uleb128 0x3b
 409 0031 0B       		.uleb128 0xb
 410 0032 49       		.uleb128 0x49
 411 0033 13       		.uleb128 0x13
 412 0034 00       		.byte	0
 413 0035 00       		.byte	0
 414 0036 05       		.uleb128 0x5
 415 0037 35       		.uleb128 0x35
 416 0038 00       		.byte	0
 417 0039 49       		.uleb128 0x49
 418 003a 13       		.uleb128 0x13
 419 003b 00       		.byte	0
 420 003c 00       		.byte	0
 421 003d 06       		.uleb128 0x6
 422 003e 13       		.uleb128 0x13
 423 003f 01       		.byte	0x1
 424 0040 0B       		.uleb128 0xb
 425 0041 0B       		.uleb128 0xb
 426 0042 3A       		.uleb128 0x3a
 427 0043 0B       		.uleb128 0xb
 428 0044 3B       		.uleb128 0x3b
 429 0045 0B       		.uleb128 0xb
 430 0046 01       		.uleb128 0x1
 431 0047 13       		.uleb128 0x13
 432 0048 00       		.byte	0
 433 0049 00       		.byte	0
 434 004a 07       		.uleb128 0x7
 435 004b 0D       		.uleb128 0xd
 436 004c 00       		.byte	0
 437 004d 03       		.uleb128 0x3
 438 004e 0E       		.uleb128 0xe
 439 004f 3A       		.uleb128 0x3a
ARM GAS  C:\Users\dskyNote\AppData\Local\Temp\ccnHxzcB.s 			page 15


 440 0050 0B       		.uleb128 0xb
 441 0051 3B       		.uleb128 0x3b
 442 0052 0B       		.uleb128 0xb
 443 0053 49       		.uleb128 0x49
 444 0054 13       		.uleb128 0x13
 445 0055 38       		.uleb128 0x38
 446 0056 0B       		.uleb128 0xb
 447 0057 00       		.byte	0
 448 0058 00       		.byte	0
 449 0059 08       		.uleb128 0x8
 450 005a 2E       		.uleb128 0x2e
 451 005b 00       		.byte	0
 452 005c 3F       		.uleb128 0x3f
 453 005d 19       		.uleb128 0x19
 454 005e 03       		.uleb128 0x3
 455 005f 0E       		.uleb128 0xe
 456 0060 3A       		.uleb128 0x3a
 457 0061 0B       		.uleb128 0xb
 458 0062 3B       		.uleb128 0x3b
 459 0063 0B       		.uleb128 0xb
 460 0064 27       		.uleb128 0x27
 461 0065 19       		.uleb128 0x19
 462 0066 11       		.uleb128 0x11
 463 0067 01       		.uleb128 0x1
 464 0068 12       		.uleb128 0x12
 465 0069 06       		.uleb128 0x6
 466 006a 40       		.uleb128 0x40
 467 006b 18       		.uleb128 0x18
 468 006c 9742     		.uleb128 0x2117
 469 006e 19       		.uleb128 0x19
 470 006f 00       		.byte	0
 471 0070 00       		.byte	0
 472 0071 09       		.uleb128 0x9
 473 0072 2E       		.uleb128 0x2e
 474 0073 00       		.byte	0
 475 0074 3F       		.uleb128 0x3f
 476 0075 19       		.uleb128 0x19
 477 0076 03       		.uleb128 0x3
 478 0077 0E       		.uleb128 0xe
 479 0078 3A       		.uleb128 0x3a
 480 0079 0B       		.uleb128 0xb
 481 007a 3B       		.uleb128 0x3b
 482 007b 0B       		.uleb128 0xb
 483 007c 27       		.uleb128 0x27
 484 007d 19       		.uleb128 0x19
 485 007e 11       		.uleb128 0x11
 486 007f 01       		.uleb128 0x1
 487 0080 12       		.uleb128 0x12
 488 0081 06       		.uleb128 0x6
 489 0082 40       		.uleb128 0x40
 490 0083 18       		.uleb128 0x18
 491 0084 9642     		.uleb128 0x2116
 492 0086 19       		.uleb128 0x19
 493 0087 00       		.byte	0
 494 0088 00       		.byte	0
 495 0089 0A       		.uleb128 0xa
 496 008a 2E       		.uleb128 0x2e
ARM GAS  C:\Users\dskyNote\AppData\Local\Temp\ccnHxzcB.s 			page 16


 497 008b 00       		.byte	0
 498 008c 3F       		.uleb128 0x3f
 499 008d 19       		.uleb128 0x19
 500 008e 03       		.uleb128 0x3
 501 008f 0E       		.uleb128 0xe
 502 0090 3A       		.uleb128 0x3a
 503 0091 0B       		.uleb128 0xb
 504 0092 3B       		.uleb128 0x3b
 505 0093 05       		.uleb128 0x5
 506 0094 27       		.uleb128 0x27
 507 0095 19       		.uleb128 0x19
 508 0096 11       		.uleb128 0x11
 509 0097 01       		.uleb128 0x1
 510 0098 12       		.uleb128 0x12
 511 0099 06       		.uleb128 0x6
 512 009a 40       		.uleb128 0x40
 513 009b 18       		.uleb128 0x18
 514 009c 9642     		.uleb128 0x2116
 515 009e 19       		.uleb128 0x19
 516 009f 00       		.byte	0
 517 00a0 00       		.byte	0
 518 00a1 0B       		.uleb128 0xb
 519 00a2 34       		.uleb128 0x34
 520 00a3 00       		.byte	0
 521 00a4 03       		.uleb128 0x3
 522 00a5 0E       		.uleb128 0xe
 523 00a6 3A       		.uleb128 0x3a
 524 00a7 0B       		.uleb128 0xb
 525 00a8 3B       		.uleb128 0x3b
 526 00a9 0B       		.uleb128 0xb
 527 00aa 49       		.uleb128 0x49
 528 00ab 13       		.uleb128 0x13
 529 00ac 3F       		.uleb128 0x3f
 530 00ad 19       		.uleb128 0x19
 531 00ae 02       		.uleb128 0x2
 532 00af 18       		.uleb128 0x18
 533 00b0 00       		.byte	0
 534 00b1 00       		.byte	0
 535 00b2 00       		.byte	0
 536              		.section	.debug_aranges,"",%progbits
 537 0000 34000000 		.4byte	0x34
 538 0004 0200     		.2byte	0x2
 539 0006 00000000 		.4byte	.Ldebug_info0
 540 000a 04       		.byte	0x4
 541 000b 00       		.byte	0
 542 000c 0000     		.2byte	0
 543 000e 0000     		.2byte	0
 544 0010 00000000 		.4byte	.LFB0
 545 0014 24000000 		.4byte	.LFE0-.LFB0
 546 0018 00000000 		.4byte	.LFB1
 547 001c 40000000 		.4byte	.LFE1-.LFB1
 548 0020 00000000 		.4byte	.LFB2
 549 0024 1C000000 		.4byte	.LFE2-.LFB2
 550 0028 00000000 		.4byte	.LFB3
 551 002c 24000000 		.4byte	.LFE3-.LFB3
 552 0030 00000000 		.4byte	0
 553 0034 00000000 		.4byte	0
ARM GAS  C:\Users\dskyNote\AppData\Local\Temp\ccnHxzcB.s 			page 17


 554              		.section	.debug_ranges,"",%progbits
 555              	.Ldebug_ranges0:
 556 0000 00000000 		.4byte	.LFB0
 557 0004 24000000 		.4byte	.LFE0
 558 0008 00000000 		.4byte	.LFB1
 559 000c 40000000 		.4byte	.LFE1
 560 0010 00000000 		.4byte	.LFB2
 561 0014 1C000000 		.4byte	.LFE2
 562 0018 00000000 		.4byte	.LFB3
 563 001c 24000000 		.4byte	.LFE3
 564 0020 00000000 		.4byte	0
 565 0024 00000000 		.4byte	0
 566              		.section	.debug_line,"",%progbits
 567              	.Ldebug_line0:
 568 0000 AF000000 		.section	.debug_str,"MS",%progbits,1
 568      02005200 
 568      00000201 
 568      FB0E0D00 
 568      01010101 
 569              	.LASF6:
 570 0000 6C6F6E67 		.ascii	"long long int\000"
 570      206C6F6E 
 570      6720696E 
 570      7400
 571              	.LASF10:
 572 000e 75696E74 		.ascii	"uint32\000"
 572      333200
 573              	.LASF17:
 574 0015 656E6162 		.ascii	"enableState\000"
 574      6C655374 
 574      61746500 
 575              	.LASF8:
 576 0021 756E7369 		.ascii	"unsigned int\000"
 576      676E6564 
 576      20696E74 
 576      00
 577              	.LASF21:
 578 002e 4932435F 		.ascii	"I2C_1_Sleep\000"
 578      315F536C 
 578      65657000 
 579              	.LASF23:
 580 003a 4932435F 		.ascii	"I2C_1_Wakeup\000"
 580      315F5761 
 580      6B657570 
 580      00
 581              	.LASF19:
 582 0047 4932435F 		.ascii	"I2C_1_BACKUP_STRUCT\000"
 582      315F4241 
 582      434B5550 
 582      5F535452 
 582      55435400 
 583              	.LASF26:
 584 005b 433A5C67 		.ascii	"C:\\gitData\\PSoC\\SFT1.0v\\Design01.cydsn\000"
 584      69744461 
 584      74615C50 
 584      536F435C 
 584      53465431 
ARM GAS  C:\Users\dskyNote\AppData\Local\Temp\ccnHxzcB.s 			page 18


 585              	.LASF14:
 586 0082 72656738 		.ascii	"reg8\000"
 586      00
 587              	.LASF9:
 588 0087 75696E74 		.ascii	"uint8\000"
 588      3800
 589              	.LASF5:
 590 008d 6C6F6E67 		.ascii	"long unsigned int\000"
 590      20756E73 
 590      69676E65 
 590      6420696E 
 590      7400
 591              	.LASF7:
 592 009f 6C6F6E67 		.ascii	"long long unsigned int\000"
 592      206C6F6E 
 592      6720756E 
 592      7369676E 
 592      65642069 
 593              	.LASF25:
 594 00b6 2E5C4765 		.ascii	".\\Generated_Source\\PSoC5\\I2C_1_PM.c\000"
 594      6E657261 
 594      7465645F 
 594      536F7572 
 594      63655C50 
 595              	.LASF1:
 596 00da 756E7369 		.ascii	"unsigned char\000"
 596      676E6564 
 596      20636861 
 596      7200
 597              	.LASF13:
 598 00e8 63686172 		.ascii	"char\000"
 598      00
 599              	.LASF4:
 600 00ed 6C6F6E67 		.ascii	"long int\000"
 600      20696E74 
 600      00
 601              	.LASF12:
 602 00f6 646F7562 		.ascii	"double\000"
 602      6C6500
 603              	.LASF22:
 604 00fd 4932435F 		.ascii	"I2C_1_RestoreConfig\000"
 604      315F5265 
 604      73746F72 
 604      65436F6E 
 604      66696700 
 605              	.LASF15:
 606 0111 72656733 		.ascii	"reg32\000"
 606      3200
 607              	.LASF3:
 608 0117 73686F72 		.ascii	"short unsigned int\000"
 608      7420756E 
 608      7369676E 
 608      65642069 
 608      6E7400
 609              	.LASF0:
 610 012a 7369676E 		.ascii	"signed char\000"
 610      65642063 
ARM GAS  C:\Users\dskyNote\AppData\Local\Temp\ccnHxzcB.s 			page 19


 610      68617200 
 611              	.LASF20:
 612 0136 4932435F 		.ascii	"I2C_1_SaveConfig\000"
 612      315F5361 
 612      7665436F 
 612      6E666967 
 612      00
 613              	.LASF27:
 614 0147 4932435F 		.ascii	"I2C_1_backup\000"
 614      315F6261 
 614      636B7570 
 614      00
 615              	.LASF11:
 616 0154 666C6F61 		.ascii	"float\000"
 616      7400
 617              	.LASF2:
 618 015a 73686F72 		.ascii	"short int\000"
 618      7420696E 
 618      7400
 619              	.LASF24:
 620 0164 474E5520 		.ascii	"GNU C 4.8.4 20140526 (release) [ARM/embedded-4_8-br"
 620      4320342E 
 620      382E3420 
 620      32303134 
 620      30353236 
 621 0197 616E6368 		.ascii	"anch revision 211358] -mcpu=cortex-m3 -mthumb -g -O"
 621      20726576 
 621      6973696F 
 621      6E203231 
 621      31333538 
 622 01ca 30202D66 		.ascii	"0 -ffunction-sections\000"
 622      66756E63 
 622      74696F6E 
 622      2D736563 
 622      74696F6E 
 623              	.LASF18:
 624 01e0 636F6E74 		.ascii	"control\000"
 624      726F6C00 
 625              	.LASF16:
 626 01e8 73697A65 		.ascii	"sizetype\000"
 626      74797065 
 626      00
 627              		.ident	"GCC: (GNU Tools for ARM Embedded Processors) 4.8.4 20140526 (release) [ARM/embedded-4_8-br
